<testsuites name="storm-trident" time="165.739904" tests="16" skipped="5">
	<testsuite name="base_vm-host" tests="16" failures="0" errors="0" id="0" skipped="5" time="165.739904">
		<testcase name="install-vm-deps" classname="" status="SKIP">
			<skipped message="local run" type="Skipped"></skipped>
		</testcase>
		<testcase name="prepare-hc" classname="" time="0.187712" status="PASS">
			<system-out></system-out>
		</testcase>
		<testcase name="setup-test-host" classname="" time="0.282202" status="PASS">
			<system-out><![CDATA[DEBU[0000] Connecting to libvirt at 'qemu:///system'    
DEBU[0000] Connecting to libvirt at 'qemu:///system'    
TRAC[0000] Leased IP 192.168.242.2 to trident-e2e-base_vm-host-vm-0 (MAC 52:54:00:04:36:2f) 
TRAC[0000] Network trident-e2e-base_vm-host-network does not exist, skipping deletion 
TRAC[0000] Defining network with XML:
<network>
  <name>trident-e2e-base_vm-host-network</name>
  <forward mode="nat"></forward>
  <domain name="trident-e2e-base_vm-host-network"></domain>
  <ip address="192.168.242.1" netmask="255.255.255.0">
    <dhcp>
      <range start="192.168.242.2" end="192.168.242.254"></range>
      <host mac="52:54:00:04:36:2f" name="trident-e2e-base_vm-host-vm-0" ip="192.168.242.2"></host>
    </dhcp>
  </ip>
</network> 
INFO[0000] Created and started network 'trident-e2e-base_vm-host-network' 
TRAC[0000] Storage pool trident-e2e-base_vm-host-pool does not exist, skipping deletion 
TRAC[0000] Defining storage pool with XML:
<pool type="dir">
  <name>trident-e2e-base_vm-host-pool</name>
  <target>
    <path>/var/lib/libvirt/trident-e2e-base_vm-host</path>
    <permissions>
      <owner>-1</owner>
      <group>-1</group>
      <mode>0755</mode>
    </permissions>
  </target>
</pool> 
INFO[0000] Created and started storage pool 'trident-e2e-base_vm-host-pool' 
TRAC[0000] Storage pool trident-e2e-base_vm-host-nvram-pool does not exist, skipping deletion 
TRAC[0000] Defining storage pool with XML:
<pool type="dir">
  <name>trident-e2e-base_vm-host-nvram-pool</name>
  <target>
    <path>/var/lib/trident-e2e-base_vm-host-nvram</path>
    <permissions>
      <owner>-1</owner>
      <group>-1</group>
      <mode>0777</mode>
    </permissions>
  </target>
</pool> 
INFO[0000] Created and started storage pool 'trident-e2e-base_vm-host-nvram-pool' 
TRAC[0000] Domain trident-e2e-base_vm-host-vm-0 does not exist, skipping deletion 
DEBU[0000] Setting up volume 'trident-e2e-base_vm-host-vm-0_VARS.fd' at path '/var/lib/trident-e2e-base_vm-host-nvram/trident-e2e-base_vm-host-vm-0_VARS.fd' 
TRAC[0000] Volume trident-e2e-base_vm-host-vm-0_VARS.fd does not exist, skipping deletion 
TRAC[0000] Defining volume with XML:
<volume>
  <name>trident-e2e-base_vm-host-vm-0_VARS.fd</name>
  <capacity unit="G">0</capacity>
  <target>
    <path>/var/lib/trident-e2e-base_vm-host-nvram/trident-e2e-base_vm-host-vm-0_VARS.fd</path>
    <format type="raw"></format>
    <permissions>
      <mode>0666</mode>
    </permissions>
  </target>
</volume> 
DEBU[0000] No OS disk specified for volume 'trident-e2e-base_vm-host-vm-0_VARS.fd', creating blank disk 
INFO[0000] Created volume 'trident-e2e-base_vm-host-vm-0_VARS.fd' 
DEBU[0000] Uploading NVRAM template from /usr/share/OVMF/OVMF_VARS_4M.ms.fd to /var/lib/trident-e2e-base_vm-host-nvram/trident-e2e-base_vm-host-vm-0_VARS.fd 
DEBU[0000] Uploading 540672 bytes from file '/usr/share/OVMF/OVMF_VARS_4M.ms.fd' to volume 'trident-e2e-base_vm-host-vm-0_VARS.fd' 
INFO[0000] Uploaded file '/usr/share/OVMF/OVMF_VARS_4M.ms.fd' to volume 'trident-e2e-base_vm-host-vm-0_VARS.fd' 
DEBU[0000] Setting up volume 'trident-e2e-base_vm-host-vm-0-volume-0.qcow2' at path '/var/lib/libvirt/trident-e2e-base_vm-host/trident-e2e-base_vm-host-vm-0-volume-0.qcow2' 
TRAC[0000] Volume trident-e2e-base_vm-host-vm-0-volume-0.qcow2 does not exist, skipping deletion 
TRAC[0000] Defining volume with XML:
<volume>
  <name>trident-e2e-base_vm-host-vm-0-volume-0.qcow2</name>
  <capacity unit="G">32</capacity>
  <target>
    <path>/var/lib/libvirt/trident-e2e-base_vm-host/trident-e2e-base_vm-host-vm-0-volume-0.qcow2</path>
    <format type="qcow2"></format>
    <permissions>
      <mode>0644</mode>
    </permissions>
  </target>
</volume> 
DEBU[0000] No OS disk specified for volume 'trident-e2e-base_vm-host-vm-0-volume-0.qcow2', creating blank disk 
INFO[0000] Created volume 'trident-e2e-base_vm-host-vm-0-volume-0.qcow2' 
DEBU[0000] Setting up volume 'trident-e2e-base_vm-host-vm-0-volume-1.qcow2' at path '/var/lib/libvirt/trident-e2e-base_vm-host/trident-e2e-base_vm-host-vm-0-volume-1.qcow2' 
TRAC[0000] Volume trident-e2e-base_vm-host-vm-0-volume-1.qcow2 does not exist, skipping deletion 
TRAC[0000] Defining volume with XML:
<volume>
  <name>trident-e2e-base_vm-host-vm-0-volume-1.qcow2</name>
  <capacity unit="G">32</capacity>
  <target>
    <path>/var/lib/libvirt/trident-e2e-base_vm-host/trident-e2e-base_vm-host-vm-0-volume-1.qcow2</path>
    <format type="qcow2"></format>
    <permissions>
      <mode>0644</mode>
    </permissions>
  </target>
</volume> 
DEBU[0000] No OS disk specified for volume 'trident-e2e-base_vm-host-vm-0-volume-1.qcow2', creating blank disk 
INFO[0000] Created volume 'trident-e2e-base_vm-host-vm-0-volume-1.qcow2' 
TRAC[0000] Defining domain with XML:
<domain type="kvm">
  <name>trident-e2e-base_vm-host-vm-0</name>
  <memory unit="GiB">12</memory>
  <vcpu>4</vcpu>
  <sysinfo type="smbios">
    <oemStrings>
      <entry>virtdeploy:1</entry>
    </oemStrings>
  </sysinfo>
  <os>
    <type arch="x86_64" machine="q35">hvm</type>
    <loader readonly="yes" type="pflash">/usr/share/OVMF/OVMF_CODE_4M.ms.fd</loader>
    <nvram template="/usr/share/OVMF/OVMF_VARS_4M.ms.fd">/var/lib/trident-e2e-base_vm-host-nvram/trident-e2e-base_vm-host-vm-0_VARS.fd</nvram>
    <smbios mode="sysinfo"></smbios>
  </os>
  <features>
    <acpi></acpi>
    <apic></apic>
    <vmport state="off"></vmport>
  </features>
  <cpu match="exact" check="none">
    <model fallback="allow">Broadwell-IBRS</model>
    <feature policy="require" name="vmx"></feature>
  </cpu>
  <clock offset="utc">
    <timer name="rtc" tickpolicy="catchup"></timer>
    <timer name="pit" tickpolicy="delay"></timer>
    <timer name="hpet" present="no"></timer>
  </clock>
  <pm>
    <suspend-to-mem enabled="no"></suspend-to-mem>
    <suspend-to-disk enabled="no"></suspend-to-disk>
  </pm>
  <devices>
    <emulator>/usr/bin/qemu-system-x86_64</emulator>
    <disk type="file" device="disk">
      <driver name="qemu" type="qcow2"></driver>
      <source file="/var/lib/libvirt/trident-e2e-base_vm-host/trident-e2e-base_vm-host-vm-0-volume-0.qcow2"></source>
      <target dev="sda" bus="sata"></target>
      <address type="drive" controller="0" bus="0" target="0" unit="1"></address>
    </disk>
    <disk type="file" device="disk">
      <driver name="qemu" type="qcow2"></driver>
      <source file="/var/lib/libvirt/trident-e2e-base_vm-host/trident-e2e-base_vm-host-vm-0-volume-1.qcow2"></source>
      <target dev="sdb" bus="sata"></target>
      <address type="drive" controller="0" bus="0" target="0" unit="2"></address>
    </disk>
    <disk device="cdrom">
      <driver name="qemu" type="raw"></driver>
      <target dev="sdz" bus="sata"></target>
      <readonly></readonly>
      <address type="drive" controller="1" bus="0" target="0" unit="1"></address>
    </disk>
    <controller type="usb" index="0" model="ich9-ehci1"></controller>
    <controller type="usb" index="0" model="ich9-uhci1">
      <master startport="0"></master>
    </controller>
    <controller type="usb" index="0" model="ich9-uhci2">
      <master startport="2"></master>
    </controller>
    <controller type="usb" index="0" model="ich9-uhci3">
      <master startport="4"></master>
    </controller>
    <interface type="network">
      <mac address="52:54:00:04:36:2f"></mac>
      <source network="trident-e2e-base_vm-host-network"></source>
      <model type="virtio"></model>
    </interface>
    <serial type="pty">
      <source path="/dev/pts/2"></source>
      <target port="0"></target>
      <log file="/tmp/trident-e2e-base_vm-host-vm-0-serial0.log" append="off"></log>
    </serial>
    <console type="pty"></console>
    <channel type="spicevmc">
      <target type="virtio" name="com.redhat.spice.0"></target>
    </channel>
    <input type="tablet" bus="usb"></input>
    <tpm model="tpm-tis">
      <backend type="emulator" version="2.0"></backend>
    </tpm>
    <graphics type="spice" port="-1" tlsPort="-1" autoport="yes">
      <image compression="off"></image>
    </graphics>
    <sound model="ich6"></sound>
    <video>
      <model type="qxl"></model>
    </video>
    <redirdev type="spicevmc" bus="usb"></redirdev>
    <redirdev type="spicevmc" bus="usb"></redirdev>
  </devices>
  <commandline xmlns="http://libvirt.org/schemas/domain/qemu/1.0"></commandline>
</domain> 
INFO[0000] Created domain 'trident-e2e-base_vm-host-vm-0' ]]></system-out>
		</testcase>
		<testcase name="install-os" classname="" time="101.577522" status="PASS">
			<system-out><![CDATA[INFO[0000] Using host config:
image:
    sha384: ignored
    url: http://NETLAUNCH_HOST_ADDRESS/files/regular.cosi
os:
    netplan:
        ethernets:
            vmeths:
                dhcp4: true
                match:
                    name: enp*
        version: 2
    selinux:
        mode: enforcing
    users:
        - name: testing-user
          sshMode: key-only
          sshPublicKeys:
            - |
              ssh-rsa AAAAB3NzaC1yc2EAAAADAQABAAABAQC1FqpKgHFSbuv9FiZ/xpdPL5eD+xJLn6bvrIhG6ZpeOdS3/IP6BzZowYQpcXGPrP8qsUHh+sWGTpSyrY886asZjpGeY8jMp4x/Wfq28CY6V03fBpAsA8MvyRyrtKJUmpBHVZmx0m7S7L4uqzeI3DoggJ+/xfBYEtaXOmP+OeFpO4Pj529ZzP44zozjiO1/4X2T9hpyJccSvj/r7Pkyjykxj+AsgTsAXhyB3IpxoPc+RiZMZexneN0s1uAZyWQKcl1kEnWMjf4/NvApFhFU34QHC4ro8nNzjuEpk3dK+nHnDuSdUWv9LU2CUGfQpwGzykoh5fofb1DsCrok/beJPI73
scripts:
    postConfigure:
        - content: echo 'testing-user ALL=(ALL:ALL) NOPASSWD:ALL' > /etc/sudoers.d/testing-user
          name: testing-privilege
          runOn:
            - clean-install
            - ab-update
storage:
    abUpdate:
        volumePairs:
            - id: root
              volumeAId: root-a
              volumeBId: root-b
    disks:
        - device: /dev/disk/by-path/pci-0000:00:1f.2-ata-2
          id: os
          partitionTableType: gpt
          partitions:
            - id: root-a
              size: 8G
              type: root
            - id: root-b
              size: 8G
              type: root
            - id: esp
              size: 1G
              type: esp
            - id: swap
              size: 2G
              type: swap
            - id: home
              size: 1G
              type: home
            - id: trident
              size: 1G
              type: linux-generic
        - device: /dev/disk/by-path/pci-0000:00:1f.2-ata-3
          id: disk2
          partitionTableType: gpt
          partitions: []
    filesystems:
        - deviceId: trident
          mountPoint: /var/lib/trident
          source: new
        - deviceId: home
          mountPoint: /home
          source: new
        - deviceId: esp
          mountPoint:
            options: umask=0077
            path: /boot/efi
        - deviceId: root
          mountPoint: /
    swap:
        - swap 
WARN[0000] No announce IP specified. Attempting to find default outbound IP to announce. 
TRAC[0000] Checking Route: {Ifindex: 2 Dst: 0.0.0.0/0 Src: 10.91.162.60 Gw: 10.91.160.1 Flags: [] Table: 254 Realm: 0} 
INFO[0000] Announcing address                            address="10.91.162.60:4000"
INFO[0000] Using Trident config file: /tmp/hc-tmp-960555467 
INFO[0000] Listening...                                  address="0.0.0.0:4000"
INFO[0000] Using local VM                               
INFO[0000] Initializing VM with UUID '808030b3-4a24-47d2-95aa-e14b97faf97d' 
TRAC[0000] Domain XML:
<domain type='kvm'>
  <name>trident-e2e-base_vm-host-vm-0</name>
  <uuid>808030b3-4a24-47d2-95aa-e14b97faf97d</uuid>
  <memory unit='KiB'>12582912</memory>
  <currentMemory unit='KiB'>12582912</currentMemory>
  <vcpu placement='static'>4</vcpu>
  <sysinfo type='smbios'>
    <oemStrings>
      <entry>virtdeploy:1</entry>
    </oemStrings>
  </sysinfo>
  <os firmware='efi'>
    <type arch='x86_64' machine='pc-q35-10.2'>hvm</type>
    <firmware>
      <feature enabled='yes' name='enrolled-keys'/>
      <feature enabled='yes' name='secure-boot'/>
    </firmware>
    <loader readonly='yes' secure='yes' type='pflash' format='raw'>/usr/share/OVMF/OVMF_CODE_4M.ms.fd</loader>
    <nvram template='/usr/share/OVMF/OVMF_VARS_4M.ms.fd' templateFormat='raw' format='raw'>/var/lib/trident-e2e-base_vm-host-nvram/trident-e2e-base_vm-host-vm-0_VARS.fd</nvram>
    <boot dev='hd'/>
    <smbios mode='sysinfo'/>
  </os>
  <features>
    <acpi/>
    <apic/>
    <vmport state='off'/>
    <smm state='on'/>
  </features>
  <cpu mode='custom' match='exact' check='none'>
    <model fallback='allow'>Broadwell-IBRS</model>
    <feature policy='require' name='vmx'/>
  </cpu>
  <clock offset='utc'>
    <timer name='rtc' tickpolicy='catchup'/>
    <timer name='pit' tickpolicy='delay'/>
    <timer name='hpet' present='no'/>
  </clock>
  <on_poweroff>destroy</on_poweroff>
  <on_reboot>restart</on_reboot>
  <on_crash>destroy</on_crash>
  <pm>
    <suspend-to-mem enabled='no'/>
    <suspend-to-disk enabled='no'/>
  </pm>
  <devices>
    <emulator>/usr/bin/qemu-system-x86_64</emulator>
    <disk type='file' device='disk'>
      <driver name='qemu' type='qcow2'/>
      <source file='/var/lib/libvirt/trident-e2e-base_vm-host/trident-e2e-base_vm-host-vm-0-volume-0.qcow2'/>
      <target dev='sda' bus='sata'/>
      <address type='drive' controller='0' bus='0' target='0' unit='1'/>
    </disk>
    <disk type='file' device='disk'>
      <driver name='qemu' type='qcow2'/>
      <source file='/var/lib/libvirt/trident-e2e-base_vm-host/trident-e2e-base_vm-host-vm-0-volume-1.qcow2'/>
      <target dev='sdb' bus='sata'/>
      <address type='drive' controller='0' bus='0' target='0' unit='2'/>
    </disk>
    <disk type='file' device='cdrom'>
      <driver name='qemu' type='raw'/>
      <target dev='sdz' bus='sata'/>
      <readonly/>
      <address type='drive' controller='1' bus='0' target='0' unit='1'/>
    </disk>
    <controller type='usb' index='0' model='ich9-ehci1'>
      <address type='pci' domain='0x0000' bus='0x00' slot='0x1d' function='0x7'/>
    </controller>
    <controller type='usb' index='0' model='ich9-uhci1'>
      <master startport='0'/>
      <address type='pci' domain='0x0000' bus='0x00' slot='0x1d' function='0x0' multifunction='on'/>
    </controller>
    <controller type='usb' index='0' model='ich9-uhci2'>
      <master startport='2'/>
      <address type='pci' domain='0x0000' bus='0x00' slot='0x1d' function='0x1'/>
    </controller>
    <controller type='usb' index='0' model='ich9-uhci3'>
      <master startport='4'/>
      <address type='pci' domain='0x0000' bus='0x00' slot='0x1d' function='0x2'/>
    </controller>
    <controller type='sata' index='0'>
      <address type='pci' domain='0x0000' bus='0x00' slot='0x1f' function='0x2'/>
    </controller>
    <controller type='sata' index='1'>
      <address type='pci' domain='0x0000' bus='0x03' slot='0x02' function='0x0'/>
    </controller>
    <controller type='pci' index='0' model='pcie-root'/>
    <controller type='pci' index='1' model='pcie-root-port'>
      <model name='pcie-root-port'/>
      <target chassis='1' port='0x10'/>
      <address type='pci' domain='0x0000' bus='0x00' slot='0x02' function='0x0' multifunction='on'/>
    </controller>
    <controller type='pci' index='2' model='pcie-root-port'>
      <model name='pcie-root-port'/>
      <target chassis='2' port='0x11'/>
      <address type='pci' domain='0x0000' bus='0x00' slot='0x02' function='0x1'/>
    </controller>
    <controller type='pci' index='3' model='pcie-to-pci-bridge'>
      <model name='pcie-pci-bridge'/>
      <address type='pci' domain='0x0000' bus='0x01' slot='0x00' function='0x0'/>
    </controller>
    <controller type='pci' index='4' model='pcie-root-port'>
      <model name='pcie-root-port'/>
      <target chassis='4' port='0x12'/>
      <address type='pci' domain='0x0000' bus='0x00' slot='0x02' function='0x2'/>
    </controller>
    <controller type='pci' index='5' model='pcie-root-port'>
      <model name='pcie-root-port'/>
      <target chassis='5' port='0x13'/>
      <address type='pci' domain='0x0000' bus='0x00' slot='0x02' function='0x3'/>
    </controller>
    <controller type='pci' index='6' model='pcie-root-port'>
      <model name='pcie-root-port'/>
      <target chassis='6' port='0x14'/>
      <address type='pci' domain='0x0000' bus='0x00' slot='0x02' function='0x4'/>
    </controller>
    <controller type='virtio-serial' index='0'>
      <address type='pci' domain='0x0000' bus='0x04' slot='0x00' function='0x0'/>
    </controller>
    <interface type='network'>
      <mac address='52:54:00:04:36:2f'/>
      <source network='trident-e2e-base_vm-host-network'/>
      <model type='virtio'/>
      <address type='pci' domain='0x0000' bus='0x02' slot='0x00' function='0x0'/>
    </interface>
    <serial type='pty'>
      <log file='/tmp/trident-e2e-base_vm-host-vm-0-serial0.log' append='off'/>
      <target type='isa-serial' port='0'>
        <model name='isa-serial'/>
      </target>
    </serial>
    <console type='pty'>
      <log file='/tmp/trident-e2e-base_vm-host-vm-0-serial0.log' append='off'/>
      <target type='serial' port='0'/>
    </console>
    <channel type='spicevmc'>
      <target type='virtio' name='com.redhat.spice.0'/>
      <address type='virtio-serial' controller='0' bus='0' port='1'/>
    </channel>
    <input type='tablet' bus='usb'>
      <address type='usb' bus='0' port='1'/>
    </input>
    <input type='mouse' bus='ps2'/>
    <input type='keyboard' bus='ps2'/>
    <tpm model='tpm-tis'>
      <backend type='emulator' version='2.0'/>
    </tpm>
    <graphics type='spice' autoport='yes'>
      <listen type='address'/>
      <image compression='off'/>
    </graphics>
    <sound model='ich6'>
      <address type='pci' domain='0x0000' bus='0x03' slot='0x01' function='0x0'/>
    </sound>
    <audio id='1' type='spice'/>
    <video>
      <model type='qxl' ram='65536' vram='65536' vgamem='16384' heads='1' primary='yes'/>
      <address type='pci' domain='0x0000' bus='0x00' slot='0x01' function='0x0'/>
    </video>
    <redirdev bus='usb' type='spicevmc'>
      <address type='usb' bus='0' port='2'/>
    </redirdev>
    <redirdev bus='usb' type='spicevmc'>
      <address type='usb' bus='0' port='3'/>
    </redirdev>
    <watchdog model='itco' action='reset'/>
    <memballoon model='virtio'>
      <address type='pci' domain='0x0000' bus='0x05' slot='0x00' function='0x0'/>
    </memballoon>
  </devices>
</domain> 
DEBU[0000] Extracted NVRAM path: /var/lib/trident-e2e-base_vm-host-nvram/trident-e2e-base_vm-host-vm-0_VARS.fd 
INFO[0002] Setting SecureBoot to enabled                
INFO[0003] Set boot URI to http://10.91.162.60:4000/provision.iso and set SecureBoot to true 
INFO[0003] Starting VM 'trident-e2e-base_vm-host-vm-0'  
INFO[0004] ISO deployed!                                
INFO[0004] Waiting for phone home...                    
INFO[0013] BMC has requested the ISO!                    address="192.168.242.2:1669"
INFO[0047] Trident connected from 192.168.242.2:50466   
INFO[0047] Trident started (connection attempt 0)        host_status= state=started
DEBU[0047] [REMOTE trident::orchestrate] Reporting status to orchestrator at http://10.91.162.60:4000/phonehome, attempt connection for 60 seconds  file=crates/trident/src/orchestrate.rs line=37 module="trident::orchestrate"
DEBU[0047] [REMOTE trident::orchestrate] Connected to orchestrator  file=crates/trident/src/orchestrate.rs line=61 module="trident::orchestrate"
INFO[0047] [REMOTE trident] Running Trident version: 0.26.0-2026071402.v44567e0  file=crates/trident/src/lib.rs line=206 module=trident
DEBU[0047] [REMOTE trident] Trident is running in SELinux domain 'system_u:system_r:trident_t:s0 '  file=crates/trident/src/lib.rs line=217 module=trident
DEBU[0047] [REMOTE trident::datastore] Creating temporary datastore at /var/lib/trident/datastore.sqlite  file=crates/trident/src/datastore.rs line=27 module="trident::datastore"
DEBU[0047] [REMOTE trident] Execute and record error with servicing state: NotProvisioned and last error: None  file=crates/trident/src/lib.rs line=300 module=trident
DEBU[0047] [REMOTE trident_api::config::host::storage::storage_graph::builder] Building storage graph  file=crates/trident_api/src/config/host/storage/storage_graph/builder/mod.rs line=72 module="trident_api::config::host::storage::storage_graph::builder"
DEBU[0047] [REMOTE trident_api::config::host::storage::storage_graph::builder] Storage graph built successfully with 14 nodes and 7 edges  file=crates/trident_api/src/config/host/storage/storage_graph/builder/mod.rs line=129 module="trident_api::config::host::storage::storage_graph::builder"
DEBU[0047] [REMOTE trident::osimage] Attempting to load COSI file from 'http://10.91.162.60:4000/files/regular.cosi'  file=crates/trident/src/osimage/mod.rs line=76 module="trident::osimage"
DEBU[0047] [REMOTE trident::io_utils::file_reader] Loading file from URL: 'http://10.91.162.60:4000/files/regular.cosi'  file=crates/trident/src/io_utils/file_reader.rs line=63 module="trident::io_utils::file_reader"
DEBU[0047] [REMOTE trident::io_utils::http::file] Opening HTTP file 'http://10.91.162.60:4000/files/regular.cosi'  file=crates/trident/src/io_utils/http/file.rs line=92 module="trident::io_utils::http::file"
DEBU[0047] [REMOTE trident::io_utils::http::file] Successfully queried HTTP file 'http://10.91.162.60:4000/files/regular.cosi' of size: 180573184  file=crates/trident/src/io_utils/http/file.rs line=148 module="trident::io_utils::http::file"
DEBU[0047] [REMOTE trident::osimage::cosi] Successfully read COSI metadata [v1.2]  file=crates/trident/src/osimage/cosi/mod.rs line=668 module="trident::osimage::cosi"
INFO[0047] [REMOTE trident::osimage] Loaded COSI file from 'http://10.91.162.60:4000/files/regular.cosi' with hash '81533a5eff61585fe4de173c38d9644f5a390fbc9ab9f0cb029b42ef9cd7132ad583fc8f513dc41f8db29adaf9306ab1'  file=crates/trident/src/osimage/mod.rs line=85 module="trident::osimage"
DEBU[0047] [REMOTE trident::osimage] OS image provides the following mount points: /  file=crates/trident/src/osimage/mod.rs line=101 module="trident::osimage"
DEBU[0047] [REMOTE trident] Host Configuration has been updated  file=crates/trident/src/lib.rs line=499 module=trident
INFO[0047] [REMOTE trident::engine::clean_install] Starting clean install  file=crates/trident/src/engine/clean_install.rs line=51 module="trident::engine::clean_install"
DEBU[0047] [REMOTE trident::engine::clean_install] Performing safety check for clean install  file=crates/trident/src/engine/clean_install.rs line=70 module="trident::engine::clean_install"
DEBU[0047] [REMOTE osutils::installation_media] Live media boot detected  file=crates/osutils/src/installation_media.rs line=29 module="osutils::installation_media"
DEBU[0047] [REMOTE trident::engine::clean_install] Trident is running from a live image  file=crates/trident/src/engine/clean_install.rs line=113 module="trident::engine::clean_install"
INFO[0047] [REMOTE trident::engine::clean_install] Safety check passed  file=crates/trident/src/engine/clean_install.rs line=72 module="trident::engine::clean_install"
DEBU[0047] [REMOTE trident::engine] Rebuilding storage graph for engine context  file=crates/trident/src/engine/mod.rs line=463 module="trident::engine"
INFO[0047] [REMOTE trident::engine] Starting step 'Validate'  file=crates/trident/src/engine/mod.rs line=283 module="trident::engine"
DEBU[0047] [REMOTE trident::engine] Starting step 'Validate' for subsystem 'mos-config'  file=crates/trident/src/engine/mod.rs line=286 module="trident::engine"
DEBU[0047] [REMOTE trident::engine] Starting step 'Validate' for subsystem 'esp'  file=crates/trident/src/engine/mod.rs line=286 module="trident::engine"
DEBU[0047] [REMOTE trident::engine] Starting step 'Validate' for subsystem 'storage'  file=crates/trident/src/engine/mod.rs line=286 module="trident::engine"
DEBU[0047] [REMOTE trident::subsystems::storage::osimage] Validating Host Configuration filesystems against OS image  file=crates/trident/src/subsystems/storage/osimage.rs line=52 module="trident::subsystems::storage::osimage"
DEBU[0047] [REMOTE trident::subsystems::storage::osimage] Validating uniqueness of OS image filesystem UUIDs  file=crates/trident/src/subsystems/storage/osimage.rs line=55 module="trident::subsystems::storage::osimage"
DEBU[0047] [REMOTE trident::subsystems::storage::osimage] Validating Host Configuration verity configuration against OS image  file=crates/trident/src/subsystems/storage/osimage.rs line=58 module="trident::subsystems::storage::osimage"
DEBU[0047] [REMOTE trident::subsystems::storage::osimage] Validating ESP image in OS image  file=crates/trident/src/subsystems/storage/osimage.rs line=61 module="trident::subsystems::storage::osimage"
DEBU[0047] [REMOTE trident::subsystems::storage::osimage] Validating filesystem mounted at or containing /boot  file=crates/trident/src/subsystems/storage/osimage.rs line=64 module="trident::subsystems::storage::osimage"
DEBU[0047] [REMOTE trident::subsystems::storage::osimage] Validating filesystems in OS image fit in their corresponding block devices  file=crates/trident/src/subsystems/storage/osimage.rs line=72 module="trident::subsystems::storage::osimage"
DEBU[0047] [REMOTE trident::subsystems::storage::osimage] Found filesystem with size 864.7M and block device with size 8.0G for device 'root'  file=crates/trident/src/subsystems/storage/osimage.rs line=575 module="trident::subsystems::storage::osimage"
DEBU[0047] [REMOTE trident::engine] Starting step 'Validate' for subsystem 'boot'  file=crates/trident/src/engine/mod.rs line=286 module="trident::engine"
DEBU[0047] [REMOTE trident::engine] Starting step 'Validate' for subsystem 'network'  file=crates/trident/src/engine/mod.rs line=286 module="trident::engine"
DEBU[0047] [REMOTE trident::engine] Starting step 'Validate' for subsystem 'os-config'  file=crates/trident/src/engine/mod.rs line=286 module="trident::engine"
DEBU[0047] [REMOTE trident::engine] Starting step 'Validate' for subsystem 'management'  file=crates/trident/src/engine/mod.rs line=286 module="trident::engine"
DEBU[0047] [REMOTE trident::engine] Starting step 'Validate' for subsystem 'extensions'  file=crates/trident/src/engine/mod.rs line=286 module="trident::engine"
DEBU[0047] [REMOTE trident::engine] Starting step 'Validate' for subsystem 'hooks'  file=crates/trident/src/engine/mod.rs line=286 module="trident::engine"
DEBU[0047] [REMOTE trident::engine] Starting step 'Validate' for subsystem 'initrd'  file=crates/trident/src/engine/mod.rs line=286 module="trident::engine"
DEBU[0047] [REMOTE trident::engine] Starting step 'Validate' for subsystem 'selinux'  file=crates/trident/src/engine/mod.rs line=286 module="trident::engine"
DEBU[0047] [REMOTE trident::engine] Finished step 'Validate'  file=crates/trident/src/engine/mod.rs line=301 module="trident::engine"
DEBU[0047] [REMOTE trident::engine::clean_install] Clearing saved Host Status  file=crates/trident/src/engine/clean_install.rs line=208 module="trident::engine::clean_install"
INFO[0047] [REMOTE trident::engine] Starting step 'Prepare'  file=crates/trident/src/engine/mod.rs line=306 module="trident::engine"
DEBU[0047] [REMOTE trident::engine] Starting step 'Prepare' for subsystem 'mos-config'  file=crates/trident/src/engine/mod.rs line=309 module="trident::engine"
DEBU[0047] [REMOTE trident::engine] Starting step 'Prepare' for subsystem 'esp'  file=crates/trident/src/engine/mod.rs line=309 module="trident::engine"
DEBU[0047] [REMOTE trident::engine] Starting step 'Prepare' for subsystem 'storage'  file=crates/trident/src/engine/mod.rs line=309 module="trident::engine"
DEBU[0047] [REMOTE trident::engine] Starting step 'Prepare' for subsystem 'boot'  file=crates/trident/src/engine/mod.rs line=309 module="trident::engine"
DEBU[0047] [REMOTE trident::engine] Starting step 'Prepare' for subsystem 'network'  file=crates/trident/src/engine/mod.rs line=309 module="trident::engine"
DEBU[0047] [REMOTE trident::engine] Starting step 'Prepare' for subsystem 'os-config'  file=crates/trident/src/engine/mod.rs line=309 module="trident::engine"
DEBU[0047] [REMOTE trident::engine] Starting step 'Prepare' for subsystem 'management'  file=crates/trident/src/engine/mod.rs line=309 module="trident::engine"
DEBU[0047] [REMOTE trident::engine] Starting step 'Prepare' for subsystem 'extensions'  file=crates/trident/src/engine/mod.rs line=309 module="trident::engine"
DEBU[0047] [REMOTE trident::subsystems::extensions] Skipping step 'prepare' because servicing type is not RuntimeUpdate.  file=crates/trident/src/subsystems/extensions/mod.rs line=120 module="trident::subsystems::extensions"
DEBU[0047] [REMOTE trident::engine] Starting step 'Prepare' for subsystem 'hooks'  file=crates/trident/src/engine/mod.rs line=309 module="trident::engine"
DEBU[0047] [REMOTE trident::engine] Starting step 'Prepare' for subsystem 'initrd'  file=crates/trident/src/engine/mod.rs line=309 module="trident::engine"
DEBU[0047] [REMOTE trident::engine] Starting step 'Prepare' for subsystem 'selinux'  file=crates/trident/src/engine/mod.rs line=309 module="trident::engine"
DEBU[0047] [REMOTE trident::engine] Finished step 'Prepare'  file=crates/trident/src/engine/mod.rs line=324 module="trident::engine"
DEBU[0047] [REMOTE trident::engine::clean_install] Preparing storage to mount new root  file=crates/trident/src/engine/clean_install.rs line=216 module="trident::engine::clean_install"
DEBU[0047] [REMOTE trident::engine::storage] Initializing block devices  file=crates/trident/src/engine/storage/mod.rs line=34 module="trident::engine::storage"
DEBU[0047] [REMOTE trident::engine::storage] Closing pre-existing block devices  file=crates/trident/src/engine/storage/mod.rs line=50 module="trident::engine::storage"
DEBU[0047] [REMOTE trident::engine::storage::partitioning::safety_check] Running partitioning safety check  file=crates/trident/src/engine/storage/partitioning/safety_check.rs line=15 module="trident::engine::storage::partitioning::safety_check"
DEBU[0047] [REMOTE trident::engine::storage::partitioning::safety_check] Running partitioning safety check for disk 'os'  file=crates/trident/src/engine/storage/partitioning/safety_check.rs line=18 module="trident::engine::storage::partitioning::safety_check"
DEBU[0047] [REMOTE trident::engine::storage::partitioning::safety_check] Disk 'os' has no mount points, proceeding...  file=crates/trident/src/engine/storage/partitioning/safety_check.rs line=26 module="trident::engine::storage::partitioning::safety_check"
DEBU[0047] [REMOTE trident::engine::storage::partitioning::safety_check] Running partitioning safety check for disk 'disk2'  file=crates/trident/src/engine/storage/partitioning/safety_check.rs line=18 module="trident::engine::storage::partitioning::safety_check"
DEBU[0047] [REMOTE trident::engine::storage::partitioning::safety_check] Disk 'disk2' has no mount points, proceeding...  file=crates/trident/src/engine/storage/partitioning/safety_check.rs line=26 module="trident::engine::storage::partitioning::safety_check"
INFO[0047] [REMOTE trident::engine::storage::partitioning::safety_check] Partitioning safety check passed  file=crates/trident/src/engine/storage/partitioning/safety_check.rs line=103 module="trident::engine::storage::partitioning::safety_check"
INFO[0047] [REMOTE trident::engine::storage::partitioning] Starting repartitioning process  file=crates/trident/src/engine/storage/partitioning/mod.rs line=25 module="trident::engine::storage::partitioning"
DEBU[0047] [REMOTE trident::engine::storage::partitioning] Creating partitions on disk 'os'  file=crates/trident/src/engine/storage/partitioning/mod.rs line=30 module="trident::engine::storage::partitioning"
INFO[0047] [REMOTE trident::engine::storage::partitioning::repart_mode] Initializing 'os': creating disk partitions  file=crates/trident/src/engine/storage/partitioning/repart_mode.rs line=40 module="trident::engine::storage::partitioning::repart_mode"
DEBU[0047] [REMOTE trident::engine::storage::partitioning] Creating partitions on disk 'disk2'  file=crates/trident/src/engine/storage/partitioning/mod.rs line=30 module="trident::engine::storage::partitioning"
INFO[0047] [REMOTE trident::engine::storage::partitioning::repart_mode] Initializing 'disk2': creating disk partitions  file=crates/trident/src/engine/storage/partitioning/repart_mode.rs line=40 module="trident::engine::storage::partitioning::repart_mode"
DEBU[0047] [REMOTE trident::engine::storage::image] Skipping deployment of filesystem [src:image, type:vfat, dev:esp, mnt:/boot/efi] sourced from OS Image, as it is the ESP.  file=crates/trident/src/engine/storage/image.rs line=219 module="trident::engine::storage::image"
DEBU[0047] [REMOTE trident::engine::storage::image] Skipping non-image file at path 'cosi-marker' from imaging  file=crates/trident/src/engine/storage/image.rs line=158 module="trident::engine::storage::image"
DEBU[0047] [REMOTE trident::engine::storage::image] Skipping non-image file at path 'metadata.json' from imaging  file=crates/trident/src/engine/storage/image.rs line=158 module="trident::engine::storage::image"
DEBU[0047] [REMOTE trident::engine::storage::image] Skipping non-image file at path 'images/trident-testimage_0_gpt.raw.zst' from imaging  file=crates/trident/src/engine/storage/image.rs line=158 module="trident::engine::storage::image"
DEBU[0047] [REMOTE trident::engine::storage::image] Skipping non-image file at path 'images/trident-testimage_0_1.raw.zst' from imaging  file=crates/trident/src/engine/storage/image.rs line=158 module="trident::engine::storage::image"
INFO[0047] [REMOTE trident::engine::storage::image] Initializing 'root': writing image for filesystem from 'http://10.91.162.60:4000/files/regular.cosi'  file=crates/trident/src/engine/storage/image.rs line=165 module="trident::engine::storage::image"
DEBU[0052] [REMOTE trident::io_utils::image_streamer] Copied 864.7M [906743808] to '/dev/disk/by-partuuid/d23517e6-f337-4477-86de-d612039b6b1a' ('/dev/sda1') in 5.04 seconds: 180.04 MB/s  file=crates/trident/src/io_utils/image_streamer.rs line=108 module="trident::io_utils::image_streamer"
DEBU[0052] [REMOTE trident::engine::storage::image] Checking filesystem on block device 'root'  file=crates/trident/src/engine/storage/image.rs line=360 module="trident::engine::storage::image"
DEBU[0053] [REMOTE trident::engine::storage::image] Resizing filesystem on block device 'root'  file=crates/trident/src/engine/storage/image.rs line=363 module="trident::engine::storage::image"
DEBU[0053] [REMOTE trident::engine::storage::filesystem] Creating filesystems on block devices  file=crates/trident/src/engine/storage/filesystem.rs line=17 module="trident::engine::storage::filesystem"
DEBU[0053] [REMOTE trident::engine::storage::filesystem] Determining block devices needing filesystem creation  file=crates/trident/src/engine/storage/filesystem.rs line=36 module="trident::engine::storage::filesystem"
DEBU[0053] [REMOTE trident::engine::storage::filesystem] Found 3 block devices needing filesystem creation  file=crates/trident/src/engine/storage/filesystem.rs line=120 module="trident::engine::storage::filesystem"
INFO[0053] [REMOTE trident::engine::storage::filesystem] Initializing 'trident': creating filesystem of type 'ext4'  file=crates/trident/src/engine/storage/filesystem.rs line=22 module="trident::engine::storage::filesystem"
INFO[0053] [REMOTE trident::engine::storage::filesystem] Initializing 'home': creating filesystem of type 'ext4'  file=crates/trident/src/engine/storage/filesystem.rs line=22 module="trident::engine::storage::filesystem"
DEBU[0053] [REMOTE trident::engine::storage::filesystem] Creating 'ext4' filesystem on block device "/dev/disk/by-partuuid/7f806611-4852-462f-b04a-8481b1868d9b"  file=crates/trident/src/engine/storage/filesystem.rs line=134 module="trident::engine::storage::filesystem"
DEBU[0053] [REMOTE trident::engine::storage::filesystem] Creating 'ext4' filesystem on block device "/dev/disk/by-partuuid/2921e1f9-b033-496c-b5c3-f143154555ec"  file=crates/trident/src/engine/storage/filesystem.rs line=134 module="trident::engine::storage::filesystem"
INFO[0053] [REMOTE trident::engine::storage::filesystem] Initializing 'esp': creating filesystem of type 'vfat'  file=crates/trident/src/engine/storage/filesystem.rs line=22 module="trident::engine::storage::filesystem"
DEBU[0053] [REMOTE trident::engine::storage::filesystem] Creating 'vfat' filesystem on block device "/dev/disk/by-partuuid/0a3205d7-4837-4266-a26e-b170da637f3b"  file=crates/trident/src/engine/storage/filesystem.rs line=134 module="trident::engine::storage::filesystem"
DEBU[0053] [REMOTE trident::engine::storage::swap] Creating swap on block devices  file=crates/trident/src/engine/storage/swap.rs line=23 module="trident::engine::storage::swap"
DEBU[0053] [REMOTE trident::engine::storage::swap] Creating swap on block device "/dev/disk/by-partuuid/54d1faac-95b7-465d-b389-06044368b776"  file=crates/trident/src/engine/storage/swap.rs line=30 module="trident::engine::storage::swap"
INFO[0053] [REMOTE trident::engine::storage] Triggering udev rescan after block device setup to clear stale device entries  file=crates/trident/src/engine/storage/mod.rs line=82 module="trident::engine::storage"
DEBU[0053] [REMOTE trident::engine::newroot] Attempting to mount newroot at '/mnt/newroot'  file=crates/trident/src/engine/newroot.rs line=74 module="trident::engine::newroot"
DEBU[0053] [REMOTE trident::engine::newroot] Mounting block device 'root' to '/mnt/newroot/'  file=crates/trident/src/engine/newroot.rs line=204 module="trident::engine::newroot"
DEBU[0053] [REMOTE trident::engine::newroot] Mounting block device 'esp' to '/mnt/newroot/boot/efi'  file=crates/trident/src/engine/newroot.rs line=204 module="trident::engine::newroot"
DEBU[0053] [REMOTE trident::engine::newroot] Mounting block device 'home' to '/mnt/newroot/home'  file=crates/trident/src/engine/newroot.rs line=204 module="trident::engine::newroot"
DEBU[0053] [REMOTE trident::engine::newroot] Mounting block device 'trident' to '/mnt/newroot/var/lib/trident'  file=crates/trident/src/engine/newroot.rs line=204 module="trident::engine::newroot"
WARN[0053] [REMOTE trident::engine::newroot] Mount target: '/mnt/newroot/var/lib/trident' does not exist. Attempting to create it.  file=crates/trident/src/engine/newroot.rs line=706 module="trident::engine::newroot"
DEBU[0054] [REMOTE trident::engine::newroot] Mounting tmpfs to '/mnt/newroot/tmp'  file=crates/trident/src/engine/newroot.rs line=317 module="trident::engine::newroot"
DEBU[0054] [REMOTE trident::engine::newroot] Mounting tmpfs to '/mnt/newroot/run'  file=crates/trident/src/engine/newroot.rs line=317 module="trident::engine::newroot"
DEBU[0054] [REMOTE trident::engine::install_index] Looking for next available install index in '/mnt/newroot/boot/efi/EFI'  file=crates/trident/src/engine/install_index.rs line=31 module="trident::engine::install_index"
DEBU[0054] [REMOTE trident::engine::install_index] Selected first available install index: '0'  file=crates/trident/src/engine/install_index.rs line=38 module="trident::engine::install_index"
INFO[0054] [REMOTE trident::engine] Starting step 'Provision'  file=crates/trident/src/engine/mod.rs line=337 module="trident::engine"
DEBU[0054] [REMOTE trident::engine] Starting step 'Provision' for subsystem 'mos-config'  file=crates/trident/src/engine/mod.rs line=340 module="trident::engine"
DEBU[0054] [REMOTE trident::engine] Starting step 'Provision' for subsystem 'esp'  file=crates/trident/src/engine/mod.rs line=340 module="trident::engine"
DEBU[0054] [REMOTE trident::subsystems::esp] Extracting ESP image to /mnt/newroot/var/tmp/.tmpWHD451  file=crates/trident/src/subsystems/esp.rs line=208 module="trident::subsystems::esp"
DEBU[0054] [REMOTE trident::io_utils::image_streamer] Copied 8.0M [8388608] to '/mnt/newroot/var/tmp/.tmpWHD451' in 0.05 seconds: 159.28 MB/s  file=crates/trident/src/io_utils/image_streamer.rs line=108 module="trident::io_utils::image_streamer"
DEBU[0054] [REMOTE trident::subsystems::esp] Writing boot files to directory /mnt/newroot/boot/efi/EFI/AZLA  file=crates/trident/src/subsystems/esp.rs line=253 module="trident::subsystems::esp"
DEBU[0054] [REMOTE trident::subsystems::esp] Using GRUB configuration file 'grub.cfg' from '/tmp/.tmpU9DUQ8/boot/grub2/grub.cfg'  file=crates/trident/src/subsystems/esp.rs line=661 module="trident::subsystems::esp"
DEBU[0054] [REMOTE trident::subsystems::esp] Using GRUB EFI executable from '/tmp/.tmpU9DUQ8/EFI/BOOT/grubx64-noprefix.efi'  file=crates/trident/src/subsystems/esp.rs line=687 module="trident::subsystems::esp"
DEBU[0054] [REMOTE trident::subsystems::esp] Using shim EFI executable from '/tmp/.tmpU9DUQ8/EFI/BOOT/bootx64.efi'  file=crates/trident/src/subsystems/esp.rs line=703 module="trident::subsystems::esp"
DEBU[0054] [REMOTE trident::subsystems::esp] Creating directory /mnt/newroot/boot/efi/EFI/AZLA  file=crates/trident/src/subsystems/esp.rs line=272 module="trident::subsystems::esp"
DEBU[0054] [REMOTE trident::subsystems::esp] Copying file '/tmp/.tmpU9DUQ8/boot/grub2/grub.cfg' to '/mnt/newroot/boot/efi/EFI/AZLA/grub.cfg'  file=crates/trident/src/subsystems/esp.rs line=603 module="trident::subsystems::esp"
DEBU[0054] [REMOTE trident::subsystems::esp] Copying file '/tmp/.tmpU9DUQ8/EFI/BOOT/grubx64-noprefix.efi' to '/mnt/newroot/boot/efi/EFI/AZLA/grubx64-noprefix.efi'  file=crates/trident/src/subsystems/esp.rs line=603 module="trident::subsystems::esp"
DEBU[0054] [REMOTE trident::subsystems::esp] Copying file '/tmp/.tmpU9DUQ8/EFI/BOOT/bootx64.efi' to '/mnt/newroot/boot/efi/EFI/AZLA/bootx64.efi'  file=crates/trident/src/subsystems/esp.rs line=603 module="trident::subsystems::esp"
DEBU[0054] [REMOTE trident::engine] Starting step 'Provision' for subsystem 'storage'  file=crates/trident/src/engine/mod.rs line=340 module="trident::engine"
DEBU[0054] [REMOTE trident::engine] Starting step 'Provision' for subsystem 'boot'  file=crates/trident/src/engine/mod.rs line=340 module="trident::engine"
DEBU[0054] [REMOTE trident::engine] Starting step 'Provision' for subsystem 'network'  file=crates/trident/src/engine/mod.rs line=340 module="trident::engine"
DEBU[0054] [REMOTE trident::engine] Starting step 'Provision' for subsystem 'os-config'  file=crates/trident/src/engine/mod.rs line=340 module="trident::engine"
DEBU[0054] [REMOTE trident::engine] Starting step 'Provision' for subsystem 'management'  file=crates/trident/src/engine/mod.rs line=340 module="trident::engine"
DEBU[0054] [REMOTE trident::engine] Starting step 'Provision' for subsystem 'extensions'  file=crates/trident/src/engine/mod.rs line=340 module="trident::engine"
DEBU[0054] [REMOTE trident::engine] Starting step 'Provision' for subsystem 'hooks'  file=crates/trident/src/engine/mod.rs line=340 module="trident::engine"
DEBU[0054] [REMOTE trident::engine] Starting step 'Provision' for subsystem 'initrd'  file=crates/trident/src/engine/mod.rs line=340 module="trident::engine"
DEBU[0054] [REMOTE trident::engine] Starting step 'Provision' for subsystem 'selinux'  file=crates/trident/src/engine/mod.rs line=340 module="trident::engine"
DEBU[0054] [REMOTE trident::engine] Finished step 'Provision'  file=crates/trident/src/engine/mod.rs line=363 module="trident::engine"
DEBU[0054] [REMOTE trident::engine::clean_install] Entering '/mnt/newroot' chroot  file=crates/trident/src/engine/clean_install.rs line=230 module="trident::engine::clean_install"
DEBU[0054] [REMOTE osutils::chroot] Mounting special directories  file=crates/osutils/src/chroot.rs line=36 module="osutils::chroot"
DEBU[0054] [REMOTE osutils::chroot] Entering chroot  file=crates/osutils/src/chroot.rs line=51 module="osutils::chroot"
INFO[0054] [REMOTE trident::engine] Starting step 'Configure'  file=crates/trident/src/engine/mod.rs line=378 module="trident::engine"
DEBU[0054] [REMOTE trident::engine] Starting step 'Configure' for subsystem 'mos-config'  file=crates/trident/src/engine/mod.rs line=381 module="trident::engine"
DEBU[0054] [REMOTE trident::engine] Starting step 'Configure' for subsystem 'esp'  file=crates/trident/src/engine/mod.rs line=381 module="trident::engine"
DEBU[0054] [REMOTE trident::engine] Starting step 'Configure' for subsystem 'storage'  file=crates/trident/src/engine/mod.rs line=381 module="trident::engine"
DEBU[0054] [REMOTE trident::engine] Starting step 'Configure' for subsystem 'boot'  file=crates/trident/src/engine/mod.rs line=381 module="trident::engine"
INFO[0054] [REMOTE trident::engine::boot::grub] Disabling default cloud-init network config  file=crates/trident/src/engine/boot/grub.rs line=98 module="trident::engine::boot::grub"
DEBU[0054] [REMOTE osutils::grub_mkconfig] Writing grub-mkconfig script to '/etc/default/grub.d/prefer-netplan.cfg'  file=crates/osutils/src/grub_mkconfig.rs line=104 module="osutils::grub_mkconfig"
DEBU[0054] [REMOTE trident::engine::boot::grub] Updating GRUB config for Azure Linux 3.0 with OS modifier  file=crates/trident/src/engine/boot/grub.rs line=106 module="trident::engine::boot::grub"
INFO[0054] [REMOTE osmodifier] Syncing grub.cfg values to /etc/default/grub  file=crates/osmodifier/src/lib.rs line=135 module=osmodifier
DEBU[0054] [REMOTE osmodifier::grub_cfg] Found linux line: /boot/vmlinuz-6.6.143.1-1.azl3 root=UUID=c2446a75-a58a-4342-b3be-053cdfa843c8 ro    security=selinux selinux=1  rd.auto=1 net.ifnames=0 lockdown=integrity  console=tty0 console=ttyS0 rd.info log_buf_len=1M $kernelopts  file=crates/osmodifier/src/grub_cfg.rs line=48 module="osmodifier::grub_cfg"
DEBU[0054] [REMOTE osmodifier::default_grub] Reading default grub from '/etc/default/grub'  file=crates/osmodifier/src/default_grub.rs line=32 module="osmodifier::default_grub"
DEBU[0054] [REMOTE osmodifier::default_grub] Writing default grub to '/etc/default/grub'  file=crates/osmodifier/src/default_grub.rs line=48 module="osmodifier::default_grub"
INFO[0054] [REMOTE osmodifier::grub_cfg] Running grub2-mkconfig -o '/boot/grub2/grub.cfg'  file=crates/osmodifier/src/grub_cfg.rs line=237 module="osmodifier::grub_cfg"
DEBU[0056] [REMOTE osmodifier::grub_cfg] grub2-mkconfig completed successfully  file=crates/osmodifier/src/grub_cfg.rs line=246 module="osmodifier::grub_cfg"
INFO[0056] [REMOTE osmodifier] Successfully updated default grub  file=crates/osmodifier/src/lib.rs line=153 module=osmodifier
INFO[0056] [REMOTE osmodifier] Applying boot configuration modifications  file=crates/osmodifier/src/lib.rs line=164 module=osmodifier
DEBU[0056] [REMOTE osmodifier::default_grub] Reading default grub from '/etc/default/grub'  file=crates/osmodifier/src/default_grub.rs line=32 module="osmodifier::default_grub"
DEBU[0056] [REMOTE osmodifier] Updating SELinux in boot config  file=crates/osmodifier/src/lib.rs line=171 module=osmodifier
DEBU[0056] [REMOTE osmodifier::selinux] Updating SELinux config at '/etc/selinux/config' to 'enforcing'  file=crates/osmodifier/src/selinux.rs line=68 module="osmodifier::selinux"
DEBU[0056] [REMOTE osmodifier] Setting root device to '/dev/disk/by-partuuid/d23517e6-f337-4477-86de-d612039b6b1a'  file=crates/osmodifier/src/lib.rs line=221 module=osmodifier
DEBU[0056] [REMOTE osmodifier::default_grub] Writing default grub to '/etc/default/grub'  file=crates/osmodifier/src/default_grub.rs line=48 module="osmodifier::default_grub"
INFO[0056] [REMOTE osmodifier::grub_cfg] Running grub2-mkconfig -o '/boot/grub2/grub.cfg'  file=crates/osmodifier/src/grub_cfg.rs line=237 module="osmodifier::grub_cfg"
DEBU[0059] [REMOTE osmodifier::grub_cfg] grub2-mkconfig completed successfully  file=crates/osmodifier/src/grub_cfg.rs line=246 module="osmodifier::grub_cfg"
DEBU[0059] [REMOTE trident::engine::boot::grub] Finished updating GRUB config for Azure Linux 3.0 with OS modifier  file=crates/trident/src/engine/boot/grub.rs line=225 module="trident::engine::boot::grub"
DEBU[0059] [REMOTE trident::engine::boot::grub] Updating ESP GRUB config at path '/boot/efi/EFI/AZLA/grub.cfg' with UUID 'c2446a75-a58a-4342-b3be-053cdfa843c8'  file=crates/trident/src/engine/boot/grub.rs line=28 module="trident::engine::boot::grub"
DEBU[0059] [REMOTE trident::engine] Starting step 'Configure' for subsystem 'network'  file=crates/trident/src/engine/mod.rs line=381 module="trident::engine"
DEBU[0059] [REMOTE trident::subsystems::network] Configuring network  file=crates/trident/src/subsystems/network.rs line=52 module="trident::subsystems::network"
DEBU[0059] [REMOTE osutils::netplan] Writing netplan config to /etc/netplan/99-trident.yaml  file=crates/osutils/src/netplan.rs line=26 module="osutils::netplan"
DEBU[0059] [REMOTE osutils::netplan] Generating netplan config  file=crates/osutils/src/netplan.rs line=42 module="osutils::netplan"
DEBU[0060] [REMOTE trident::subsystems::network] Disabling cloud-init networking  file=crates/trident/src/subsystems/network.rs line=92 module="trident::subsystems::network"
DEBU[0060] [REMOTE trident::engine] Starting step 'Configure' for subsystem 'os-config'  file=crates/trident/src/engine/mod.rs line=381 module="trident::engine"
DEBU[0060] [REMOTE trident::subsystems::osconfig] Setting up users  file=crates/trident/src/subsystems/osconfig/mod.rs line=198 module="trident::subsystems::osconfig"
DEBU[0060] [REMOTE trident::subsystems::osconfig::users] Setting up sshd config  file=crates/trident/src/subsystems/osconfig/users.rs line=18 module="trident::subsystems::osconfig::users"
DEBU[0060] [REMOTE osmodifier] Applying OS modifications  file=crates/osmodifier/src/lib.rs line=72 module=osmodifier
INFO[0060] [REMOTE osmodifier] Configuring users  file=crates/osmodifier/src/lib.rs line=75 module=osmodifier
INFO[0060] [REMOTE osmodifier::users] Creating user 'testing-user'  file=crates/osmodifier/src/users.rs line=88 module="osmodifier::users"
DEBU[0060] [REMOTE osmodifier::users] Writing 1 SSH key(s) for 'testing-user' to '/home/testing-user/.ssh/authorized_keys'  file=crates/osmodifier/src/users.rs line=407 module="osmodifier::users"
DEBU[0060] [REMOTE trident::engine] Starting step 'Configure' for subsystem 'management'  file=crates/trident/src/engine/mod.rs line=381 module="trident::engine"
DEBU[0060] [REMOTE trident::engine] Starting step 'Configure' for subsystem 'extensions'  file=crates/trident/src/engine/mod.rs line=381 module="trident::engine"
DEBU[0060] [REMOTE trident::subsystems::extensions] Skipping step 'configure' because servicing type is not RuntimeUpdate.  file=crates/trident/src/subsystems/extensions/mod.rs line=171 module="trident::subsystems::extensions"
DEBU[0060] [REMOTE trident::engine] Starting step 'Configure' for subsystem 'hooks'  file=crates/trident/src/engine/mod.rs line=381 module="trident::engine"
DEBU[0060] [REMOTE trident::subsystems::hooks] Running post-configure scripts  file=crates/trident/src/subsystems/hooks.rs line=193 module="trident::subsystems::hooks"
DEBU[0060] [REMOTE trident::subsystems::hooks] Running script 'testing-privilege' with interpreter '/bin/sh'  file=crates/trident/src/subsystems/hooks.rs line=266 module="trident::subsystems::hooks"
INFO[0060] [REMOTE trident::subsystems::hooks] Script 'testing-privilege' executed successfully  file=crates/trident/src/subsystems/hooks.rs line=344 module="trident::subsystems::hooks"
DEBU[0060] [REMOTE trident::subsystems::hooks] Script 'testing-privilege' produced no output  file=crates/trident/src/subsystems/hooks.rs line=346 module="trident::subsystems::hooks"
DEBU[0060] [REMOTE trident::engine] Starting step 'Configure' for subsystem 'initrd'  file=crates/trident/src/engine/mod.rs line=381 module="trident::engine"
INFO[0060] [REMOTE trident::subsystems::initrd] Regenerating initrd  file=crates/trident/src/subsystems/initrd.rs line=37 module="trident::subsystems::initrd"
DEBU[0060] [REMOTE osutils::mkinitrd] Triggering udev rescan before initrd regeneration  file=crates/osutils/src/mkinitrd.rs line=56 module="osutils::mkinitrd"
DEBU[0071] [REMOTE trident::engine] Starting step 'Configure' for subsystem 'selinux'  file=crates/trident/src/engine/mod.rs line=381 module="trident::engine"
DEBU[0081] [REMOTE trident::engine] Finished step 'Configure'  file=crates/trident/src/engine/mod.rs line=405 module="trident::engine"
DEBU[0081] [REMOTE osutils::chroot] Exited chroot. Unmounting special directories  file=crates/osutils/src/chroot.rs line=91 module="osutils::chroot"
INFO[0081] [REMOTE trident::engine] Starting step 'Update Host Configuration'  file=crates/trident/src/engine/mod.rs line=414 module="trident::engine"
DEBU[0081] [REMOTE trident::engine] Starting step 'Update Host Configuration' for subsystem 'mos-config'  file=crates/trident/src/engine/mod.rs line=417 module="trident::engine"
DEBU[0081] [REMOTE trident::engine] Starting step 'Update Host Configuration' for subsystem 'esp'  file=crates/trident/src/engine/mod.rs line=417 module="trident::engine"
DEBU[0081] [REMOTE trident::engine] Starting step 'Update Host Configuration' for subsystem 'storage'  file=crates/trident/src/engine/mod.rs line=417 module="trident::engine"
DEBU[0081] [REMOTE trident::engine] Starting step 'Update Host Configuration' for subsystem 'boot'  file=crates/trident/src/engine/mod.rs line=417 module="trident::engine"
DEBU[0081] [REMOTE trident::engine] Starting step 'Update Host Configuration' for subsystem 'network'  file=crates/trident/src/engine/mod.rs line=417 module="trident::engine"
DEBU[0081] [REMOTE trident::engine] Starting step 'Update Host Configuration' for subsystem 'os-config'  file=crates/trident/src/engine/mod.rs line=417 module="trident::engine"
DEBU[0081] [REMOTE trident::engine] Starting step 'Update Host Configuration' for subsystem 'management'  file=crates/trident/src/engine/mod.rs line=417 module="trident::engine"
DEBU[0081] [REMOTE trident::engine] Starting step 'Update Host Configuration' for subsystem 'extensions'  file=crates/trident/src/engine/mod.rs line=417 module="trident::engine"
DEBU[0081] [REMOTE trident::engine] Starting step 'Update Host Configuration' for subsystem 'hooks'  file=crates/trident/src/engine/mod.rs line=417 module="trident::engine"
DEBU[0081] [REMOTE trident::engine] Starting step 'Update Host Configuration' for subsystem 'initrd'  file=crates/trident/src/engine/mod.rs line=417 module="trident::engine"
DEBU[0081] [REMOTE trident::engine] Starting step 'Update Host Configuration' for subsystem 'selinux'  file=crates/trident/src/engine/mod.rs line=417 module="trident::engine"
DEBU[0081] [REMOTE trident::engine] Finished step 'Update Host Configuration'  file=crates/trident/src/engine/mod.rs line=432 module="trident::engine"
INFO[0081] [REMOTE trident::engine] Starting step 'Clean Up'  file=crates/trident/src/engine/mod.rs line=437 module="trident::engine"
DEBU[0081] [REMOTE trident::engine] Starting step 'Clean Up' for subsystem 'mos-config'  file=crates/trident/src/engine/mod.rs line=440 module="trident::engine"
DEBU[0081] [REMOTE trident::engine] Starting step 'Clean Up' for subsystem 'esp'  file=crates/trident/src/engine/mod.rs line=440 module="trident::engine"
DEBU[0081] [REMOTE trident::engine] Starting step 'Clean Up' for subsystem 'storage'  file=crates/trident/src/engine/mod.rs line=440 module="trident::engine"
DEBU[0081] [REMOTE trident::engine] Starting step 'Clean Up' for subsystem 'boot'  file=crates/trident/src/engine/mod.rs line=440 module="trident::engine"
DEBU[0081] [REMOTE trident::engine] Starting step 'Clean Up' for subsystem 'network'  file=crates/trident/src/engine/mod.rs line=440 module="trident::engine"
DEBU[0081] [REMOTE trident::engine] Starting step 'Clean Up' for subsystem 'os-config'  file=crates/trident/src/engine/mod.rs line=440 module="trident::engine"
DEBU[0081] [REMOTE trident::engine] Starting step 'Clean Up' for subsystem 'management'  file=crates/trident/src/engine/mod.rs line=440 module="trident::engine"
DEBU[0081] [REMOTE trident::engine] Starting step 'Clean Up' for subsystem 'extensions'  file=crates/trident/src/engine/mod.rs line=440 module="trident::engine"
DEBU[0081] [REMOTE trident::subsystems::extensions] Skipping step 'clean up' because servicing type is not RuntimeUpdate.  file=crates/trident/src/subsystems/extensions/mod.rs line=263 module="trident::subsystems::extensions"
DEBU[0081] [REMOTE trident::engine] Starting step 'Clean Up' for subsystem 'hooks'  file=crates/trident/src/engine/mod.rs line=440 module="trident::engine"
DEBU[0081] [REMOTE trident::engine] Starting step 'Clean Up' for subsystem 'initrd'  file=crates/trident/src/engine/mod.rs line=440 module="trident::engine"
DEBU[0081] [REMOTE trident::engine] Starting step 'Clean Up' for subsystem 'selinux'  file=crates/trident/src/engine/mod.rs line=440 module="trident::engine"
DEBU[0081] [REMOTE trident::engine] Finished step 'Clean Up'  file=crates/trident/src/engine/mod.rs line=455 module="trident::engine"
DEBU[0081] [REMOTE trident::engine::clean_install] Updating host's servicing state to 'CleanInstallStaged'  file=crates/trident/src/engine/clean_install.rs line=257 module="trident::engine::clean_install"
INFO[0081] [REMOTE trident::engine::clean_install] Staging of clean install succeeded  file=crates/trident/src/engine/clean_install.rs line=276 module="trident::engine::clean_install"
INFO[0081] [REMOTE trident::engine::clean_install] Finalizing clean install  file=crates/trident/src/engine/clean_install.rs line=291 module="trident::engine::clean_install"
DEBU[0081] [REMOTE trident::engine] Rebuilding storage graph for engine context  file=crates/trident/src/engine/mod.rs line=463 module="trident::engine"
DEBU[0081] [REMOTE trident::engine::bootentries] Found disk for ESP partition 'esp' with device path '/dev/sda'  file=crates/trident/src/engine/bootentries.rs line=561 module="trident::engine::bootentries"
DEBU[0081] [REMOTE trident::engine::bootentries] The disk path of the first ESP partition is "/dev/sda", and the partition UUID path is "/dev/disk/by-partuuid/0a3205d7-4837-4266-a26e-b170da637f3b"  file=crates/trident/src/engine/bootentries.rs line=444 module="trident::engine::bootentries"
DEBU[0081] [REMOTE trident::engine::bootentries] ESP partition number: 3  file=crates/trident/src/engine/bootentries.rs line=456 module="trident::engine::bootentries"
DEBU[0081] [REMOTE trident::engine::bootentries] Added boot entry '0003' with label 'AZLA'  file=crates/trident/src/engine/bootentries.rs line=472 module="trident::engine::bootentries"
DEBU[0081] [REMOTE trident::engine::bootentries] Set `BootNext` to newly added first entry '0003'  file=crates/trident/src/engine/bootentries.rs line=144 module="trident::engine::bootentries"
DEBU[0081] [REMOTE trident::subsystems::esp] Configuring UEFI fallback for servicing state CleanInstallStaged using source ESP dir 'AZLA'  file=crates/trident/src/subsystems/esp.rs line=81 module="trident::subsystems::esp"
DEBU[0081] [REMOTE trident::subsystems::esp] Copying files during CleanInstall from '/mnt/newroot/boot/efi/EFI/AZLA' to '/mnt/newroot/boot/efi/EFI/BOOT'  file=crates/trident/src/subsystems/esp.rs line=458 module="trident::subsystems::esp"
DEBU[0081] [REMOTE trident::engine::clean_install] Updating host's servicing state to 'CleanInstallFinalized'  file=crates/trident/src/engine/clean_install.rs line=330 module="trident::engine::clean_install"
DEBU[0081] [REMOTE trident::engine] Persisting Trident background log from '/var/log/trident-full.log' to '/mnt/newroot/var/lib/trident/trident-CleanInstallFinalized-20260727T205701Z.log'   file=crates/trident/src/engine/mod.rs line=204 module="trident::engine"
DEBU[0081] [REMOTE trident::engine] Persisting Trident metrics from '/var/log/trident-metrics.jsonl' to '/mnt/newroot/var/lib/trident/trident-metrics-CleanInstallFinalized-20260727T205701Z.jsonl'   file=crates/trident/src/engine/mod.rs line=217 module="trident::engine"
DEBU[0081] [REMOTE trident::engine] Successfully persisted Trident background log from '/var/log/trident-full.log' to '/mnt/newroot/var/lib/trident/trident-CleanInstallFinalized-20260727T205701Z.log'  file=crates/trident/src/engine/mod.rs line=232 module="trident::engine"
DEBU[0081] [REMOTE trident::engine] Successfully persisted Trident metrics from '/var/log/trident-metrics.jsonl' to '/mnt/newroot/var/lib/trident/trident-metrics-CleanInstallFinalized-20260727T205701Z.jsonl'   file=crates/trident/src/engine/mod.rs line=248 module="trident::engine"
DEBU[0081] [REMOTE trident::engine::newroot] Unmounting newroot at '/mnt/newroot'  file=crates/trident/src/engine/newroot.rs line=138 module="trident::engine::newroot"
DEBU[0081] [REMOTE trident::engine::newroot] Unmounting '/mnt/newroot/run'  file=crates/trident/src/engine/newroot.rs line=112 module="trident::engine::newroot"
DEBU[0081] [REMOTE trident::engine::newroot] Unmounting '/mnt/newroot/tmp'  file=crates/trident/src/engine/newroot.rs line=112 module="trident::engine::newroot"
DEBU[0081] [REMOTE trident::engine::newroot] Unmounting '/mnt/newroot/var/lib/trident'  file=crates/trident/src/engine/newroot.rs line=112 module="trident::engine::newroot"
DEBU[0081] [REMOTE trident::engine::newroot] Unmounting '/mnt/newroot/home'  file=crates/trident/src/engine/newroot.rs line=112 module="trident::engine::newroot"
DEBU[0081] [REMOTE trident::engine::newroot] Unmounting '/mnt/newroot/boot/efi'  file=crates/trident/src/engine/newroot.rs line=112 module="trident::engine::newroot"
DEBU[0081] [REMOTE trident::engine::newroot] Unmounting '/mnt/newroot/'  file=crates/trident/src/engine/newroot.rs line=112 module="trident::engine::newroot"
DEBU[0082] [REMOTE osutils::installation_media] Live media boot detected  file=crates/osutils/src/installation_media.rs line=29 module="osutils::installation_media"
INFO[0082] [REMOTE osutils::installation_media] Please remove the installation media when the system reboots  file=crates/osutils/src/installation_media.rs line=57 module="osutils::installation_media"
INFO[0082] [REMOTE trident::reboot] Syncing filesystem  file=crates/trident/src/reboot.rs line=25 module="trident::reboot"
DEBU[0082] [REMOTE trident::reboot] Requesting reboot  file=crates/trident/src/reboot.rs line=36 module="trident::reboot"
INFO[0082] [REMOTE trident::reboot] Rebooting system  file=crates/trident/src/reboot.rs line=44 module="trident::reboot"
DEBU[0100] [REMOTE trident::orchestrate] Reporting status to orchestrator at http://10.91.162.60:4000/phonehome, attempt connection for 60 seconds  file=crates/trident/src/orchestrate.rs line=37 module="trident::orchestrate"
INFO[0100] Trident connected from 192.168.242.2:43398   
INFO[0100] Trident started (connection attempt 0)        host_status= state=started
DEBU[0100] [REMOTE trident::orchestrate] Connected to orchestrator  file=crates/trident/src/orchestrate.rs line=61 module="trident::orchestrate"
INFO[0100] [REMOTE trident] Running Trident version: 0.26.0-2026071402.v44567e0  file=crates/trident/src/lib.rs line=206 module=trident
DEBU[0100] [REMOTE trident] Trident is running in SELinux domain 'system_u:system_r:trident_t:s0 '  file=crates/trident/src/lib.rs line=217 module=trident
DEBU[0100] [REMOTE trident::datastore] Loading datastore from /var/lib/trident/datastore.sqlite  file=crates/trident/src/datastore.rs line=39 module="trident::datastore"
DEBU[0100] [REMOTE trident] Execute and record error with servicing state: CleanInstallFinalized and last error: None  file=crates/trident/src/lib.rs line=300 module=trident
INFO[0100] [REMOTE trident::engine::rollback] Validating whether host correctly booted from target OS image  file=crates/trident/src/engine/rollback.rs line=46 module="trident::engine::rollback"
DEBU[0100] [REMOTE trident::engine] Rebuilding storage graph for engine context  file=crates/trident/src/engine/mod.rs line=463 module="trident::engine"
DEBU[0100] [REMOTE osutils::block_devices] Not running inside a container. Using default root mount path '/'  file=crates/osutils/src/block_devices.rs line=179 module="osutils::block_devices"
INFO[0100] [REMOTE trident::engine::rollback] Current root device path: '/dev/sda1' ('/dev/disk/by-partuuid/d23517e6-f337-4477-86de-d612039b6b1a')  file=crates/trident/src/engine/rollback.rs line=431 module="trident::engine::rollback"
INFO[0100] [REMOTE trident::engine::rollback] Expected root device path: '/dev/sda1' ('/dev/disk/by-partuuid/d23517e6-f337-4477-86de-d612039b6b1a')  file=crates/trident/src/engine/rollback.rs line=505 module="trident::engine::rollback"
INFO[0100] [REMOTE trident::engine::rollback] Host booted from expected root device '/dev/sda1'  file=crates/trident/src/engine/rollback.rs line=564 module="trident::engine::rollback"
INFO[0100] [REMOTE trident::engine::rollback] Host successfully booted from target OS image  file=crates/trident/src/engine/rollback.rs line=113 module="trident::engine::rollback"
DEBU[0100] [REMOTE trident::engine::bootentries] Found boot entries with label 'AZLA': ["0003"]  file=crates/trident/src/engine/bootentries.rs line=204 module="trident::engine::bootentries"
DEBU[0100] [REMOTE trident::engine::bootentries] Adding boot entry '0003' to the beginning of `BootOrder`  file=crates/trident/src/engine/bootentries.rs line=623 module="trident::engine::bootentries"
DEBU[0100] [REMOTE trident::engine::bootentries] Modifying `BootOrder` to 0003,0002,0000,0001  file=crates/trident/src/engine/bootentries.rs line=605 module="trident::engine::bootentries"
DEBU[0100] [REMOTE trident::subsystems::esp] No UEFI fallback configuration needed for servicing state CleanInstallFinalized  file=crates/trident/src/subsystems/esp.rs line=93 module="trident::subsystems::esp"
INFO[0100] [REMOTE trident::engine::rollback] Clean install of target OS succeeded  file=crates/trident/src/engine/rollback.rs line=294 module="trident::engine::rollback"
DEBU[0100] [REMOTE trident::engine::rollback] Updating host's servicing state to 'Provisioned'  file=crates/trident/src/engine/rollback.rs line=315 module="trident::engine::rollback"
DEBU[0100] [REMOTE trident::orchestrate] Reporting provisioning succeeded  file=crates/trident/src/orchestrate.rs line=90 module="trident::orchestrate"
INFO[0100] Reported host Status:
spec:
  trident:
    disable: false
    phonehome: http://10.91.162.60:4000/phonehome
    logstream: http://10.91.162.60:4000/logstream
  storage:
    disks:
    - id: os
      device: /dev/disk/by-path/pci-0000:00:1f.2-ata-2
      partitionTableType: gpt
      partitions:
      - id: root-a
        type: root
        size: 8G
        uuid: null
        label: null
      - id: root-b
        type: root
        size: 8G
        uuid: null
        label: null
      - id: esp
        type: esp
        size: 1G
        uuid: null
        label: null
      - id: swap
        type: swap
        size: 2G
        uuid: null
        label: null
      - id: home
        type: home
        size: 1G
        uuid: null
        label: null
      - id: trident
        type: linux-generic
        size: 1G
        uuid: null
        label: null
    - id: disk2
      device: /dev/disk/by-path/pci-0000:00:1f.2-ata-3
      partitionTableType: gpt
      partitions: []
    abUpdate:
      volumePairs:
      - id: root
        volumeAId: root-a
        volumeBId: root-b
    filesystems:
    - deviceId: trident
      source: new
      type: ext4
      mountPoint:
        path: /var/lib/trident
        options: defaults
    - deviceId: home
      source: new
      type: ext4
      mountPoint:
        path: /home
        options: defaults
    - deviceId: esp
      mountPoint:
        path: /boot/efi
        options: umask=0077
    - deviceId: root
      mountPoint:
        path: /
        options: defaults
    swap:
    - deviceId: swap
  scripts:
    postConfigure:
    - name: testing-privilege
      runOn:
      - clean-install
      - ab-update
      content: echo 'testing-user ALL=(ALL:ALL) NOPASSWD:ALL' > /etc/sudoers.d/testing-user
  os:
    netplan:
      version: 2
      ethernets:
        vmeths:
          match:
            name: enp*
          dhcp4: true
    selinux:
      mode: enforcing
    users:
    - name: testing-user
      sshPublicKeys:
      - |
        ssh-rsa AAAAB3NzaC1yc2EAAAADAQABAAABAQC1FqpKgHFSbuv9FiZ/xpdPL5eD+xJLn6bvrIhG6ZpeOdS3/IP6BzZowYQpcXGPrP8qsUHh+sWGTpSyrY886asZjpGeY8jMp4x/Wfq28CY6V03fBpAsA8MvyRyrtKJUmpBHVZmx0m7S7L4uqzeI3DoggJ+/xfBYEtaXOmP+OeFpO4Pj529ZzP44zozjiO1/4X2T9hpyJccSvj/r7Pkyjykxj+AsgTsAXhyB3IpxoPc+RiZMZexneN0s1uAZyWQKcl1kEnWMjf4/NvApFhFU34QHC4ro8nNzjuEpk3dK+nHnDuSdUWv9LU2CUGfQpwGzykoh5fofb1DsCrok/beJPI73
      sshMode: key-only
    uefiFallback: conservative
  image:
    url: http://10.91.162.60:4000/files/regular.cosi
    sha384: 81533a5eff61585fe4de173c38d9644f5a390fbc9ab9f0cb029b42ef9cd7132ad583fc8f513dc41f8db29adaf9306ab1
servicingState: provisioned
partitionPaths:
  esp: /dev/disk/by-partuuid/0a3205d7-4837-4266-a26e-b170da637f3b
  home: /dev/disk/by-partuuid/2921e1f9-b033-496c-b5c3-f143154555ec
  root-a: /dev/disk/by-partuuid/d23517e6-f337-4477-86de-d612039b6b1a
  root-b: /dev/disk/by-partuuid/bdce528b-7250-4434-99d6-7f310ecc269e
  swap: /dev/disk/by-partuuid/54d1faac-95b7-465d-b389-06044368b776
  trident: /dev/disk/by-partuuid/7f806611-4852-462f-b04a-8481b1868d9b
abActiveVolume: volume-a
diskUuids:
  os: 03621ece-72ba-453c-b0d1-5cdcca70d3ea
  disk2: c9e10290-3c46-484b-b908-23b30fa053c0
installIndex: 0
tridentVersion: 0.26.0-2026071402.v44567e0 
INFO[0100] Trident successfully deployed target OS      
INFO[0102] Login prompt found in VM serial log          
INFO[0102] VM serial log monitor ended successfully     ]]></system-out>
		</testcase>
		<testcase name="check-trident-ssh" classname="" time="1.148300" status="PASS">
			<system-out><![CDATA[INFO[0102] Creating SSH client to test host at 192.168.242.2:22 
INFO[0102] Successfully created SSH client to '192.168.242.2:22' on attempt 1 
INFO[0102] Checking Trident service status (attempt 1)  
DEBU[0102] Running command: sudo systemctl status trident.service --no-pager 
DEBU[0103] Trident service status:
○ trident.service - Trident Agent
     Loaded: loaded (/usr/lib/systemd/system/trident.service; enabled; preset: disabled)
    Drop-In: /usr/lib/systemd/system/service.d
             └─10-timeout-abort.conf
             /etc/systemd/system/trident.service.d
             └─override.conf
     Active: inactive (dead) since Mon 2026-07-27 20:57:19 UTC; 2s ago
    Process: 700 ExecStart=trident grpc-client commit (code=exited, status=0/SUCCESS)
   Main PID: 700 (code=exited, status=0/SUCCESS)
        CPU: 122ms

Jul 27 20:57:19 trident-testimg trident[700]: Updating host's servicing state to 'Provisioned'
Jul 27 20:57:19 trident-testimg trident[700]: Closed span: "validate_boot", execution_time: 0.13 seconds
Jul 27 20:57:19 trident-testimg trident[700]: Reporting provisioning succeeded
Jul 27 20:57:19 trident-testimg trident[700]: starting new connection: http://10.91.162.60:4000/
Jul 27 20:57:19 trident-testimg trident[700]: Servicing completed successfully
Jul 27 20:57:19 trident-testimg trident[700]: No reboot is required to complete the operation
Jul 27 20:57:19 trident-testimg trident[700]: Waiting for background uploader to shut down
Jul 27 20:57:19 trident-testimg trident[700]: Background uploader loop has exited
Jul 27 20:57:19 trident-testimg systemd[1]: trident.service: Deactivated successfully.
Jul 27 20:57:19 trident-testimg systemd[1]: Finished trident.service - Trident Agent. 
INFO[0103] Trident service ran and exited successfully  ]]></system-out>
		</testcase>
		<testcase name="validate-install" classname="" time="1.278696" status="PASS">
			<system-out><![CDATA[DEBU[0103] SSH client already exists, checking validity 
DEBU[0103] SSH client is still valid                    
DEBU[0103] Running command: sudo /usr/bin/trident get   
DEBU[0103] Executing command                             command="sudo blkid"
DEBU[0103] Executing command                             command="lsblk -J -b"
DEBU[0103] Executing command                             command=mount
DEBU[0103] Executing command                             command="cat /etc/passwd"
DEBU[0104] Executing command                             command="cat /etc/group"
DEBU[0104] Executing command                             command="sudo efibootmgr"]]></system-out>
		</testcase>
		<testcase name="ab-update-1-sync-hc" classname="" time="0.168897" status="PASS">
			<system-out><![CDATA[DEBU[0104] SSH client already exists, checking validity 
DEBU[0104] SSH client is still valid                    
DEBU[0104] Running command: sudo /usr/bin/trident get configuration ]]></system-out>
		</testcase>
		<testcase name="ab-update-1-update-hc" classname="" time="0.001277" status="PASS">
			<system-out><![CDATA[INFO[0104] Old image URL: http://10.91.162.60:4000/files/regular.cosi 
DEBU[0104] Base name: regular.cosi                      
INFO[0104] New image URL: http://10.91.162.60:4000/files/regular_v2.cosi 
INFO[0104] Checking if new image URL is accessible...   
ERRO[0104] New image URL is not accessible: http://10.91.162.60:4000/files/regular_v2.cosi (continuing)  error="failed to check new image URL: Head \"http://10.91.162.60:4000/files/regular_v2.cosi\": dial tcp 10.91.162.60:4000: connect: connection refused"]]></system-out>
		</testcase>
		<testcase name="ab-update-1-upload-new-hc" classname="" time="0.164943" status="PASS">
			<system-out><![CDATA[DEBU[0104] SSH client already exists, checking validity 
DEBU[0104] SSH client is still valid                    ]]></system-out>
		</testcase>
		<testcase name="ab-update-1-ab-update" classname="" time="57.884487" status="PASS">
			<system-out><![CDATA[DEBU[0104] Executing command                             command="sudo cat /var/lib/trident/config.yaml"
DEBU[0104] Trident HC file @ /var/lib/trident/config.yaml:
image:
    sha384: ignored
    url: http://10.91.162.60:4000/files/regular_v2.cosi
internalParams:
    selfUpgradeTrident: false
os:
    netplan:
        ethernets:
            vmeths:
                dhcp4: true
                match:
                    name: enp*
        version: 2
    selinux:
        mode: enforcing
    uefiFallback: conservative
    users:
        - name: testing-user
          sshMode: key-only
          sshPublicKeys:
            - |
              ssh-rsa AAAAB3NzaC1yc2EAAAADAQABAAABAQC1FqpKgHFSbuv9FiZ/xpdPL5eD+xJLn6bvrIhG6ZpeOdS3/IP6BzZowYQpcXGPrP8qsUHh+sWGTpSyrY886asZjpGeY8jMp4x/Wfq28CY6V03fBpAsA8MvyRyrtKJUmpBHVZmx0m7S7L4uqzeI3DoggJ+/xfBYEtaXOmP+OeFpO4Pj529ZzP44zozjiO1/4X2T9hpyJccSvj/r7Pkyjykxj+AsgTsAXhyB3IpxoPc+RiZMZexneN0s1uAZyWQKcl1kEnWMjf4/NvApFhFU34QHC4ro8nNzjuEpk3dK+nHnDuSdUWv9LU2CUGfQpwGzykoh5fofb1DsCrok/beJPI73
scripts:
    postConfigure:
        - content: echo 'testing-user ALL=(ALL:ALL) NOPASSWD:ALL' > /etc/sudoers.d/testing-user
          name: testing-privilege
          runOn:
            - clean-install
            - ab-update
trident:
    disable: false
    logstream: http://10.91.162.60:4000/logstream
    phonehome: http://10.91.162.60:4000/phonehome 
INFO[0104] Running Trident A/B update...                
INFO[0104] Invoking Trident attempt #1 with args: grpc-client update -v trace /var/lib/trident/config.yaml 
DEBU[0104] Running command: sudo /usr/bin/trident grpc-client update -v trace /var/lib/trident/config.yaml 
INFO[0104] Listening...                                  address="0.0.0.0:4000"
INFO[0104] Waiting for phone home...                    
INFO[0105] Trident connected from 192.168.242.2:47216   
INFO[0105] Trident started (connection attempt 0)        host_status= state=started
TRAC[0143] Trident 'grpc-client update -v trace /var/lib/trident/config.yaml' details: %!s(<nil>); status: 0; stdout: <empty>; stderr:
[INFO  trident::grpc_client::tridentclient] Servicing started
[INFO  DAEMON::trident] Loading Host Configuration from raw string
[INFO  DAEMON::trident] Host Configuration:
    trident:
      disable: false
      phonehome: http://10.91.162.60:4000/phonehome
      logstream: http://10.91.162.60:4000/logstream
    scripts:
      postConfigure:
      - name: testing-privilege
        runOn:
        - clean-install
        - ab-update
        content: echo 'testing-user ALL=(ALL:ALL) NOPASSWD:ALL' > /etc/sudoers.d/testing-user
    os:
      netplan:
        version: 2
        ethernets:
          vmeths:
            match:
              name: enp*
            dhcp4: true
      selinux:
        mode: enforcing
      users:
      - name: testing-user
        sshPublicKeys:
        - |
          ssh-rsa AAAAB3NzaC1yc2EAAAADAQABAAABAQC1FqpKgHFSbuv9FiZ/xpdPL5eD+xJLn6bvrIhG6ZpeOdS3/IP6BzZowYQpcXGPrP8qsUHh+sWGTpSyrY886asZjpGeY8jMp4x/Wfq28CY6V03fBpAsA8MvyRyrtKJUmpBHVZmx0m7S7L4uqzeI3DoggJ+/xfBYEtaXOmP+OeFpO4Pj529ZzP44zozjiO1/4X2T9hpyJccSvj/r7Pkyjykxj+AsgTsAXhyB3IpxoPc+RiZMZexneN0s1uAZyWQKcl1kEnWMjf4/NvApFhFU34QHC4ro8nNzjuEpk3dK+nHnDuSdUWv9LU2CUGfQpwGzykoh5fofb1DsCrok/beJPI73
        sshMode: key-only
      uefiFallback: conservative
    internalParams:
      selfUpgradeTrident: false
    image:
      url: http://10.91.162.60:4000/files/regular_v2.cosi
      sha384: ignored
    
[DEBUG DAEMON::trident::orchestrate] Reporting status to orchestrator at http://10.91.162.60:4000/phonehome, attempt connection for 60 seconds
[DEBUG DAEMON::reqwest::connect] starting new connection: http://10.91.162.60:4000/
[DEBUG DAEMON::trident::orchestrate] Connected to orchestrator
[INFO  DAEMON::trident] Running Trident version: 0.26.0-2026071402.v44567e0
[DEBUG DAEMON::reqwest::connect] starting new connection: http://10.91.162.60:4000/
[DEBUG DAEMON::trident] Trident is running in SELinux domain 'system_u:system_r:trident_t:s0'
[DEBUG DAEMON::trident::datastore] Loading datastore from /var/lib/trident/datastore.sqlite
[DEBUG DAEMON::trident] Execute and record error with servicing state: Provisioned and last error: None
[DEBUG DAEMON::trident] Storage section not specified in Host Configuration, using current storage configuration:
    disks:
    - id: os
      device: /dev/disk/by-path/pci-0000:00:1f.2-ata-2
      partitionTableType: gpt
      partitions:
      - id: root-a
        type: root
        size: 8G
        uuid: null
        label: null
      - id: root-b
        type: root
        size: 8G
        uuid: null
        label: null
      - id: esp
        type: esp
        size: 1G
        uuid: null
        label: null
      - id: swap
        type: swap
        size: 2G
        uuid: null
        label: null
      - id: home
        type: home
        size: 1G
        uuid: null
        label: null
      - id: trident
        type: linux-generic
        size: 1G
        uuid: null
        label: null
    - id: disk2
      device: /dev/disk/by-path/pci-0000:00:1f.2-ata-3
      partitionTableType: gpt
      partitions: []
    abUpdate:
      volumePairs:
      - id: root
        volumeAId: root-a
        volumeBId: root-b
    filesystems:
    - deviceId: trident
      source: new
      type: ext4
      mountPoint:
        path: /var/lib/trident
        options: defaults
    - deviceId: home
      source: new
      type: ext4
      mountPoint:
        path: /home
        options: defaults
    - deviceId: esp
      mountPoint:
        path: /boot/efi
        options: umask=0077
    - deviceId: root
      mountPoint:
        path: /
        options: defaults
    swap:
    - deviceId: swap
    
[DEBUG DAEMON::trident_api::config::host::storage::storage_graph::builder] Building storage graph
[TRACE DAEMON::trident_api::config::host::storage::storage_graph::builder] Adding node: disk 'os'
[TRACE DAEMON::trident_api::config::host::storage::storage_graph::builder] Adding node: partition 'root-a'
[TRACE DAEMON::trident_api::config::host::storage::storage_graph::builder] Adding node: partition 'root-b'
[TRACE DAEMON::trident_api::config::host::storage::storage_graph::builder] Adding node: partition 'esp'
[TRACE DAEMON::trident_api::config::host::storage::storage_graph::builder] Adding node: partition 'swap'
[TRACE DAEMON::trident_api::config::host::storage::storage_graph::builder] Adding node: partition 'home'
[TRACE DAEMON::trident_api::config::host::storage::storage_graph::builder] Adding node: partition 'trident'
[TRACE DAEMON::trident_api::config::host::storage::storage_graph::builder] Adding node: disk 'disk2'
[TRACE DAEMON::trident_api::config::host::storage::storage_graph::builder] Adding node: ab-volume 'root'
[TRACE DAEMON::trident_api::config::host::storage::storage_graph::builder] Adding node: filesystem [src:new, type:ext4, dev:trident, mnt:/var/lib/trident]
[TRACE DAEMON::trident_api::config::host::storage::storage_graph::builder] Adding node: filesystem [src:new, type:ext4, dev:home, mnt:/home]
[TRACE DAEMON::trident_api::config::host::storage::storage_graph::builder] Adding node: filesystem [src:image, dev:esp, mnt:/boot/efi, is_esp:true]
[TRACE DAEMON::trident_api::config::host::storage::storage_graph::builder] Adding node: filesystem [src:image, dev:root, mnt:/]
[TRACE DAEMON::trident_api::config::host::storage::storage_graph::builder] Adding node: swap on 'swap'
[TRACE DAEMON::trident_api::config::host::storage::storage_graph::builder] Checking block devices
[TRACE DAEMON::trident_api::config::host::storage::storage_graph::builder::devices] Checking uniqueness constraints for block device 'os' of kind 'disk'.
[TRACE DAEMON::trident_api::config::host::storage::storage_graph::builder::devices] Checking uniqueness constraints for block device 'root-a' of kind 'partition'.
[TRACE DAEMON::trident_api::config::host::storage::storage_graph::builder::devices] Checking uniqueness constraints for block device 'root-b' of kind 'partition'.
[TRACE DAEMON::trident_api::config::host::storage::storage_graph::builder::devices] Checking uniqueness constraints for block device 'esp' of kind 'partition'.
[TRACE DAEMON::trident_api::config::host::storage::storage_graph::builder::devices] Checking uniqueness constraints for block device 'swap' of kind 'partition'.
[TRACE DAEMON::trident_api::config::host::storage::storage_graph::builder::devices] Checking uniqueness constraints for block device 'home' of kind 'partition'.
[TRACE DAEMON::trident_api::config::host::storage::storage_graph::builder::devices] Checking uniqueness constraints for block device 'trident' of kind 'partition'.
[TRACE DAEMON::trident_api::config::host::storage::storage_graph::builder::devices] Checking uniqueness constraints for block device 'disk2' of kind 'disk'.
[TRACE DAEMON::trident_api::config::host::storage::storage_graph::builder] Checking filesystems
[TRACE DAEMON::trident_api::config::host::storage::storage_graph::builder] Populating edges
[TRACE DAEMON::trident_api::config::host::storage::storage_graph::builder] Checking references for disk 'os'
[TRACE DAEMON::trident_api::config::host::storage::storage_graph::builder] Checking references for partition 'root-a'
[TRACE DAEMON::trident_api::config::host::storage::storage_graph::builder] Checking references for partition 'root-b'
[TRACE DAEMON::trident_api::config::host::storage::storage_graph::builder] Checking references for partition 'esp'
[TRACE DAEMON::trident_api::config::host::storage::storage_graph::builder] Checking references for partition 'swap'
[TRACE DAEMON::trident_api::config::host::storage::storage_graph::builder] Checking references for partition 'home'
[TRACE DAEMON::trident_api::config::host::storage::storage_graph::builder] Checking references for partition 'trident'
[TRACE DAEMON::trident_api::config::host::storage::storage_graph::builder] Checking references for disk 'disk2'
[TRACE DAEMON::trident_api::config::host::storage::storage_graph::builder] Checking references for ab-volume 'root'
[TRACE DAEMON::trident_api::config::host::storage::storage_graph::builder] Adding edge from ab-volume 'root' to partition 'root-a' with kind [regular]
[TRACE DAEMON::trident_api::config::host::storage::storage_graph::builder] Adding edge from ab-volume 'root' to partition 'root-b' with kind [regular]
[TRACE DAEMON::trident_api::config::host::storage::storage_graph::builder] Checking references for filesystem [src:new, type:ext4, dev:trident, mnt:/var/lib/trident]
[TRACE DAEMON::trident_api::config::host::storage::storage_graph::builder] Adding edge from filesystem [src:new, type:ext4, dev:trident, mnt:/var/lib/trident] to partition 'trident' with kind [regular]
[TRACE DAEMON::trident_api::config::host::storage::storage_graph::builder] Checking references for filesystem [src:new, type:ext4, dev:home, mnt:/home]
[TRACE DAEMON::trident_api::config::host::storage::storage_graph::builder] Adding edge from filesystem [src:new, type:ext4, dev:home, mnt:/home] to partition 'home' with kind [regular]
[TRACE DAEMON::trident_api::config::host::storage::storage_graph::builder] Checking references for filesystem [src:image, dev:esp, mnt:/boot/efi, is_esp:true]
[TRACE DAEMON::trident_api::config::host::storage::storage_graph::builder] Adding edge from filesystem [src:image, dev:esp, mnt:/boot/efi, is_esp:true] to partition 'esp' with kind [regular]
[TRACE DAEMON::trident_api::config::host::storage::storage_graph::builder] Checking references for filesystem [src:image, dev:root, mnt:/]
[TRACE DAEMON::trident_api::config::host::storage::storage_graph::builder] Adding edge from filesystem [src:image, dev:root, mnt:/] to ab-volume 'root' with kind [regular]
[TRACE DAEMON::trident_api::config::host::storage::storage_graph::builder] Checking references for swap on 'swap'
[TRACE DAEMON::trident_api::config::host::storage::storage_graph::builder] Adding edge from swap on 'swap' to partition 'swap' with kind [regular]
[TRACE DAEMON::trident_api::config::host::storage::storage_graph::builder] Built storage graph structure:
    [0] disk 'os'
    [1] partition 'root-a'
    [2] partition 'root-b'
    [3] partition 'esp'
    [4] partition 'swap'
    [5] partition 'home'
    [6] partition 'trident'
    [7] disk 'disk2'
    [8] ab-volume 'root'
      -> [2] partition 'root-b' (regular)
      -> [1] partition 'root-a' (regular)
    [9] filesystem [src:new, type:ext4, dev:trident, mnt:/var/lib/trident]
      -> [6] partition 'trident' (regular)
    [10] filesystem [src:new, type:ext4, dev:home, mnt:/home]
      -> [5] partition 'home' (regular)
    [11] filesystem [src:image, dev:esp, mnt:/boot/efi, is_esp:true]
      -> [3] partition 'esp' (regular)
    [12] filesystem [src:image, dev:root, mnt:/]
      -> [8] ab-volume 'root' (regular)
    [13] swap on 'swap'
      -> [4] partition 'swap' (regular)
[TRACE DAEMON::trident_api::config::host::storage::storage_graph::builder] Checking sharing
[TRACE DAEMON::trident_api::config::host::storage::storage_graph::builder] Checking dependency kind homogeneity
[TRACE DAEMON::trident_api::config::host::storage::storage_graph::builder] Checking partition size homogeneity
[TRACE DAEMON::trident_api::config::host::storage::storage_graph::builder::partition] Checking partition size homogeneity for top-level node: disk 'os'
[TRACE DAEMON::trident_api::config::host::storage::storage_graph::builder::partition] Exploring node: disk 'os'
[TRACE DAEMON::trident_api::config::host::storage::storage_graph::builder::partition] Checking partition size homogeneity for top-level node: disk 'disk2'
[TRACE DAEMON::trident_api::config::host::storage::storage_graph::builder::partition] Exploring node: disk 'disk2'
[TRACE DAEMON::trident_api::config::host::storage::storage_graph::builder::partition] Checking partition size homogeneity for top-level node: filesystem [src:new, type:ext4, dev:trident, mnt:/var/lib/trident]
[TRACE DAEMON::trident_api::config::host::storage::storage_graph::builder::partition] Exploring node: filesystem [src:new, type:ext4, dev:trident, mnt:/var/lib/trident]
[TRACE DAEMON::trident_api::config::host::storage::storage_graph::builder::partition] Exploring node: partition 'trident'
[TRACE DAEMON::trident_api::config::host::storage::storage_graph::builder::partition] Checking partition size homogeneity for top-level node: filesystem [src:new, type:ext4, dev:home, mnt:/home]
[TRACE DAEMON::trident_api::config::host::storage::storage_graph::builder::partition] Exploring node: filesystem [src:new, type:ext4, dev:home, mnt:/home]
[TRACE DAEMON::trident_api::config::host::storage::storage_graph::builder::partition] Exploring node: partition 'home'
[TRACE DAEMON::trident_api::config::host::storage::storage_graph::builder::partition] Checking partition size homogeneity for top-level node: filesystem [src:image, dev:esp, mnt:/boot/efi, is_esp:true]
[TRACE DAEMON::trident_api::config::host::storage::storage_graph::builder::partition] Exploring node: filesystem [src:image, dev:esp, mnt:/boot/efi, is_esp:true]
[TRACE DAEMON::trident_api::config::host::storage::storage_graph::builder::partition] Exploring node: partition 'esp'
[TRACE DAEMON::trident_api::config::host::storage::storage_graph::builder::partition] Checking partition size homogeneity for top-level node: filesystem [src:image, dev:root, mnt:/]
[TRACE DAEMON::trident_api::config::host::storage::storage_graph::builder::partition] Exploring node: filesystem [src:image, dev:root, mnt:/]
[TRACE DAEMON::trident_api::config::host::storage::storage_graph::builder::partition] Exploring node: ab-volume 'root'
[TRACE DAEMON::trident_api::config::host::storage::storage_graph::builder::partition] Exploring node: partition 'root-b'
[TRACE DAEMON::trident_api::config::host::storage::storage_graph::builder::partition] Exploring node: partition 'root-a'
[TRACE DAEMON::trident_api::config::host::storage::storage_graph::builder::partition] Checking partition size homogeneity for top-level node: swap on 'swap'
[TRACE DAEMON::trident_api::config::host::storage::storage_graph::builder::partition] Exploring node: swap on 'swap'
[TRACE DAEMON::trident_api::config::host::storage::storage_graph::builder::partition] Exploring node: partition 'swap'
[TRACE DAEMON::trident_api::config::host::storage::storage_graph::builder] Checking partition type homogeneity
[TRACE DAEMON::trident_api::config::host::storage::storage_graph::builder::partition] Checking partition type homogeneity and validity for top-level node: disk 'os'
[TRACE DAEMON::trident_api::config::host::storage::storage_graph::builder::partition] Exploring node: disk 'os'
[TRACE DAEMON::trident_api::config::host::storage::storage_graph::builder::partition] Checking partition type homogeneity and validity for top-level node: disk 'disk2'
[TRACE DAEMON::trident_api::config::host::storage::storage_graph::builder::partition] Exploring node: disk 'disk2'
[TRACE DAEMON::trident_api::config::host::storage::storage_graph::builder::partition] Checking partition type homogeneity and validity for top-level node: filesystem [src:new, type:ext4, dev:trident, mnt:/var/lib/trident]
[TRACE DAEMON::trident_api::config::host::storage::storage_graph::builder::partition] Exploring node: filesystem [src:new, type:ext4, dev:trident, mnt:/var/lib/trident]
[TRACE DAEMON::trident_api::config::host::storage::storage_graph::builder::partition] Exploring node: partition 'trident'
[TRACE DAEMON::trident_api::config::host::storage::storage_graph::builder::partition] Checking partition type homogeneity and validity for top-level node: filesystem [src:new, type:ext4, dev:home, mnt:/home]
[TRACE DAEMON::trident_api::config::host::storage::storage_graph::builder::partition] Exploring node: filesystem [src:new, type:ext4, dev:home, mnt:/home]
[TRACE DAEMON::trident_api::config::host::storage::storage_graph::builder::partition] Exploring node: partition 'home'
[TRACE DAEMON::trident_api::config::host::storage::storage_graph::builder::partition] Checking partition type homogeneity and validity for top-level node: filesystem [src:image, dev:esp, mnt:/boot/efi, is_esp:true]
[TRACE DAEMON::trident_api::config::host::storage::storage_graph::builder::partition] Exploring node: filesystem [src:image, dev:esp, mnt:/boot/efi, is_esp:true]
[TRACE DAEMON::trident_api::config::host::storage::storage_graph::builder::partition] Exploring node: partition 'esp'
[TRACE DAEMON::trident_api::config::host::storage::storage_graph::builder::partition] Checking partition type homogeneity and validity for top-level node: filesystem [src:image, dev:root, mnt:/]
[TRACE DAEMON::trident_api::config::host::storage::storage_graph::builder::partition] Exploring node: filesystem [src:image, dev:root, mnt:/]
[TRACE DAEMON::trident_api::config::host::storage::storage_graph::builder::partition] Exploring node: ab-volume 'root'
[TRACE DAEMON::trident_api::config::host::storage::storage_graph::builder::partition] Exploring node: partition 'root-b'
[TRACE DAEMON::trident_api::config::host::storage::storage_graph::builder::partition] Exploring node: partition 'root-a'
[TRACE DAEMON::trident_api::config::host::storage::storage_graph::builder::partition] Checking partition type homogeneity and validity for top-level node: swap on 'swap'
[TRACE DAEMON::trident_api::config::host::storage::storage_graph::builder::partition] Exploring node: swap on 'swap'
[TRACE DAEMON::trident_api::config::host::storage::storage_graph::builder::partition] Exploring node: partition 'swap'
[TRACE DAEMON::trident_api::config::host::storage::storage_graph::builder] Checking verity partition types
[TRACE DAEMON::trident_api::config::host::storage::storage_graph::builder] Checking RAID levels
[TRACE DAEMON::trident_api::config::host::storage::storage_graph::builder] Checking targets
[DEBUG DAEMON::trident_api::config::host::storage::storage_graph::builder] Storage graph built successfully with 14 nodes and 7 edges
[TRACE DAEMON::trident_api::config::host::storage] No verity devices found in the Host Configuration, skipping validation
[DEBUG DAEMON::trident::osimage] Attempting to load COSI file from 'http://10.91.162.60:4000/files/regular_v2.cosi'
[TRACE DAEMON::trident::osimage::cosi] Scanning COSI file from 'http://10.91.162.60:4000/files/regular_v2.cosi'
[DEBUG DAEMON::trident::io_utils::file_reader] Loading file from URL: 'http://10.91.162.60:4000/files/regular_v2.cosi'
[DEBUG DAEMON::trident::io_utils::http::file] Opening HTTP file 'http://10.91.162.60:4000/files/regular_v2.cosi'
[DEBUG DAEMON::reqwest::connect] starting new connection: http://10.91.162.60:4000/
[TRACE DAEMON::trident::io_utils::http::file] HTTP file 'http://10.91.162.60:4000/files/regular_v2.cosi' has status: 200 OK
[TRACE DAEMON::trident::io_utils::http::file] HTTP file 'http://10.91.162.60:4000/files/regular_v2.cosi' has size: 180421632
[DEBUG DAEMON::trident::io_utils::http::file] Successfully queried HTTP file 'http://10.91.162.60:4000/files/regular_v2.cosi' of size: 180421632
[TRACE DAEMON::trident::io_utils::http::file] Seeking HTTP file 'http://10.91.162.60:4000/files/regular_v2.cosi' to position 0 after seek: Current(0)
[TRACE DAEMON::trident::io_utils::http::file] Reading HTTP file 'http://10.91.162.60:4000/files/regular_v2.cosi' from 0 to 511 (inclusive) [512 bytes]
[TRACE DAEMON::trident::io_utils::http::subfile] Requesting HTTP range 'bytes=0-511' for subfile at position 0: http://10.91.162.60:4000/files/regular_v2.cosi
[TRACE DAEMON::trident::io_utils::http::subfile] Received a response for subfile 'http://10.91.162.60:4000/files/regular_v2.cosi' at position 0 with 512 bytes
[TRACE DAEMON::trident::osimage::cosi] Reading COSI file entry
[TRACE DAEMON::trident::osimage::cosi] Successfully read COSI file entry: cosi-marker
[TRACE DAEMON::trident::osimage::cosi] Found COSI entry 'cosi-marker' at 512 [0 bytes]
[TRACE DAEMON::trident::io_utils::http::file] Seeking HTTP file 'http://10.91.162.60:4000/files/regular_v2.cosi' to position 512 after seek: Current(0)
[TRACE DAEMON::trident::io_utils::http::file] Reading HTTP file 'http://10.91.162.60:4000/files/regular_v2.cosi' from 512 to 1023 (inclusive) [512 bytes]
[TRACE DAEMON::trident::io_utils::http::subfile] Requesting HTTP range 'bytes=512-1023' for subfile at position 0: http://10.91.162.60:4000/files/regular_v2.cosi
[TRACE DAEMON::trident::io_utils::http::subfile] Received a response for subfile 'http://10.91.162.60:4000/files/regular_v2.cosi' at position 0 with 512 bytes
[TRACE DAEMON::trident::osimage::cosi] Reading COSI file entry
[TRACE DAEMON::trident::osimage::cosi] Successfully read COSI file entry: metadata.json
[TRACE DAEMON::trident::osimage::cosi] Found COSI entry 'metadata.json' at 1024 [33551 bytes]
[TRACE DAEMON::trident::osimage::cosi] Collected 2 COSI entries
[TRACE DAEMON::trident::osimage::cosi] Retrieving metadata from COSI file from 'metadata.json'
[TRACE DAEMON::trident::osimage::cosi] Found COSI metadata in 'metadata.json' at 1024 [33551 bytes]
[TRACE DAEMON::trident::io_utils::http::file] Reading HTTP file 'http://10.91.162.60:4000/files/regular_v2.cosi' from 1024 to 34574 (inclusive) [33551 bytes]
[TRACE DAEMON::trident::io_utils::http::subfile] Requesting HTTP range 'bytes=1024-34574' for subfile at position 0: http://10.91.162.60:4000/files/regular_v2.cosi
[TRACE DAEMON::trident::io_utils::http::subfile] Received a response for subfile 'http://10.91.162.60:4000/files/regular_v2.cosi' at position 0 with 33551 bytes
[TRACE DAEMON::trident::osimage::cosi] Raw COSI metadata:
    {
      "version": "1.2",
      "osArch": "x86_64",
      "disk": {
        "size": 4294967296,
        "type": "gpt",
        "lbaSize": 512,
        "gptRegions": [
          {
            "image": {
              "path": "images/trident-testimage_1_gpt.raw.zst",
              "compressedSize": 217,
              "uncompressedSize": 17408,
              "sha384": "306e632a3ee89f0e5e3254128152b805a0b684039c92981b4bdf2f4eff0faaecb4bf75f7af4489c090024f19ef229fa6"
            },
            "type": "primary-gpt"
          },
          {
            "image": {
              "path": "images/trident-testimage_1_1.raw.zst",
              "compressedSize": 987943,
              "uncompressedSize": 8388608,
              "sha384": "b18ccb1e0fb124bc70a2d5da19f21dcdc48f04d7ec5ddb4973daf43f7f6bcf541f6775edc63c9ce9e11969239752d398"
            },
            "type": "partition",
            "number": 1
          },
          {
            "image": {
              "path": "images/trident-testimage_1_2.raw.zst",
              "compressedSize": 179395533,
              "uncompressedSize": 906743808,
              "sha384": "00dc940ab984fd0e3bac24b34ad6e30359d70bac9f6fb4f80a4b41d34f6828c53450f489b4bf9e508bd2cdeee832f46b"
            },
            "type": "partition",
            "number": 2
          }
        ]
      },
      "images": [
        {
          "image": {
            "path": "images/trident-testimage_1_1.raw.zst",
            "compressedSize": 987943,
            "uncompressedSize": 8388608,
            "sha384": "b18ccb1e0fb124bc70a2d5da19f21dcdc48f04d7ec5ddb4973daf43f7f6bcf541f6775edc63c9ce9e11969239752d398"
          },
          "mountPoint": "/boot/efi",
          "fsType": "vfat",
          "fsUuid": "0FFA-8871",
          "partType": "c12a7328-f81f-11d2-ba4b-00a0c93ec93b",
          "verity": null
        },
        {
          "image": {
            "path": "images/trident-testimage_1_2.raw.zst",
            "compressedSize": 179395533,
            "uncompressedSize": 906743808,
            "sha384": "00dc940ab984fd0e3bac24b34ad6e30359d70bac9f6fb4f80a4b41d34f6828c53450f489b4bf9e508bd2cdeee832f46b"
          },
          "mountPoint": "/",
          "fsType": "ext4",
          "fsUuid": "088fdf96-cf71-4f03-b8af-921bb22a143b",
          "partType": "0fc63daf-8483-4772-8e79-3d69d8477de4",
          "verity": null
        }
      ],
      "osRelease": "NAME=\"Microsoft Azure Linux\"\nVERSION=\"3.0.20260706\"\nID=azurelinux\nVERSION_ID=\"3.0\"\nPRETTY_NAME=\"Microsoft Azure Linux 3.0\"\nANSI_COLOR=\"1;34\"\nHOME_URL=\"https://aka.ms/azurelinux\"\nBUG_REPORT_URL=\"https://aka.ms/azurelinux\"\nSUPPORT_URL=\"https://aka.ms/azurelinux\"\n",
      "id": "71e4c160-ff55-e5c4-1591-d2395c839bba",
      "bootloader": {
        "type": "grub"
      },
      "osPackages": [
        {
          "name": "filesystem",
          "version": "1.1",
          "release": "21.azl3",
          "arch": "x86_64"
        },
        {
          "name": "glibc",
          "version": "2.38",
          "release": "20.azl3",
          "arch": "x86_64"
        },
        {
          "name": "libgcc",
          "version": "13.2.0",
          "release": "7.azl3",
          "arch": "x86_64"
        },
        {
          "name": "libpcre2-8-0",
          "version": "10.42",
          "release": "3.azl3",
          "arch": "x86_64"
        },
        {
          "name": "libpcre2-posix2",
          "version": "10.42",
          "release": "3.azl3",
          "arch": "x86_64"
        },
        {
          "name": "zlib",
          "version": "1.3.2",
          "release": "1.azl3",
          "arch": "x86_64"
        },
        {
          "name": "xz-libs",
          "version": "5.4.4",
          "release": "3.azl3",
          "arch": "x86_64"
        },
        {
          "name": "libattr",
          "version": "2.6.0",
          "release": "1.azl3",
          "arch": "x86_64"
        },
        {
          "name": "SymCrypt",
          "version": "103.8.0",
          "release": "1.azl3",
          "arch": "x86_64"
        },
        {
          "name": "openssl-libs",
          "version": "3.3.7",
          "release": "3.azl3",
          "arch": "x86_64"
        },
        {
          "name": "openssl",
          "version": "3.3.7",
          "release": "3.azl3",
          "arch": "x86_64"
        },
        {
          "name": "SymCrypt-OpenSSL",
          "version": "1.9.5",
          "release": "1.azl3",
          "arch": "x86_64"
        },
        {
          "name": "attr",
          "version": "2.6.0",
          "release": "1.azl3",
          "arch": "x86_64"
        },
        {
          "name": "libacl",
          "version": "2.4.0",
          "release": "1.azl3",
          "arch": "x86_64"
        },
        {
          "name": "libstdc++",
          "version": "13.2.0",
          "release": "7.azl3",
          "arch": "x86_64"
        },
        {
          "name": "ncurses-libs",
          "version": "6.4",
          "release": "3.azl3",
          "arch": "x86_64"
        },
        {
          "name": "readline",
          "version": "8.2",
          "release": "2.azl3",
          "arch": "x86_64"
        },
        {
          "name": "libcap",
          "version": "2.69",
          "release": "15.azl3",
          "arch": "x86_64"
        },
        {
          "name": "libpcre2-32-0",
          "version": "10.42",
          "release": "3.azl3",
          "arch": "x86_64"
        },
        {
          "name": "libpcre2-16-0",
          "version": "10.42",
          "release": "3.azl3",
          "arch": "x86_64"
        },
        {
          "name": "bzip2-libs",
          "version": "1.0.8",
          "release": "2.azl3",
          "arch": "x86_64"
        },
        {
          "name": "pcre2-tools",
          "version": "10.42",
          "release": "3.azl3",
          "arch": "x86_64"
        },
        {
          "name": "pcre2",
          "version": "10.42",
          "release": "3.azl3",
          "arch": "x86_64"
        },
        {
          "name": "gmp",
          "version": "6.3.0",
          "release": "1.azl3",
          "arch": "x86_64"
        },
        {
          "name": "libselinux",
          "version": "3.6",
          "release": "4.azl3",
          "arch": "x86_64"
        },
        {
          "name": "coreutils",
          "version": "9.4",
          "release": "6.azl3",
          "arch": "x86_64"
        },
        {
          "name": "grep",
          "version": "3.11",
          "release": "2.azl3",
          "arch": "x86_64"
        },
        {
          "name": "bash",
          "version": "5.2.15",
          "release": "3.azl3",
          "arch": "x86_64"
        },
        {
          "name": "libsepol",
          "version": "3.6",
          "release": "2.azl3",
          "arch": "x86_64"
        },
        {
          "name": "xz",
          "version": "5.4.4",
          "release": "3.azl3",
          "arch": "x86_64"
        },
        {
          "name": "kmod",
          "version": "30",
          "release": "1.azl3",
          "arch": "x86_64"
        },
        {
          "name": "kernel",
          "version": "6.6.143.1",
          "release": "1.azl3",
          "arch": "x86_64"
        },
        {
          "name": "azurelinux-release",
          "version": "3.0",
          "release": "47.azl3",
          "arch": "noarch"
        },
        {
          "name": "zstd-libs",
          "version": "1.5.5",
          "release": "2.azl3",
          "arch": "x86_64"
        },
        {
          "name": "libxcrypt",
          "version": "4.4.36",
          "release": "2.azl3",
          "arch": "x86_64"
        },
        {
          "name": "util-linux-libs",
          "version": "2.40.2",
          "release": "5.azl3",
          "arch": "x86_64"
        },
        {
          "name": "elfutils-libelf",
          "version": "0.189",
          "release": "6.azl3",
          "arch": "x86_64"
        },
        {
          "name": "cracklib",
          "version": "2.9.11",
          "release": "1.azl3",
          "arch": "x86_64"
        },
        {
          "name": "lz4",
          "version": "1.9.4",
          "release": "2.azl3",
          "arch": "x86_64"
        },
        {
          "name": "systemd-libs",
          "version": "255",
          "release": "33.azl3",
          "arch": "x86_64"
        },
        {
          "name": "libcap-ng",
          "version": "0.8.4",
          "release": "1.azl3",
          "arch": "x86_64"
        },
        {
          "name": "audit-libs",
          "version": "3.1.2",
          "release": "1.azl3",
          "arch": "x86_64"
        },
        {
          "name": "libsemanage",
          "version": "3.6",
          "release": "1.azl3",
          "arch": "x86_64"
        },
        {
          "name": "expat-libs",
          "version": "2.8.2",
          "release": "1.azl3",
          "arch": "x86_64"
        },
        {
          "name": "json-c",
          "version": "0.17",
          "release": "1.azl3",
          "arch": "x86_64"
        },
        {
          "name": "expat",
          "version": "2.8.2",
          "release": "1.azl3",
          "arch": "x86_64"
        },
        {
          "name": "device-mapper-libs",
          "version": "2.03.23",
          "release": "1.azl3",
          "arch": "x86_64"
        },
        {
          "name": "cryptsetup-libs",
          "version": "2.4.3",
          "release": "6.azl3",
          "arch": "x86_64"
        },
        {
          "name": "cracklib-dicts",
          "version": "2.9.11",
          "release": "1.azl3",
          "arch": "x86_64"
        },
        {
          "name": "pam",
          "version": "1.5.3",
          "release": "5.azl3",
          "arch": "x86_64"
        },
        {
          "name": "libpwquality",
          "version": "1.4.5",
          "release": "2.azl3",
          "arch": "x86_64"
        },
        {
          "name": "shadow-utils-subid",
          "version": "4.14.3",
          "release": "2.azl3",
          "arch": "x86_64"
        },
        {
          "name": "shadow-utils",
          "version": "4.14.3",
          "release": "2.azl3",
          "arch": "x86_64"
        },
        {
          "name": "tpm2-tss",
          "version": "4.0.2",
          "release": "1.azl3",
          "arch": "x86_64"
        },
        {
          "name": "libbpf",
          "version": "1.5.0",
          "release": "2.azl3",
          "arch": "x86_64"
        },
        {
          "name": "file-libs",
          "version": "5.45",
          "release": "1.azl3",
          "arch": "x86_64"
        },
        {
          "name": "util-linux",
          "version": "2.40.2",
          "release": "5.azl3",
          "arch": "x86_64"
        },
        {
          "name": "cpio",
          "version": "2.14",
          "release": "1.azl3",
          "arch": "x86_64"
        },
        {
          "name": "findutils",
          "version": "4.9.0",
          "release": "1.azl3",
          "arch": "x86_64"
        },
        {
          "name": "gzip",
          "version": "1.13",
          "release": "2.azl3",
          "arch": "x86_64"
        },
        {
          "name": "sed",
          "version": "4.9",
          "release": "2.azl3",
          "arch": "x86_64"
        },
        {
          "name": "ncurses",
          "version": "6.4",
          "release": "3.azl3",
          "arch": "x86_64"
        },
        {
          "name": "procps-ng",
          "version": "4.0.4",
          "release": "1.azl3",
          "arch": "x86_64"
        },
        {
          "name": "libseccomp",
          "version": "2.5.6",
          "release": "1.azl3",
          "arch": "x86_64"
        },
        {
          "name": "kbd",
          "version": "2.2.0",
          "release": "2.azl3",
          "arch": "x86_64"
        },
        {
          "name": "diffutils",
          "version": "3.10",
          "release": "1.azl3",
          "arch": "x86_64"
        },
        {
          "name": "libxml2",
          "version": "2.11.5",
          "release": "10.azl3",
          "arch": "x86_64"
        },
        {
          "name": "xkeyboard-config",
          "version": "2.40",
          "release": "1.azl3",
          "arch": "noarch"
        },
        {
          "name": "libxkbcommon",
          "version": "1.6.0",
          "release": "2.azl3",
          "arch": "x86_64"
        },
        {
          "name": "libunistring",
          "version": "1.1",
          "release": "1.azl3",
          "arch": "x86_64"
        },
        {
          "name": "libidn2",
          "version": "2.3.4",
          "release": "5.azl3",
          "arch": "x86_64"
        },
        {
          "name": "systemd-resolved",
          "version": "255",
          "release": "33.azl3",
          "arch": "x86_64"
        },
        {
          "name": "systemd-networkd",
          "version": "255",
          "release": "33.azl3",
          "arch": "x86_64"
        },
        {
          "name": "elfutils",
          "version": "0.189",
          "release": "6.azl3",
          "arch": "x86_64"
        },
        {
          "name": "elfutils-default-yama-scope",
          "version": "0.189",
          "release": "6.azl3",
          "arch": "noarch"
        },
        {
          "name": "systemd-pam",
          "version": "255",
          "release": "33.azl3",
          "arch": "x86_64"
        },
        {
          "name": "dbus",
          "version": "1.15.8",
          "release": "3.azl3",
          "arch": "x86_64"
        },
        {
          "name": "systemd",
          "version": "255",
          "release": "33.azl3",
          "arch": "x86_64"
        },
        {
          "name": "libffi",
          "version": "3.4.4",
          "release": "1.azl3",
          "arch": "x86_64"
        },
        {
          "name": "p11-kit",
          "version": "0.25.0",
          "release": "1.azl3",
          "arch": "x86_64"
        },
        {
          "name": "systemd-udev",
          "version": "255",
          "release": "33.azl3",
          "arch": "x86_64"
        },
        {
          "name": "dracut",
          "version": "102",
          "release": "13.azl3",
          "arch": "x86_64"
        },
        {
          "name": "dracut-megaraid",
          "version": "102",
          "release": "13.azl3",
          "arch": "x86_64"
        },
        {
          "name": "systemd-rpm-macros",
          "version": "255",
          "release": "33.azl3",
          "arch": "noarch"
        },
        {
          "name": "libgpg-error",
          "version": "1.48",
          "release": "1.azl3",
          "arch": "x86_64"
        },
        {
          "name": "libassuan",
          "version": "2.5.6",
          "release": "1.azl3",
          "arch": "x86_64"
        },
        {
          "name": "pinentry",
          "version": "1.2.1",
          "release": "1.azl3",
          "arch": "x86_64"
        },
        {
          "name": "libksba",
          "version": "1.6.4",
          "release": "1.azl3",
          "arch": "x86_64"
        },
        {
          "name": "libgcrypt",
          "version": "1.10.3",
          "release": "2.azl3",
          "arch": "x86_64"
        },
        {
          "name": "npth",
          "version": "1.6",
          "release": "4.azl3",
          "arch": "x86_64"
        },
        {
          "name": "sqlite-libs",
          "version": "3.44.0",
          "release": "4.azl3",
          "arch": "x86_64"
        },
        {
          "name": "gnupg2",
          "version": "2.4.9",
          "release": "3.azl3",
          "arch": "x86_64"
        },
        {
          "name": "gpgme",
          "version": "1.23.2",
          "release": "2.azl3",
          "arch": "x86_64"
        },
        {
          "name": "azurelinux-repos-shared",
          "version": "3.0",
          "release": "5.azl3",
          "arch": "noarch"
        },
        {
          "name": "azurelinux-repos",
          "version": "3.0",
          "release": "5.azl3",
          "arch": "noarch"
        },
        {
          "name": "azurelinux-repos-ms-non-oss",
          "version": "3.0",
          "release": "5.azl3",
          "arch": "noarch"
        },
        {
          "name": "azurelinux-repos-ms-oss",
          "version": "3.0",
          "release": "5.azl3",
          "arch": "noarch"
        },
        {
          "name": "popt",
          "version": "1.19",
          "release": "1.azl3",
          "arch": "x86_64"
        },
        {
          "name": "slang",
          "version": "2.3.3",
          "release": "1.azl3",
          "arch": "x86_64"
        },
        {
          "name": "newt",
          "version": "0.52.23",
          "release": "1.azl3",
          "arch": "x86_64"
        },
        {
          "name": "chkconfig",
          "version": "1.25",
          "release": "1.azl3",
          "arch": "x86_64"
        },
        {
          "name": "ca-certificates-shared",
          "version": "3.0.0",
          "release": "14.azl3",
          "arch": "noarch"
        },
        {
          "name": "libtasn1",
          "version": "4.19.0",
          "release": "3.azl3",
          "arch": "x86_64"
        },
        {
          "name": "p11-kit-trust",
          "version": "0.25.0",
          "release": "1.azl3",
          "arch": "x86_64"
        },
        {
          "name": "ca-certificates-tools",
          "version": "3.0.0",
          "release": "14.azl3",
          "arch": "noarch"
        },
        {
          "name": "ca-certificates",
          "version": "3.0.0",
          "release": "14.azl3",
          "arch": "noarch"
        },
        {
          "name": "cronie",
          "version": "1.6.1",
          "release": "1.azl3",
          "arch": "x86_64"
        },
        {
          "name": "cronie-anacron",
          "version": "1.6.1",
          "release": "1.azl3",
          "arch": "x86_64"
        },
        {
          "name": "lmdb-libs",
          "version": "0.9.31",
          "release": "2.azl3",
          "arch": "x86_64"
        },
        {
          "name": "e2fsprogs-libs",
          "version": "1.47.0",
          "release": "2.azl3",
          "arch": "x86_64"
        },
        {
          "name": "krb5",
          "version": "1.21.3",
          "release": "5.azl3",
          "arch": "x86_64"
        },
        {
          "name": "nettle",
          "version": "3.10",
          "release": "1.azl3",
          "arch": "x86_64"
        },
        {
          "name": "ncurses-compat",
          "version": "6.4",
          "release": "3.azl3",
          "arch": "x86_64"
        },
        {
          "name": "libedit",
          "version": "3.1.20230828",
          "release": "1.azl3",
          "arch": "x86_64"
        },
        {
          "name": "bind-license",
          "version": "9.20.23",
          "release": "1.azl3",
          "arch": "noarch"
        },
        {
          "name": "libuv",
          "version": "1.48.0",
          "release": "1.azl3",
          "arch": "x86_64"
        },
        {
          "name": "nghttp2",
          "version": "1.61.0",
          "release": "3.azl3",
          "arch": "x86_64"
        },
        {
          "name": "userspace-rcu",
          "version": "0.14.0",
          "release": "2.azl3",
          "arch": "x86_64"
        },
        {
          "name": "bind-libs",
          "version": "9.20.23",
          "release": "1.azl3",
          "arch": "x86_64"
        },
        {
          "name": "bind-utils",
          "version": "9.20.23",
          "release": "1.azl3",
          "arch": "x86_64"
        },
        {
          "name": "chrony",
          "version": "4.5",
          "release": "1.azl3",
          "arch": "x86_64"
        },
        {
          "name": "cryptsetup",
          "version": "2.4.3",
          "release": "6.azl3",
          "arch": "x86_64"
        },
        {
          "name": "e2fsprogs",
          "version": "1.47.0",
          "release": "2.azl3",
          "arch": "x86_64"
        },
        {
          "name": "grub2-configuration",
          "version": "2.06",
          "release": "27.azl3",
          "arch": "x86_64"
        },
        {
          "name": "grub2-tools-minimal",
          "version": "2.06",
          "release": "27.azl3",
          "arch": "x86_64"
        },
        {
          "name": "shim",
          "version": "15.8",
          "release": "6.azl3",
          "arch": "x86_64"
        },
        {
          "name": "logrotate",
          "version": "3.21.0",
          "release": "1.azl3",
          "arch": "x86_64"
        },
        {
          "name": "ncurses-term",
          "version": "6.4",
          "release": "3.azl3",
          "arch": "x86_64"
        },
        {
          "name": "libdb",
          "version": "5.3.28",
          "release": "9.azl3",
          "arch": "x86_64"
        },
        {
          "name": "cyrus-sasl-lib",
          "version": "2.1.28",
          "release": "8.azl3",
          "arch": "x86_64"
        },
        {
          "name": "pkgconf-m4",
          "version": "2.0.2",
          "release": "1.azl3",
          "arch": "noarch"
        },
        {
          "name": "libpkgconf",
          "version": "2.0.2",
          "release": "1.azl3",
          "arch": "x86_64"
        },
        {
          "name": "pkgconf",
          "version": "2.0.2",
          "release": "1.azl3",
          "arch": "x86_64"
        },
        {
          "name": "pkgconf-pkg-config",
          "version": "2.0.2",
          "release": "1.azl3",
          "arch": "x86_64"
        },
        {
          "name": "openldap",
          "version": "2.6.7",
          "release": "2.azl3",
          "arch": "x86_64"
        },
        {
          "name": "sudo",
          "version": "1.9.17",
          "release": "2.azl3",
          "arch": "x86_64"
        },
        {
          "name": "tdnf-cli-libs",
          "version": "3.5.8",
          "release": "8.azl3",
          "arch": "x86_64"
        },
        {
          "name": "libssh2",
          "version": "1.11.1",
          "release": "4.azl3",
          "arch": "x86_64"
        },
        {
          "name": "lua-libs",
          "version": "5.4.6",
          "release": "1.azl3",
          "arch": "x86_64"
        },
        {
          "name": "rpm-libs",
          "version": "4.18.2",
          "release": "1.azl3",
          "arch": "x86_64"
        },
        {
          "name": "libsolv",
          "version": "0.7.28",
          "release": "4.azl3",
          "arch": "x86_64"
        },
        {
          "name": "tdnf",
          "version": "3.5.8",
          "release": "8.azl3",
          "arch": "x86_64"
        },
        {
          "name": "tdnf-plugin-repogpgcheck",
          "version": "3.5.8",
          "release": "8.azl3",
          "arch": "x86_64"
        },
        {
          "name": "dracut-hostonly",
          "version": "102",
          "release": "13.azl3",
          "arch": "x86_64"
        },
        {
          "name": "dracut-vrf",
          "version": "102",
          "release": "13.azl3",
          "arch": "x86_64"
        },
        {
          "name": "dhcpcd",
          "version": "10.0.8",
          "release": "4.azl3",
          "arch": "x86_64"
        },
        {
          "name": "net-tools",
          "version": "2.10",
          "release": "4.azl3",
          "arch": "x86_64"
        },
        {
          "name": "libyaml",
          "version": "0.2.5",
          "release": "3.azl3",
          "arch": "x86_64"
        },
        {
          "name": "libmnl",
          "version": "1.0.5",
          "release": "1.azl3",
          "arch": "x86_64"
        },
        {
          "name": "psmisc",
          "version": "23.6",
          "release": "1.azl3",
          "arch": "x86_64"
        },
        {
          "name": "iproute",
          "version": "6.7.0",
          "release": "2.azl3",
          "arch": "x86_64"
        },
        {
          "name": "gdbm",
          "version": "1.23",
          "release": "1.azl3",
          "arch": "x86_64"
        },
        {
          "name": "python3",
          "version": "3.12.9",
          "release": "13.azl3",
          "arch": "x86_64"
        },
        {
          "name": "python3-libs",
          "version": "3.12.9",
          "release": "13.azl3",
          "arch": "x86_64"
        },
        {
          "name": "python3-six",
          "version": "1.16.0",
          "release": "3.azl3",
          "arch": "noarch"
        },
        {
          "name": "python3-idna",
          "version": "3.7",
          "release": "1.azl3",
          "arch": "noarch"
        },
        {
          "name": "python3-markupsafe",
          "version": "2.1.3",
          "release": "1.azl3",
          "arch": "x86_64"
        },
        {
          "name": "python3-jinja2",
          "version": "3.1.2",
          "release": "3.azl3",
          "arch": "noarch"
        },
        {
          "name": "python3-configobj",
          "version": "5.0.6",
          "release": "7.azl3",
          "arch": "noarch"
        },
        {
          "name": "PyYAML",
          "version": "6.0.1",
          "release": "1.azl3",
          "arch": "x86_64"
        },
        {
          "name": "python3-pyparsing",
          "version": "3.1.1",
          "release": "1.azl3",
          "arch": "noarch"
        },
        {
          "name": "python3-packaging",
          "version": "23.2",
          "release": "3.azl3",
          "arch": "noarch"
        },
        {
          "name": "python3-pycparser",
          "version": "2.21",
          "release": "1.azl3",
          "arch": "noarch"
        },
        {
          "name": "python3-cffi",
          "version": "1.16.0",
          "release": "1.azl3",
          "arch": "x86_64"
        },
        {
          "name": "python3-pyasn1",
          "version": "0.4.8",
          "release": "2.azl3",
          "arch": "noarch"
        },
        {
          "name": "python3-asn1crypto",
          "version": "1.5.1",
          "release": "2.azl3",
          "arch": "noarch"
        },
        {
          "name": "python3-cryptography",
          "version": "42.0.5",
          "release": "4.azl3",
          "arch": "x86_64"
        },
        {
          "name": "python3-pyOpenSSL",
          "version": "24.2.1",
          "release": "2.azl3",
          "arch": "noarch"
        },
        {
          "name": "python3-jwt",
          "version": "2.8.0",
          "release": "2.azl3",
          "arch": "noarch"
        },
        {
          "name": "python3-urllib3",
          "version": "2.0.7",
          "release": "5.azl3",
          "arch": "noarch"
        },
        {
          "name": "python3-charset-normalizer",
          "version": "3.2.0",
          "release": "1.azl3",
          "arch": "noarch"
        },
        {
          "name": "python3-certifi",
          "version": "2024.02.02",
          "release": "1.azl3",
          "arch": "noarch"
        },
        {
          "name": "python3-requests",
          "version": "2.31.0",
          "release": "4.azl3",
          "arch": "noarch"
        },
        {
          "name": "python3-wcwidth",
          "version": "0.2.6",
          "release": "2.azl3",
          "arch": "noarch"
        },
        {
          "name": "python3-prettytable",
          "version": "3.10.0",
          "release": "1.azl3",
          "arch": "noarch"
        },
        {
          "name": "python3-blinker",
          "version": "1.9.0",
          "release": "1.azl3",
          "arch": "noarch"
        },
        {
          "name": "python3-oauthlib",
          "version": "3.2.2",
          "release": "2.azl3",
          "arch": "noarch"
        },
        {
          "name": "python3-jsonpointer",
          "version": "2.4",
          "release": "1.azl3",
          "arch": "noarch"
        },
        {
          "name": "python3-jsonpatch",
          "version": "1.33",
          "release": "1.azl3",
          "arch": "noarch"
        },
        {
          "name": "python3-setuptools",
          "version": "69.0.3",
          "release": "5.azl3",
          "arch": "noarch"
        },
        {
          "name": "python3-netifaces",
          "version": "0.11.0",
          "release": "1.azl3",
          "arch": "x86_64"
        },
        {
          "name": "python3-jsonschema",
          "version": "2.6.0",
          "release": "7.azl3",
          "arch": "noarch"
        },
        {
          "name": "cloud-init",
          "version": "24.3.1",
          "release": "3.azl3",
          "arch": "noarch"
        },
        {
          "name": "gptfdisk",
          "version": "1.0.10",
          "release": "1.azl3",
          "arch": "x86_64"
        },
        {
          "name": "mpfr",
          "version": "4.2.1",
          "release": "1.azl3",
          "arch": "x86_64"
        },
        {
          "name": "gawk",
          "version": "5.2.2",
          "release": "1.azl3",
          "arch": "x86_64"
        },
        {
          "name": "cloud-utils-growpart",
          "version": "0.33",
          "release": "1.azl3",
          "arch": "noarch"
        },
        {
          "name": "libselinux-utils",
          "version": "3.6",
          "release": "4.azl3",
          "arch": "x86_64"
        },
        {
          "name": "policycoreutils-basic",
          "version": "3.6",
          "release": "1.azl3",
          "arch": "x86_64"
        },
        {
          "name": "libarchive",
          "version": "3.7.7",
          "release": "6.azl3",
          "arch": "x86_64"
        },
        {
          "name": "rpm",
          "version": "4.18.2",
          "release": "1.azl3",
          "arch": "x86_64"
        },
        {
          "name": "policycoreutils",
          "version": "3.6",
          "release": "1.azl3",
          "arch": "x86_64"
        },
        {
          "name": "selinux-policy",
          "version": "2.20240226",
          "release": "14.azl3",
          "arch": "noarch"
        },
        {
          "name": "initramfs",
          "version": "3.0",
          "release": "5.azl3",
          "arch": "x86_64"
        },
        {
          "name": "gpg-pubkey",
          "version": "3135ce90",
          "release": "5e6fda74",
          "arch": "(none)"
        },
        {
          "name": "glib",
          "version": "2.78.6",
          "release": "10.azl3",
          "arch": "x86_64"
        },
        {
          "name": "curl-libs",
          "version": "8.11.1",
          "release": "10.azl3",
          "arch": "x86_64"
        },
        {
          "name": "ntfs-3g-libs",
          "version": "2022.10.3",
          "release": "3.azl3",
          "arch": "x86_64"
        },
        {
          "name": "libselinux-python3",
          "version": "3.6",
          "release": "4.azl3",
          "arch": "x86_64"
        },
        {
          "name": "device-mapper",
          "version": "2.03.23",
          "release": "1.azl3",
          "arch": "x86_64"
        },
        {
          "name": "device-mapper-event-libs",
          "version": "2.03.23",
          "release": "1.azl3",
          "arch": "x86_64"
        },
        {
          "name": "zchunk-libs",
          "version": "1.3.2",
          "release": "1.azl3",
          "arch": "x86_64"
        },
        {
          "name": "zchunk",
          "version": "1.3.2",
          "release": "1.azl3",
          "arch": "x86_64"
        },
        {
          "name": "librepo",
          "version": "1.15.2",
          "release": "1.azl3",
          "arch": "x86_64"
        },
        {
          "name": "device-mapper-event",
          "version": "2.03.23",
          "release": "1.azl3",
          "arch": "x86_64"
        },
        {
          "name": "setools-python3",
          "version": "4.4.4",
          "release": "2.azl3",
          "arch": "x86_64"
        },
        {
          "name": "libsemanage-python3",
          "version": "3.6",
          "release": "1.azl3",
          "arch": "x86_64"
        },
        {
          "name": "ntfs-3g-system-compression",
          "version": "1.0",
          "release": "5.azl3",
          "arch": "x86_64"
        },
        {
          "name": "curl",
          "version": "8.11.1",
          "release": "10.azl3",
          "arch": "x86_64"
        },
        {
          "name": "tpm2-tools",
          "version": "5.5.1",
          "release": "1.azl3",
          "arch": "x86_64"
        },
        {
          "name": "python3-dbus",
          "version": "1.3.2",
          "release": "1.azl3",
          "arch": "x86_64"
        },
        {
          "name": "libmodulemd",
          "version": "2.15.0",
          "release": "1.azl3",
          "arch": "x86_64"
        },
        {
          "name": "libdnf",
          "version": "0.73.0",
          "release": "1.azl3",
          "arch": "x86_64"
        },
        {
          "name": "python3-libdnf",
          "version": "0.73.0",
          "release": "1.azl3",
          "arch": "x86_64"
        },
        {
          "name": "python3-hawkey",
          "version": "0.73.0",
          "release": "1.azl3",
          "arch": "x86_64"
        },
        {
          "name": "netplan-libs",
          "version": "1.0.1",
          "release": "1.azl3",
          "arch": "x86_64"
        },
        {
          "name": "netplan-default-backend-networkd",
          "version": "1.0.1",
          "release": "1.azl3",
          "arch": "noarch"
        },
        {
          "name": "netplan",
          "version": "1.0.1",
          "release": "1.azl3",
          "arch": "x86_64"
        },
        {
          "name": "openssh-clients",
          "version": "9.8p1",
          "release": "9.azl3",
          "arch": "x86_64"
        },
        {
          "name": "mdadm",
          "version": "4.3",
          "release": "1.azl3",
          "arch": "x86_64"
        },
        {
          "name": "audit",
          "version": "3.1.2",
          "release": "1.azl3",
          "arch": "x86_64"
        },
        {
          "name": "python3-audit",
          "version": "3.1.2",
          "release": "1.azl3",
          "arch": "x86_64"
        },
        {
          "name": "dosfstools",
          "version": "4.2",
          "release": "1.azl3",
          "arch": "x86_64"
        },
        {
          "name": "veritysetup",
          "version": "2.4.3",
          "release": "6.azl3",
          "arch": "x86_64"
        },
        {
          "name": "efivar",
          "version": "39",
          "release": "1.azl3",
          "arch": "x86_64"
        },
        {
          "name": "efibootmgr",
          "version": "18",
          "release": "1.azl3",
          "arch": "x86_64"
        },
        {
          "name": "iana-etc",
          "version": "20240125",
          "release": "1.azl3",
          "arch": "noarch"
        },
        {
          "name": "libnftnl",
          "version": "1.2.6",
          "release": "1.azl3",
          "arch": "x86_64"
        },
        {
          "name": "libtirpc",
          "version": "1.3.4",
          "release": "1.azl3",
          "arch": "x86_64"
        },
        {
          "name": "lsof",
          "version": "4.98.0",
          "release": "1.azl3",
          "arch": "x86_64"
        },
        {
          "name": "libaio",
          "version": "0.3.113",
          "release": "1.azl3",
          "arch": "x86_64"
        },
        {
          "name": "fuse",
          "version": "2.9.7",
          "release": "10.azl3",
          "arch": "x86_64"
        },
        {
          "name": "ntfs-3g",
          "version": "2022.10.3",
          "release": "3.azl3",
          "arch": "x86_64"
        },
        {
          "name": "dnf-data",
          "version": "4.19.0",
          "release": "1.azl3",
          "arch": "noarch"
        },
        {
          "name": "python3-gpg",
          "version": "1.23.2",
          "release": "2.azl3",
          "arch": "x86_64"
        },
        {
          "name": "libcomps",
          "version": "0.1.19",
          "release": "1.azl3",
          "arch": "x86_64"
        },
        {
          "name": "python3-libcomps",
          "version": "0.1.19",
          "release": "1.azl3",
          "arch": "x86_64"
        },
        {
          "name": "libgomp",
          "version": "13.2.0",
          "release": "7.azl3",
          "arch": "x86_64"
        },
        {
          "name": "rpm-build-libs",
          "version": "4.18.2",
          "release": "1.azl3",
          "arch": "x86_64"
        },
        {
          "name": "popt-devel",
          "version": "1.19",
          "release": "1.azl3",
          "arch": "x86_64"
        },
        {
          "name": "zstd",
          "version": "1.5.5",
          "release": "2.azl3",
          "arch": "x86_64"
        },
        {
          "name": "zstd-devel",
          "version": "1.5.5",
          "release": "2.azl3",
          "arch": "x86_64"
        },
        {
          "name": "rpm-devel",
          "version": "4.18.2",
          "release": "1.azl3",
          "arch": "x86_64"
        },
        {
          "name": "python3-rpm",
          "version": "4.18.2",
          "release": "1.azl3",
          "arch": "x86_64"
        },
        {
          "name": "python3-curses",
          "version": "3.12.9",
          "release": "13.azl3",
          "arch": "x86_64"
        },
        {
          "name": "python3-dnf",
          "version": "4.19.0",
          "release": "1.azl3",
          "arch": "noarch"
        },
        {
          "name": "checkpolicy",
          "version": "3.6",
          "release": "1.azl3",
          "arch": "x86_64"
        },
        {
          "name": "policycoreutils-python3",
          "version": "3.6",
          "release": "1.azl3",
          "arch": "noarch"
        },
        {
          "name": "policycoreutils-python-utils",
          "version": "3.6",
          "release": "1.azl3",
          "arch": "noarch"
        },
        {
          "name": "trident-selinux",
          "version": "0.26.0",
          "release": "2026071402.v44567e0.azl3",
          "arch": "noarch"
        },
        {
          "name": "autogen-libopts",
          "version": "5.18.16",
          "release": "9.azl3",
          "arch": "x86_64"
        },
        {
          "name": "gc",
          "version": "8.2.2",
          "release": "1.azl3",
          "arch": "x86_64"
        },
        {
          "name": "gnutls",
          "version": "3.8.13",
          "release": "1.azl3",
          "arch": "x86_64"
        },
        {
          "name": "ntfsprogs",
          "version": "2022.10.3",
          "release": "3.azl3",
          "arch": "x86_64"
        },
        {
          "name": "trident",
          "version": "0.26.0",
          "release": "2026071402.v44567e0.azl3",
          "arch": "x86_64"
        },
        {
          "name": "trident-service",
          "version": "0.26.0",
          "release": "2026071402.v44567e0.azl3",
          "arch": "x86_64"
        },
        {
          "name": "dnf",
          "version": "4.19.0",
          "release": "1.azl3",
          "arch": "noarch"
        },
        {
          "name": "lvm2",
          "version": "2.03.23",
          "release": "1.azl3",
          "arch": "x86_64"
        },
        {
          "name": "iptables",
          "version": "1.8.10",
          "release": "4.azl3",
          "arch": "x86_64"
        },
        {
          "name": "openssh-server",
          "version": "9.8p1",
          "release": "9.azl3",
          "arch": "x86_64"
        },
        {
          "name": "grub2-efi-binary-noprefix",
          "version": "2.06",
          "release": "27.azl3",
          "arch": "x86_64"
        },
        {
          "name": "vim",
          "version": "9.2.0782",
          "release": "1.azl3",
          "arch": "x86_64"
        }
      ],
      "compression": {
        "maxWindowLog": 27
      }
    }
[TRACE DAEMON::trident::osimage::cosi] Validating COSI metadata version: 1.2
[DEBUG DAEMON::trident::osimage::cosi] Successfully read COSI metadata [v1.2]
[INFO  DAEMON::trident::osimage] Loaded COSI file from 'http://10.91.162.60:4000/files/regular_v2.cosi' with hash '8a85abea244bfe376119f785f720a4a0da4167216722274e7458d51a79942deef31e1c9a8c865dcf2f371fea9bc2488e'
[DEBUG DAEMON::trident::osimage] OS image provides the following mount points: /
[DEBUG DAEMON::trident] Host Configuration has been updated
[TRACE DAEMON::trident::logging::tracestream] Entered span: "update"
[INFO  DAEMON::trident::engine::update] Starting update
[DEBUG DAEMON::trident::engine] Rebuilding storage graph for engine context
[DEBUG DAEMON::trident::engine::update] A/B update is enabled, validating that '"Volume A"' is currently active
[DEBUG DAEMON::osutils::block_devices] Not running inside a container. Using default root mount path '/'
[TRACE DAEMON::osutils::dependencies] Executing 'findmnt --tab-file /proc/self/mountinfo --json --output source,target,fstype,vfs-options,fs-options,freq,passno --mountpoint /'
[TRACE DAEMON::osutils::dependencies] Executed 'findmnt --tab-file /proc/self/mountinfo --json --output source,target,fstype,vfs-options,fs-options,freq,passno --mountpoint /': exited with status: 0. Report:
    stdout:
    {
       "filesystems": [
          {
             "source": "/dev/sda1",
             "target": "/",
             "fstype": "ext4",
             "vfs-options": "rw,relatime",
             "fs-options": "rw,seclabel",
             "freq": null,
             "passno": null
          }
       ]
    }
    
    
[DEBUG DAEMON::trident::engine::rollback] Device is not on verity
[DEBUG DAEMON::trident::engine::context] A/B volume pair with block device ID 'root': AbVolumePair { id: "root", volume_a_id: "root-a", volume_b_id: "root-b" }
[DEBUG DAEMON::trident::engine::rollback] Volume A path: /dev/disk/by-partuuid/d23517e6-f337-4477-86de-d612039b6b1a (device ID: root-a)
[DEBUG DAEMON::trident::engine::rollback] Volume B path: /dev/disk/by-partuuid/bdce528b-7250-4434-99d6-7f310ecc269e (device ID: root-b)
[DEBUG DAEMON::trident::engine::rollback] Volume A path (canonical): /dev/sda1
[DEBUG DAEMON::trident::engine::rollback] Volume B path (canonical): /dev/sda2
[DEBUG DAEMON::trident::engine::rollback] Current device path '/dev/sda1' matches volume A path '/dev/sda1'
[DEBUG DAEMON::trident::engine::update] Determining servicing type of required update
[DEBUG DAEMON::trident::engine::context::image] Checking OS image to determine if an A/B update is required
[DEBUG DAEMON::trident::engine::update] Update of servicing type 'AbUpdate' is required
[TRACE DAEMON::trident::logging::tracestream] Entered span: "validate_host_config"
[INFO  DAEMON::trident::engine] Starting step 'Validate'
[DEBUG DAEMON::trident::engine] Starting step 'Validate' for subsystem 'mos-config'
[DEBUG DAEMON::trident::subsystems::osconfig] Skipping step 'Validate' for subsystem 'mos-config' during servicing type 'AbUpdate'
[DEBUG DAEMON::trident::engine] Starting step 'Validate' for subsystem 'esp'
[DEBUG DAEMON::trident::engine] Starting step 'Validate' for subsystem 'storage'
[DEBUG DAEMON::trident::subsystems::storage::osimage] Validating Host Configuration filesystems against OS image
[TRACE DAEMON::trident::osimage::cosi::metadata] Found ESP filesystem image at '/boot/efi': Image {
        file: ImageFile {
            path: "images/trident-testimage_1_1.raw.zst",
            compressed_size: 987943,
            uncompressed_size: 8388608,
            sha384: Sha384Hash(
                "b18ccb1e0fb124bc70a2d5da19f21dcdc48f04d7ec5ddb4973daf43f7f6bcf541f6775edc63c9ce9e11969239752d398",
            ),
        },
        mount_point: "/boot/efi",
        fs_type: Vfat,
        fs_uuid: Relaxed(
            "0FFA-8871",
        ),
        part_type: Esp,
        verity: None,
    }
[DEBUG DAEMON::trident::subsystems::storage::osimage] Validating uniqueness of OS image filesystem UUIDs
[TRACE DAEMON::osutils::dependencies] Executing 'lsblk --json --path /dev/disk/by-partuuid/d23517e6-f337-4477-86de-d612039b6b1a --output-all --bytes'
[TRACE DAEMON::osutils::dependencies] Executed 'lsblk --json --path /dev/disk/by-partuuid/d23517e6-f337-4477-86de-d612039b6b1a --output-all --bytes': exited with status: 0. Report:
    stdout:
    {
       "blockdevices": [
          {
             "alignment": 0,
             "id-link": null,
             "id": null,
             "disc-aln": 0,
             "dax": false,
             "disc-gran": 512,
             "disk-seq": 25,
             "disc-max": 2147450880,
             "disc-zero": false,
             "fsavail": 7394639872,
             "fsroots": [
                 "/"
             ],
             "fssize": 8369471488,
             "fstype": "ext4",
             "fsused": 528584704,
             "fsuse%": "6%",
             "fsver": null,
             "group": "disk",
             "hctl": null,
             "hotplug": false,
             "kname": "/dev/sda1",
             "label": null,
             "log-sec": 512,
             "maj:min": "8:1",
             "maj": "8",
             "min": "1",
             "min-io": 512,
             "mode": "brw-rw----",
             "model": null,
             "mq": "  1",
             "name": "/dev/sda1",
             "opt-io": 0,
             "owner": "root",
             "partflags": "0x800000000000000",
             "partlabel": "root-a",
             "partn": 1,
             "parttype": "4f68bce3-e8cd-4db1-96e7-fbcaf984b709",
             "parttypename": null,
             "partuuid": "d23517e6-f337-4477-86de-d612039b6b1a",
             "path": "/dev/sda1",
             "phy-sec": 512,
             "pkname": "/dev/sda",
             "pttype": null,
             "ptuuid": null,
             "ra": 128,
             "rand": true,
             "rev": null,
             "rm": false,
             "ro": false,
             "rota": true,
             "rq-size": 32,
             "sched": "none",
             "serial": null,
             "size": 8589934592,
             "start": 2048,
             "state": null,
             "subsystems": "block:scsi:pci",
             "mountpoint": "/",
             "mountpoints": [
                 "/"
             ],
             "tran": null,
             "type": "part",
             "uuid": "c2446a75-a58a-4342-b3be-053cdfa843c8",
             "vendor": null,
             "wsame": 0,
             "wwn": null,
             "zoned": "none",
             "zone-sz": 0,
             "zone-wgran": 0,
             "zone-app": 0,
             "zone-nr": 0,
             "zone-omax": 0,
             "zone-amax": 0
          }
       ]
    }
    
    
[TRACE DAEMON::trident::subsystems::storage::osimage] Checking A/B volume pair 'root'. Found active volume filesystem UUID 'c2446a75-a58a-4342-b3be-053cdfa843c8'and inactive volume filesystem UUID '088fdf96-cf71-4f03-b8af-921bb22a143b'
[DEBUG DAEMON::trident::subsystems::storage::osimage] Validating Host Configuration verity configuration against OS image
[DEBUG DAEMON::trident::subsystems::storage::osimage] Validating ESP image in OS image
[TRACE DAEMON::trident::osimage::cosi::metadata] Found ESP filesystem image at '/boot/efi': Image {
        file: ImageFile {
            path: "images/trident-testimage_1_1.raw.zst",
            compressed_size: 987943,
            uncompressed_size: 8388608,
            sha384: Sha384Hash(
                "b18ccb1e0fb124bc70a2d5da19f21dcdc48f04d7ec5ddb4973daf43f7f6bcf541f6775edc63c9ce9e11969239752d398",
            ),
        },
        mount_point: "/boot/efi",
        fs_type: Vfat,
        fs_uuid: Relaxed(
            "0FFA-8871",
        ),
        part_type: Esp,
        verity: None,
    }
[TRACE DAEMON::trident::subsystems::storage::osimage] Found 8589934592 bytes of available space in /var/tmp.
[TRACE DAEMON::trident::subsystems::storage::osimage] The uncompressed size of the ESP image is 8388608 bytes.
[DEBUG DAEMON::trident::subsystems::storage::osimage] Validating filesystem mounted at or containing /boot
[DEBUG DAEMON::trident::subsystems::storage::osimage] Validating filesystems in OS image fit in their corresponding block devices
[TRACE DAEMON::trident::subsystems::storage::osimage] The size of the filesystem associated with block device 'root' is 906743808 bytes.
[TRACE DAEMON::trident::subsystems::storage::osimage] The size of the block device with id 'root' is 8589934592 bytes.
[DEBUG DAEMON::trident::subsystems::storage::osimage] Found filesystem with size 864.7M and block device with size 8.0G for device 'root'
[DEBUG DAEMON::trident::engine] Starting step 'Validate' for subsystem 'boot'
[DEBUG DAEMON::trident::engine] Starting step 'Validate' for subsystem 'network'
[DEBUG DAEMON::trident::engine] Starting step 'Validate' for subsystem 'os-config'
[DEBUG DAEMON::trident::engine] Starting step 'Validate' for subsystem 'management'
[DEBUG DAEMON::trident::engine] Starting step 'Validate' for subsystem 'extensions'
[DEBUG DAEMON::trident::engine] Starting step 'Validate' for subsystem 'hooks'
[DEBUG DAEMON::trident::engine] Starting step 'Validate' for subsystem 'initrd'
[DEBUG DAEMON::trident::engine] Starting step 'Validate' for subsystem 'selinux'
[DEBUG DAEMON::trident::engine] Finished step 'Validate'
[TRACE DAEMON::trident::logging::tracestream] Closed span: "validate_host_config", execution_time: 0.01 seconds
[TRACE DAEMON::trident::osimage::cosi::metadata] Found ESP filesystem image at '/boot/efi': Image {
        file: ImageFile {
            path: "images/trident-testimage_1_1.raw.zst",
            compressed_size: 987943,
            uncompressed_size: 8388608,
            sha384: Sha384Hash(
                "b18ccb1e0fb124bc70a2d5da19f21dcdc48f04d7ec5ddb4973daf43f7f6bcf541f6775edc63c9ce9e11969239752d398",
            ),
        },
        mount_point: "/boot/efi",
        fs_type: Vfat,
        fs_uuid: Relaxed(
            "0FFA-8871",
        ),
        part_type: Esp,
        verity: None,
    }
[TRACE DAEMON::trident::logging::tracestream] Entered span: "stage_update"
[INFO  DAEMON::trident::engine::ab_update] Staging A/B update
[INFO  DAEMON::trident::engine] Starting step 'Prepare'
[DEBUG DAEMON::trident::engine] Starting step 'Prepare' for subsystem 'mos-config'
[DEBUG DAEMON::trident::subsystems::osconfig] Skipping step 'Prepare' for subsystem 'mos-config' during servicing type 'AbUpdate'
[DEBUG DAEMON::trident::engine] Starting step 'Prepare' for subsystem 'esp'
[DEBUG DAEMON::trident::engine] Starting step 'Prepare' for subsystem 'storage'
[DEBUG DAEMON::trident::engine] Starting step 'Prepare' for subsystem 'boot'
[DEBUG DAEMON::trident::engine] Starting step 'Prepare' for subsystem 'network'
[DEBUG DAEMON::trident::engine] Starting step 'Prepare' for subsystem 'os-config'
[DEBUG DAEMON::trident::engine] Starting step 'Prepare' for subsystem 'management'
[DEBUG DAEMON::trident::engine] Starting step 'Prepare' for subsystem 'extensions'
[DEBUG DAEMON::trident::subsystems::extensions] Skipping step 'prepare' because servicing type is not RuntimeUpdate.
[DEBUG DAEMON::trident::engine] Starting step 'Prepare' for subsystem 'hooks'
[DEBUG DAEMON::trident::engine] Starting step 'Prepare' for subsystem 'initrd'
[DEBUG DAEMON::trident::engine] Starting step 'Prepare' for subsystem 'selinux'
[DEBUG DAEMON::trident::engine] Finished step 'Prepare'
[DEBUG DAEMON::trident::engine::ab_update] Preparing storage to mount new root
[TRACE DAEMON::trident::logging::tracestream] Entered span: "stop_trident_servicing_devices"
[TRACE DAEMON::trident::logging::tracestream] Closed span: "stop_trident_servicing_devices", execution_time: 0.00 seconds
[TRACE DAEMON::trident::logging::tracestream] Entered span: "initialize_block_devices"
[TRACE DAEMON::trident::logging::tracestream] Entered span: "image_provision"
[DEBUG DAEMON::trident::engine::storage::image] Skipping deployment of filesystem [src:image, type:vfat, dev:esp, mnt:/boot/efi] sourced from OS Image, as it is the ESP.
[TRACE DAEMON::trident::io_utils::http::file] Seeking HTTP file 'http://10.91.162.60:4000/files/regular_v2.cosi' to position 0 after seek: Current(0)
[TRACE DAEMON::trident::io_utils::http::file] Reading HTTP file 'http://10.91.162.60:4000/files/regular_v2.cosi' from 0 to 511 (inclusive) [512 bytes]
[TRACE DAEMON::trident::io_utils::http::subfile] Requesting HTTP range 'bytes=0-511' for subfile at position 0: http://10.91.162.60:4000/files/regular_v2.cosi
[TRACE DAEMON::trident::io_utils::http::subfile] Received a response for subfile 'http://10.91.162.60:4000/files/regular_v2.cosi' at position 0 with 512 bytes
[TRACE DAEMON::trident::osimage::cosi] Reading COSI file entry
[TRACE DAEMON::trident::osimage::cosi] Successfully read COSI file entry: cosi-marker
[TRACE DAEMON::trident::osimage::cosi] Found COSI entry 'cosi-marker' at 512 [0 bytes]
[DEBUG DAEMON::trident::engine::storage::image] Skipping non-image file at path 'cosi-marker' from imaging
[TRACE DAEMON::trident::io_utils::http::file] Seeking HTTP file 'http://10.91.162.60:4000/files/regular_v2.cosi' to position 512 after seek: Current(0)
[TRACE DAEMON::trident::io_utils::http::file] Reading HTTP file 'http://10.91.162.60:4000/files/regular_v2.cosi' from 512 to 1023 (inclusive) [512 bytes]
[TRACE DAEMON::trident::io_utils::http::subfile] Requesting HTTP range 'bytes=512-1023' for subfile at position 0: http://10.91.162.60:4000/files/regular_v2.cosi
[TRACE DAEMON::trident::io_utils::http::subfile] Received a response for subfile 'http://10.91.162.60:4000/files/regular_v2.cosi' at position 0 with 512 bytes
[TRACE DAEMON::trident::osimage::cosi] Reading COSI file entry
[TRACE DAEMON::trident::osimage::cosi] Successfully read COSI file entry: metadata.json
[TRACE DAEMON::trident::osimage::cosi] Found COSI entry 'metadata.json' at 1024 [33551 bytes]
[TRACE DAEMON::trident::io_utils::http::file] Reading HTTP file 'http://10.91.162.60:4000/files/regular_v2.cosi' from 1024 to 34574 (inclusive) [33551 bytes]
[DEBUG DAEMON::trident::engine::storage::image] Skipping non-image file at path 'metadata.json' from imaging
[TRACE DAEMON::trident::io_utils::http::file] Seeking HTTP file 'http://10.91.162.60:4000/files/regular_v2.cosi' to position 34816 after seek: Current(33792)
[TRACE DAEMON::trident::io_utils::http::file] Reading HTTP file 'http://10.91.162.60:4000/files/regular_v2.cosi' from 34816 to 35327 (inclusive) [512 bytes]
[TRACE DAEMON::trident::io_utils::http::subfile] Requesting HTTP range 'bytes=34816-35327' for subfile at position 0: http://10.91.162.60:4000/files/regular_v2.cosi
[TRACE DAEMON::trident::io_utils::http::subfile] Received a response for subfile 'http://10.91.162.60:4000/files/regular_v2.cosi' at position 0 with 512 bytes
[TRACE DAEMON::trident::osimage::cosi] Reading COSI file entry
[TRACE DAEMON::trident::osimage::cosi] Successfully read COSI file entry: images/trident-testimage_1_gpt.raw.zst
[TRACE DAEMON::trident::osimage::cosi] Found COSI entry 'images/trident-testimage_1_gpt.raw.zst' at 35328 [217 bytes]
[TRACE DAEMON::trident::io_utils::http::file] Reading HTTP file 'http://10.91.162.60:4000/files/regular_v2.cosi' from 35328 to 35544 (inclusive) [217 bytes]
[DEBUG DAEMON::trident::engine::storage::image] Skipping non-image file at path 'images/trident-testimage_1_gpt.raw.zst' from imaging
[TRACE DAEMON::trident::io_utils::http::file] Seeking HTTP file 'http://10.91.162.60:4000/files/regular_v2.cosi' to position 35840 after seek: Current(512)
[TRACE DAEMON::trident::io_utils::http::file] Reading HTTP file 'http://10.91.162.60:4000/files/regular_v2.cosi' from 35840 to 36351 (inclusive) [512 bytes]
[TRACE DAEMON::trident::io_utils::http::subfile] Requesting HTTP range 'bytes=35840-36351' for subfile at position 0: http://10.91.162.60:4000/files/regular_v2.cosi
[TRACE DAEMON::trident::io_utils::http::subfile] Received a response for subfile 'http://10.91.162.60:4000/files/regular_v2.cosi' at position 0 with 512 bytes
[TRACE DAEMON::trident::osimage::cosi] Reading COSI file entry
[TRACE DAEMON::trident::osimage::cosi] Successfully read COSI file entry: images/trident-testimage_1_1.raw.zst
[TRACE DAEMON::trident::osimage::cosi] Found COSI entry 'images/trident-testimage_1_1.raw.zst' at 36352 [987943 bytes]
[TRACE DAEMON::trident::io_utils::http::file] Reading HTTP file 'http://10.91.162.60:4000/files/regular_v2.cosi' from 36352 to 1024294 (inclusive) [987943 bytes]
[DEBUG DAEMON::trident::engine::storage::image] Skipping non-image file at path 'images/trident-testimage_1_1.raw.zst' from imaging
[TRACE DAEMON::trident::io_utils::http::file] Seeking HTTP file 'http://10.91.162.60:4000/files/regular_v2.cosi' to position 1024512 after seek: Current(988160)
[TRACE DAEMON::trident::io_utils::http::file] Reading HTTP file 'http://10.91.162.60:4000/files/regular_v2.cosi' from 1024512 to 1025023 (inclusive) [512 bytes]
[TRACE DAEMON::trident::io_utils::http::subfile] Requesting HTTP range 'bytes=1024512-1025023' for subfile at position 0: http://10.91.162.60:4000/files/regular_v2.cosi
[TRACE DAEMON::trident::io_utils::http::subfile] Received a response for subfile 'http://10.91.162.60:4000/files/regular_v2.cosi' at position 0 with 512 bytes
[TRACE DAEMON::trident::osimage::cosi] Reading COSI file entry
[TRACE DAEMON::trident::osimage::cosi] Successfully read COSI file entry: images/trident-testimage_1_2.raw.zst
[TRACE DAEMON::trident::osimage::cosi] Found COSI entry 'images/trident-testimage_1_2.raw.zst' at 1025024 [179395533 bytes]
[TRACE DAEMON::trident::io_utils::http::file] Reading HTTP file 'http://10.91.162.60:4000/files/regular_v2.cosi' from 1025024 to 180420556 (inclusive) [179395533 bytes]
[INFO  DAEMON::trident::engine::storage::image] Initializing 'root': writing image for filesystem from 'http://10.91.162.60:4000/files/regular_v2.cosi'
[TRACE DAEMON::osutils::dependencies] Executing 'lsblk --json --path /dev/disk/by-partuuid/bdce528b-7250-4434-99d6-7f310ecc269e --output-all --bytes'
[TRACE DAEMON::osutils::dependencies] Executed 'lsblk --json --path /dev/disk/by-partuuid/bdce528b-7250-4434-99d6-7f310ecc269e --output-all --bytes': exited with status: 0. Report:
    stdout:
    {
       "blockdevices": [
          {
             "alignment": 0,
             "id-link": null,
             "id": null,
             "disc-aln": 0,
             "dax": false,
             "disc-gran": 512,
             "disk-seq": 25,
             "disc-max": 2147450880,
             "disc-zero": false,
             "fsavail": null,
             "fsroots": [
                 null
             ],
             "fssize": null,
             "fstype": null,
             "fsused": null,
             "fsuse%": null,
             "fsver": null,
             "group": "disk",
             "hctl": null,
             "hotplug": false,
             "kname": "/dev/sda2",
             "label": null,
             "log-sec": 512,
             "maj:min": "8:2",
             "maj": "8",
             "min": "2",
             "min-io": 512,
             "mode": "brw-rw----",
             "model": null,
             "mq": "  1",
             "name": "/dev/sda2",
             "opt-io": 0,
             "owner": "root",
             "partflags": "0x800000000000000",
             "partlabel": "root-b",
             "partn": 2,
             "parttype": "4f68bce3-e8cd-4db1-96e7-fbcaf984b709",
             "parttypename": null,
             "partuuid": "bdce528b-7250-4434-99d6-7f310ecc269e",
             "path": "/dev/sda2",
             "phy-sec": 512,
             "pkname": "/dev/sda",
             "pttype": null,
             "ptuuid": null,
             "ra": 128,
             "rand": true,
             "rev": null,
             "rm": false,
             "ro": false,
             "rota": true,
             "rq-size": 32,
             "sched": "none",
             "serial": null,
             "size": 8589934592,
             "start": 16779264,
             "state": null,
             "subsystems": "block:scsi:pci",
             "mountpoint": null,
             "mountpoints": [
                 null
             ],
             "tran": null,
             "type": "part",
             "uuid": null,
             "vendor": null,
             "wsame": 0,
             "wwn": null,
             "zoned": "none",
             "zone-sz": 0,
             "zone-wgran": 0,
             "zone-app": 0,
             "zone-nr": 0,
             "zone-omax": 0,
             "zone-amax": 0
          }
       ]
    }
    
    
[TRACE DAEMON::trident::io_utils::http::subfile] Requesting HTTP range 'bytes=1025024-180420556' for subfile at position 0: http://10.91.162.60:4000/files/regular_v2.cosi
[TRACE DAEMON::trident::io_utils::http::subfile] Received a response for subfile 'http://10.91.162.60:4000/files/regular_v2.cosi' at position 0 with 179395533 bytes
[TRACE DAEMON::trident::io_utils::image_streamer] Copied 906743808 bytes.
[TRACE DAEMON::trident::io_utils::image_streamer] Syncing '/dev/disk/by-partuuid/bdce528b-7250-4434-99d6-7f310ecc269e' to finish writing image.
[DEBUG DAEMON::trident::io_utils::image_streamer] Copied 864.7M [906743808] to '/dev/disk/by-partuuid/bdce528b-7250-4434-99d6-7f310ecc269e' ('/dev/sda2') in 5.60 seconds: 162.01 MB/s
[TRACE DAEMON::trident::engine::storage::image] Deployed image with hash '00dc940ab984fd0e3bac24b34ad6e30359d70bac9f6fb4f80a4b41d34f6828c53450f489b4bf9e508bd2cdeee832f46b' on block device 'root'
[DEBUG DAEMON::trident::engine::storage::image] Checking filesystem on block device 'root'
[TRACE DAEMON::osutils::dependencies] Executing 'e2fsck -f -y /dev/disk/by-partuuid/bdce528b-7250-4434-99d6-7f310ecc269e'
[TRACE DAEMON::osutils::dependencies] Executed 'e2fsck -f -y /dev/disk/by-partuuid/bdce528b-7250-4434-99d6-7f310ecc269e': exited with status: 0. Report:
    stdout:
    Pass 1: Checking inodes, blocks, and sizes
    Pass 2: Checking directory structure
    Pass 3: Checking directory connectivity
    Pass 4: Checking reference counts
    Pass 5: Checking group summary information
    /dev/disk/by-partuuid/bdce528b-7250-4434-99d6-7f310ecc269e: 15161/57232 files (0.1% non-contiguous), 146496/221373 blocks
    
    
    stderr:
    e2fsck 1.47.0 (5-Feb-2023)
    
    
[DEBUG DAEMON::trident::engine::storage::image] Resizing filesystem on block device 'root'
[TRACE DAEMON::osutils::dependencies] Executing 'resize2fs /dev/disk/by-partuuid/bdce528b-7250-4434-99d6-7f310ecc269e'
[TRACE DAEMON::osutils::dependencies] Executed 'resize2fs /dev/disk/by-partuuid/bdce528b-7250-4434-99d6-7f310ecc269e': exited with status: 0. Report:
    stdout:
    Resizing the filesystem on /dev/disk/by-partuuid/bdce528b-7250-4434-99d6-7f310ecc269e to 2097152 (4k) blocks.
    The filesystem on /dev/disk/by-partuuid/bdce528b-7250-4434-99d6-7f310ecc269e is now 2097152 (4k) blocks long.
    
    
    
    stderr:
    resize2fs 1.47.0 (5-Feb-2023)
    
    
[TRACE DAEMON::trident::logging::tracestream] Closed span: "image_provision", execution_time: 5.93 seconds
[TRACE DAEMON::trident::logging::tracestream] Entered span: "filesystems_creation"
[DEBUG DAEMON::trident::engine::storage::filesystem] Creating filesystems on block devices
[DEBUG DAEMON::trident::engine::storage::filesystem] Determining block devices needing filesystem creation
[TRACE DAEMON::trident::engine::storage::filesystem] Volume is neither standalone nor A/B volume pair: "trident"
[TRACE DAEMON::trident::engine::storage::filesystem] Volume is neither standalone nor A/B volume pair: "home"
[DEBUG DAEMON::trident::engine::storage::filesystem] Found 0 block devices needing filesystem creation
[TRACE DAEMON::trident::logging::tracestream] Closed span: "filesystems_creation", execution_time: 0.00 seconds
[TRACE DAEMON::trident::logging::tracestream] Entered span: "swap_creation"
[DEBUG DAEMON::trident::engine::storage::swap] Skipping swap creation for servicing type AbUpdate
[TRACE DAEMON::trident::logging::tracestream] Closed span: "swap_creation", execution_time: 0.00 seconds
[TRACE DAEMON::trident::logging::tracestream] Entered span: "setup_verity_devices"
[TRACE DAEMON::trident::logging::tracestream] Closed span: "setup_verity_devices", execution_time: 0.00 seconds
[INFO  DAEMON::trident::engine::storage] Triggering udev rescan after block device setup to clear stale device entries
[TRACE DAEMON::osutils::dependencies] Executing 'udevadm trigger'
[TRACE DAEMON::osutils::dependencies] Executed 'udevadm trigger': exited with status: 0. Report:
    
[TRACE DAEMON::osutils::dependencies] Executing 'udevadm settle'
[TRACE DAEMON::osutils::dependencies] Executed 'udevadm settle': exited with status: 0. Report:
    
[TRACE DAEMON::trident::logging::tracestream] Closed span: "initialize_block_devices", execution_time: 6.20 seconds
[TRACE DAEMON::trident::logging::tracestream] Entered span: "initialize_new_root"
[TRACE DAEMON::osutils::dependencies] Executing 'findmnt --json -o id,target,source,fsroot,fstype,options,propagation,size,used,avail,use%'
[TRACE DAEMON::osutils::dependencies] Executed 'findmnt --json -o id,target,source,fsroot,fstype,options,propagation,size,used,avail,use%': exited with status: 0. Report:
    stdout:
    {
       "filesystems": [
          {
             "id": 60,
             "target": "/",
             "source": "/dev/sda1",
             "fsroot": "/",
             "fstype": "ext4",
             "options": "rw,relatime,seclabel",
             "propagation": "shared",
             "size": "7.8G",
             "used": "504.1M",
             "avail": "6.9G",
             "use%": "6%",
             "children": [
                {
                   "id": 32,
                   "target": "/dev",
                   "source": "devtmpfs",
                   "fsroot": "/",
                   "fstype": "devtmpfs",
                   "options": "rw,nosuid,seclabel,size=4096k,nr_inodes=1513967,mode=755",
                   "propagation": "shared",
                   "size": "4M",
                   "used": "0",
                   "avail": "4M",
                   "use%": "0%",
                   "children": [
                      {
                         "id": 24,
                         "target": "/dev/hugepages",
                         "source": "hugetlbfs",
                         "fsroot": "/",
                         "fstype": "hugetlbfs",
                         "options": "rw,nosuid,nodev,relatime,seclabel,pagesize=2M",
                         "propagation": "shared",
                         "size": "0",
                         "used": "0",
                         "avail": "0",
                         "use%": "-"
                      },{
                         "id": 25,
                         "target": "/dev/mqueue",
                         "source": "mqueue",
                         "fsroot": "/",
                         "fstype": "mqueue",
                         "options": "rw,nosuid,nodev,noexec,relatime,seclabel",
                         "propagation": "shared",
                         "size": "0",
                         "used": "0",
                         "avail": "0",
                         "use%": "-"
                      },{
                         "id": 33,
                         "target": "/dev/shm",
                         "source": "tmpfs",
                         "fsroot": "/",
                         "fstype": "tmpfs",
                         "options": "rw,nosuid,nodev,seclabel",
                         "propagation": "shared",
                         "size": "5.8G",
                         "used": "0",
                         "avail": "5.8G",
                         "use%": "0%"
                      },{
                         "id": 34,
                         "target": "/dev/pts",
                         "source": "devpts",
                         "fsroot": "/",
                         "fstype": "devpts",
                         "options": "rw,nosuid,noexec,relatime,seclabel,gid=5,mode=620,ptmxmode=000",
                         "propagation": "shared",
                         "size": "0",
                         "used": "0",
                         "avail": "0",
                         "use%": "-"
                      }
                   ]
                },{
                   "id": 35,
                   "target": "/sys",
                   "source": "sysfs",
                   "fsroot": "/",
                   "fstype": "sysfs",
                   "options": "rw,nosuid,nodev,noexec,relatime,seclabel",
                   "propagation": "shared",
                   "size": "0",
                   "used": "0",
                   "avail": "0",
                   "use%": "-",
                   "children": [
                      {
                         "id": 22,
                         "target": "/sys/fs/selinux",
                         "source": "selinuxfs",
                         "fsroot": "/",
                         "fstype": "selinuxfs",
                         "options": "rw,nosuid,noexec,relatime",
                         "propagation": "shared",
                         "size": "0",
                         "used": "0",
                         "avail": "0",
                         "use%": "-"
                      },{
                         "id": 26,
                         "target": "/sys/kernel/debug",
                         "source": "debugfs",
                         "fsroot": "/",
                         "fstype": "debugfs",
                         "options": "rw,nosuid,nodev,noexec,relatime,seclabel",
                         "propagation": "shared",
                         "size": "0",
                         "used": "0",
                         "avail": "0",
                         "use%": "-"
                      },{
                         "id": 28,
                         "target": "/sys/kernel/tracing",
                         "source": "tracefs",
                         "fsroot": "/",
                         "fstype": "tracefs",
                         "options": "rw,nosuid,nodev,noexec,relatime,seclabel",
                         "propagation": "shared",
                         "size": "0",
                         "used": "0",
                         "avail": "0",
                         "use%": "-"
                      },{
                         "id": 29,
                         "target": "/sys/fs/fuse/connections",
                         "source": "fusectl",
                         "fsroot": "/",
                         "fstype": "fusectl",
                         "options": "rw,nosuid,nodev,noexec,relatime",
                         "propagation": "shared",
                         "size": "0",
                         "used": "0",
                         "avail": "0",
                         "use%": "-"
                      },{
                         "id": 30,
                         "target": "/sys/kernel/config",
                         "source": "configfs",
                         "fsroot": "/",
                         "fstype": "configfs",
                         "options": "rw,nosuid,nodev,noexec,relatime",
                         "propagation": "shared",
                         "size": null,
                         "used": null,
                         "avail": null,
                         "use%": null
                      },{
                         "id": 36,
                         "target": "/sys/kernel/security",
                         "source": "securityfs",
                         "fsroot": "/",
                         "fstype": "securityfs",
                         "options": "rw,nosuid,nodev,noexec,relatime",
                         "propagation": "shared",
                         "size": "0",
                         "used": "0",
                         "avail": "0",
                         "use%": "-"
                      },{
                         "id": 37,
                         "target": "/sys/fs/cgroup",
                         "source": "cgroup2",
                         "fsroot": "/",
                         "fstype": "cgroup2",
                         "options": "rw,nosuid,nodev,noexec,relatime,seclabel,nsdelegate,memory_recursiveprot",
                         "propagation": "shared",
                         "size": "0",
                         "used": "0",
                         "avail": "0",
                         "use%": "-"
                      },{
                         "id": 38,
                         "target": "/sys/fs/pstore",
                         "source": "pstore",
                         "fsroot": "/",
                         "fstype": "pstore",
                         "options": "rw,nosuid,nodev,noexec,relatime,seclabel",
                         "propagation": "shared",
                         "size": "0",
                         "used": "0",
                         "avail": "0",
                         "use%": "-"
                      },{
                         "id": 39,
                         "target": "/sys/firmware/efi/efivars",
                         "source": "efivarfs",
                         "fsroot": "/",
                         "fstype": "efivarfs",
                         "options": "rw,nosuid,nodev,noexec,relatime",
                         "propagation": "shared",
                         "size": "255.9K",
                         "used": "56.1K",
                         "avail": "194.8K",
                         "use%": "22%"
                      },{
                         "id": 40,
                         "target": "/sys/fs/bpf",
                         "source": "bpf",
                         "fsroot": "/",
                         "fstype": "bpf",
                         "options": "rw,nosuid,nodev,noexec,relatime,mode=700",
                         "propagation": "shared",
                         "size": null,
                         "used": null,
                         "avail": null,
                         "use%": null
                      }
                   ]
                },{
                   "id": 41,
                   "target": "/proc",
                   "source": "proc",
                   "fsroot": "/",
                   "fstype": "proc",
                   "options": "rw,nosuid,nodev,noexec,relatime",
                   "propagation": "shared",
                   "size": "0",
                   "used": "0",
                   "avail": "0",
                   "use%": "-",
                   "children": [
                      {
                         "id": 23,
                         "target": "/proc/sys/fs/binfmt_misc",
                         "source": "systemd-1",
                         "fsroot": "/",
                         "fstype": "autofs",
                         "options": "rw,relatime,fd=32,pgrp=1,timeout=0,minproto=5,maxproto=5,direct,pipe_ino=3897",
                         "propagation": "shared",
                         "size": null,
                         "used": null,
                         "avail": null,
                         "use%": null
                      }
                   ]
                },{
                   "id": 42,
                   "target": "/run",
                   "source": "tmpfs",
                   "fsroot": "/",
                   "fstype": "tmpfs",
                   "options": "rw,nosuid,nodev,seclabel,size=2436512k,nr_inodes=819200,mode=755",
                   "propagation": "shared",
                   "size": "2.3G",
                   "used": "768K",
                   "avail": "2.3G",
                   "use%": "0%",
                   "children": [
                      {
                         "id": 53,
                         "target": "/run/user/1001",
                         "source": "tmpfs",
                         "fsroot": "/",
                         "fstype": "tmpfs",
                         "options": "rw,nosuid,nodev,relatime,seclabel,size=1218252k,nr_inodes=304563,mode=700,uid=1001,gid=1001",
                         "propagation": "shared",
                         "size": "1.2G",
                         "used": "4K",
                         "avail": "1.2G",
                         "use%": "0%"
                      }
                   ]
                },{
                   "id": 44,
                   "target": "/tmp",
                   "source": "tmpfs",
                   "fsroot": "/",
                   "fstype": "tmpfs",
                   "options": "rw,nosuid,nodev,seclabel,nr_inodes=1048576",
                   "propagation": "shared",
                   "size": "5.8G",
                   "used": "0",
                   "avail": "5.8G",
                   "use%": "0%"
                },{
                   "id": 47,
                   "target": "/boot/efi",
                   "source": "/dev/sda3",
                   "fsroot": "/",
                   "fstype": "vfat",
                   "options": "rw,relatime,fmask=0077,dmask=0077,codepage=437,iocharset=ascii,shortname=mixed,errors=remount-ro",
                   "propagation": "shared",
                   "size": "1022M",
                   "used": "4.6M",
                   "avail": "1017.4M",
                   "use%": "0%"
                },{
                   "id": 131,
                   "target": "/home",
                   "source": "/dev/sda5",
                   "fsroot": "/",
                   "fstype": "ext4",
                   "options": "rw,relatime,seclabel",
                   "propagation": "shared",
                   "size": "973.4M",
                   "used": "304K",
                   "avail": "905.9M",
                   "use%": "0%"
                },{
                   "id": 135,
                   "target": "/var/lib/trident",
                   "source": "/dev/sda6",
                   "fsroot": "/",
                   "fstype": "ext4",
                   "options": "rw,relatime,seclabel",
                   "propagation": "shared",
                   "size": "973.4M",
                   "used": "644K",
                   "avail": "905.6M",
                   "use%": "0%"
                }
             ]
          }
       ]
    }
    
    
[DEBUG DAEMON::trident::engine::newroot] Attempting to mount newroot at '/mnt/newroot'
[DEBUG DAEMON::trident::engine::newroot] Mounting block device 'root' to '/mnt/newroot/'
[TRACE DAEMON::osutils::dependencies] Executing 'lsblk --json --path /dev/disk/by-partuuid/bdce528b-7250-4434-99d6-7f310ecc269e --output-all --bytes'
[TRACE DAEMON::osutils::dependencies] Executed 'lsblk --json --path /dev/disk/by-partuuid/bdce528b-7250-4434-99d6-7f310ecc269e --output-all --bytes': exited with status: 0. Report:
    stdout:
    {
       "blockdevices": [
          {
             "alignment": 0,
             "id-link": null,
             "id": null,
             "disc-aln": 0,
             "dax": false,
             "disc-gran": 512,
             "disk-seq": 25,
             "disc-max": 2147450880,
             "disc-zero": false,
             "fsavail": null,
             "fsroots": [
                 null
             ],
             "fssize": null,
             "fstype": "ext4",
             "fsused": null,
             "fsuse%": null,
             "fsver": null,
             "group": "disk",
             "hctl": null,
             "hotplug": false,
             "kname": "/dev/sda2",
             "label": null,
             "log-sec": 512,
             "maj:min": "8:2",
             "maj": "8",
             "min": "2",
             "min-io": 512,
             "mode": "brw-rw----",
             "model": null,
             "mq": "  1",
             "name": "/dev/sda2",
             "opt-io": 0,
             "owner": "root",
             "partflags": "0x800000000000000",
             "partlabel": "root-b",
             "partn": 2,
             "parttype": "4f68bce3-e8cd-4db1-96e7-fbcaf984b709",
             "parttypename": null,
             "partuuid": "bdce528b-7250-4434-99d6-7f310ecc269e",
             "path": "/dev/sda2",
             "phy-sec": 512,
             "pkname": "/dev/sda",
             "pttype": null,
             "ptuuid": null,
             "ra": 128,
             "rand": true,
             "rev": null,
             "rm": false,
             "ro": false,
             "rota": true,
             "rq-size": 32,
             "sched": "none",
             "serial": null,
             "size": 8589934592,
             "start": 16779264,
             "state": null,
             "subsystems": "block:scsi:pci",
             "mountpoint": null,
             "mountpoints": [
                 null
             ],
             "tran": null,
             "type": "part",
             "uuid": "088fdf96-cf71-4f03-b8af-921bb22a143b",
             "vendor": null,
             "wsame": 0,
             "wwn": null,
             "zoned": "none",
             "zone-sz": 0,
             "zone-wgran": 0,
             "zone-app": 0,
             "zone-nr": 0,
             "zone-omax": 0,
             "zone-amax": 0
          }
       ]
    }
    
    
[TRACE DAEMON::osutils::dependencies] Executing 'mount -o defaults -t auto /dev/disk/by-partuuid/bdce528b-7250-4434-99d6-7f310ecc269e /mnt/newroot/'
[TRACE DAEMON::osutils::dependencies] Executed 'mount -o defaults -t auto /dev/disk/by-partuuid/bdce528b-7250-4434-99d6-7f310ecc269e /mnt/newroot/': exited with status: 0. Report:
    
[DEBUG DAEMON::trident::engine::newroot] Mounting block device 'esp' to '/mnt/newroot/boot/efi'
[TRACE DAEMON::osutils::dependencies] Executing 'lsblk --json --path /dev/disk/by-partuuid/0a3205d7-4837-4266-a26e-b170da637f3b --output-all --bytes'
[TRACE DAEMON::osutils::dependencies] Executed 'lsblk --json --path /dev/disk/by-partuuid/0a3205d7-4837-4266-a26e-b170da637f3b --output-all --bytes': exited with status: 0. Report:
    stdout:
    {
       "blockdevices": [
          {
             "alignment": 0,
             "id-link": null,
             "id": null,
             "disc-aln": 0,
             "dax": false,
             "disc-gran": 512,
             "disk-seq": 25,
             "disc-max": 2147450880,
             "disc-zero": false,
             "fsavail": 1066774528,
             "fsroots": [
                 "/"
             ],
             "fssize": 1071624192,
             "fstype": "vfat",
             "fsused": 4849664,
             "fsuse%": "0%",
             "fsver": null,
             "group": "disk",
             "hctl": null,
             "hotplug": false,
             "kname": "/dev/sda3",
             "label": null,
             "log-sec": 512,
             "maj:min": "8:3",
             "maj": "8",
             "min": "3",
             "min-io": 512,
             "mode": "brw-rw----",
             "model": null,
             "mq": "  1",
             "name": "/dev/sda3",
             "opt-io": 0,
             "owner": "root",
             "partflags": null,
             "partlabel": "esp",
             "partn": 3,
             "parttype": "c12a7328-f81f-11d2-ba4b-00a0c93ec93b",
             "parttypename": null,
             "partuuid": "0a3205d7-4837-4266-a26e-b170da637f3b",
             "path": "/dev/sda3",
             "phy-sec": 512,
             "pkname": "/dev/sda",
             "pttype": null,
             "ptuuid": null,
             "ra": 128,
             "rand": true,
             "rev": null,
             "rm": false,
             "ro": false,
             "rota": true,
             "rq-size": 32,
             "sched": "none",
             "serial": null,
             "size": 1073741824,
             "start": 33556480,
             "state": null,
             "subsystems": "block:scsi:pci",
             "mountpoint": "/boot/efi",
             "mountpoints": [
                 "/boot/efi"
             ],
             "tran": null,
             "type": "part",
             "uuid": "6007-C991",
             "vendor": null,
             "wsame": 0,
             "wwn": null,
             "zoned": "none",
             "zone-sz": 0,
             "zone-wgran": 0,
             "zone-app": 0,
             "zone-nr": 0,
             "zone-omax": 0,
             "zone-amax": 0
          }
       ]
    }
    
    
[TRACE DAEMON::osutils::dependencies] Executing 'mount -o umask=0077 -t auto /dev/disk/by-partuuid/0a3205d7-4837-4266-a26e-b170da637f3b /mnt/newroot/boot/efi'
[TRACE DAEMON::osutils::dependencies] Executed 'mount -o umask=0077 -t auto /dev/disk/by-partuuid/0a3205d7-4837-4266-a26e-b170da637f3b /mnt/newroot/boot/efi': exited with status: 0. Report:
    
[DEBUG DAEMON::trident::engine::newroot] Mounting block device 'home' to '/mnt/newroot/home'
[TRACE DAEMON::osutils::dependencies] Executing 'lsblk --json --path /dev/disk/by-partuuid/2921e1f9-b033-496c-b5c3-f143154555ec --output-all --bytes'
[TRACE DAEMON::osutils::dependencies] Executed 'lsblk --json --path /dev/disk/by-partuuid/2921e1f9-b033-496c-b5c3-f143154555ec --output-all --bytes': exited with status: 0. Report:
    stdout:
    {
       "blockdevices": [
          {
             "alignment": 0,
             "id-link": null,
             "id": null,
             "disc-aln": 0,
             "dax": false,
             "disc-gran": 512,
             "disk-seq": 25,
             "disc-max": 2147450880,
             "disc-zero": false,
             "fsavail": 949927936,
             "fsroots": [
                 "/"
             ],
             "fssize": 1020702720,
             "fstype": "ext4",
             "fsused": 311296,
             "fsuse%": "0%",
             "fsver": null,
             "group": "disk",
             "hctl": null,
             "hotplug": false,
             "kname": "/dev/sda5",
             "label": null,
             "log-sec": 512,
             "maj:min": "8:5",
             "maj": "8",
             "min": "5",
             "min-io": 512,
             "mode": "brw-rw----",
             "model": null,
             "mq": "  1",
             "name": "/dev/sda5",
             "opt-io": 0,
             "owner": "root",
             "partflags": "0x800000000000000",
             "partlabel": "home",
             "partn": 5,
             "parttype": "933ac7e1-2eb4-4f13-b844-0e14e2aef915",
             "parttypename": null,
             "partuuid": "2921e1f9-b033-496c-b5c3-f143154555ec",
             "path": "/dev/sda5",
             "phy-sec": 512,
             "pkname": "/dev/sda",
             "pttype": null,
             "ptuuid": null,
             "ra": 128,
             "rand": true,
             "rev": null,
             "rm": false,
             "ro": false,
             "rota": true,
             "rq-size": 32,
             "sched": "none",
             "serial": null,
             "size": 1073741824,
             "start": 39847936,
             "state": null,
             "subsystems": "block:scsi:pci",
             "mountpoint": "/home",
             "mountpoints": [
                 "/home"
             ],
             "tran": null,
             "type": "part",
             "uuid": "c7a0257e-71e7-44cc-a25a-0a7edaa11edb",
             "vendor": null,
             "wsame": 0,
             "wwn": null,
             "zoned": "none",
             "zone-sz": 0,
             "zone-wgran": 0,
             "zone-app": 0,
             "zone-nr": 0,
             "zone-omax": 0,
             "zone-amax": 0
          }
       ]
    }
    
    
[TRACE DAEMON::osutils::dependencies] Executing 'mount -o defaults -t auto /dev/disk/by-partuuid/2921e1f9-b033-496c-b5c3-f143154555ec /mnt/newroot/home'
[TRACE DAEMON::osutils::dependencies] Executed 'mount -o defaults -t auto /dev/disk/by-partuuid/2921e1f9-b033-496c-b5c3-f143154555ec /mnt/newroot/home': exited with status: 0. Report:
    
[DEBUG DAEMON::trident::engine::newroot] Mounting block device 'trident' to '/mnt/newroot/var/lib/trident'
[WARN  DAEMON::trident::engine::newroot] Mount target: '/mnt/newroot/var/lib/trident' does not exist. Attempting to create it.
[TRACE DAEMON::osutils::dependencies] Executing 'findmnt --json -o id,target,source,fsroot,fstype,options,propagation,size,used,avail,use%'
[TRACE DAEMON::osutils::dependencies] Executed 'findmnt --json -o id,target,source,fsroot,fstype,options,propagation,size,used,avail,use%': exited with status: 0. Report:
    stdout:
    {
       "filesystems": [
          {
             "id": 60,
             "target": "/",
             "source": "/dev/sda1",
             "fsroot": "/",
             "fstype": "ext4",
             "options": "rw,relatime,seclabel",
             "propagation": "shared",
             "size": "7.8G",
             "used": "504.2M",
             "avail": "6.9G",
             "use%": "6%",
             "children": [
                {
                   "id": 32,
                   "target": "/dev",
                   "source": "devtmpfs",
                   "fsroot": "/",
                   "fstype": "devtmpfs",
                   "options": "rw,nosuid,seclabel,size=4096k,nr_inodes=1513967,mode=755",
                   "propagation": "shared",
                   "size": "4M",
                   "used": "0",
                   "avail": "4M",
                   "use%": "0%",
                   "children": [
                      {
                         "id": 24,
                         "target": "/dev/hugepages",
                         "source": "hugetlbfs",
                         "fsroot": "/",
                         "fstype": "hugetlbfs",
                         "options": "rw,nosuid,nodev,relatime,seclabel,pagesize=2M",
                         "propagation": "shared",
                         "size": "0",
                         "used": "0",
                         "avail": "0",
                         "use%": "-"
                      },{
                         "id": 25,
                         "target": "/dev/mqueue",
                         "source": "mqueue",
                         "fsroot": "/",
                         "fstype": "mqueue",
                         "options": "rw,nosuid,nodev,noexec,relatime,seclabel",
                         "propagation": "shared",
                         "size": "0",
                         "used": "0",
                         "avail": "0",
                         "use%": "-"
                      },{
                         "id": 33,
                         "target": "/dev/shm",
                         "source": "tmpfs",
                         "fsroot": "/",
                         "fstype": "tmpfs",
                         "options": "rw,nosuid,nodev,seclabel",
                         "propagation": "shared",
                         "size": "5.8G",
                         "used": "0",
                         "avail": "5.8G",
                         "use%": "0%"
                      },{
                         "id": 34,
                         "target": "/dev/pts",
                         "source": "devpts",
                         "fsroot": "/",
                         "fstype": "devpts",
                         "options": "rw,nosuid,noexec,relatime,seclabel,gid=5,mode=620,ptmxmode=000",
                         "propagation": "shared",
                         "size": "0",
                         "used": "0",
                         "avail": "0",
                         "use%": "-"
                      }
                   ]
                },{
                   "id": 35,
                   "target": "/sys",
                   "source": "sysfs",
                   "fsroot": "/",
                   "fstype": "sysfs",
                   "options": "rw,nosuid,nodev,noexec,relatime,seclabel",
                   "propagation": "shared",
                   "size": "0",
                   "used": "0",
                   "avail": "0",
                   "use%": "-",
                   "children": [
                      {
                         "id": 22,
                         "target": "/sys/fs/selinux",
                         "source": "selinuxfs",
                         "fsroot": "/",
                         "fstype": "selinuxfs",
                         "options": "rw,nosuid,noexec,relatime",
                         "propagation": "shared",
                         "size": "0",
                         "used": "0",
                         "avail": "0",
                         "use%": "-"
                      },{
                         "id": 26,
                         "target": "/sys/kernel/debug",
                         "source": "debugfs",
                         "fsroot": "/",
                         "fstype": "debugfs",
                         "options": "rw,nosuid,nodev,noexec,relatime,seclabel",
                         "propagation": "shared",
                         "size": "0",
                         "used": "0",
                         "avail": "0",
                         "use%": "-"
                      },{
                         "id": 28,
                         "target": "/sys/kernel/tracing",
                         "source": "tracefs",
                         "fsroot": "/",
                         "fstype": "tracefs",
                         "options": "rw,nosuid,nodev,noexec,relatime,seclabel",
                         "propagation": "shared",
                         "size": "0",
                         "used": "0",
                         "avail": "0",
                         "use%": "-"
                      },{
                         "id": 29,
                         "target": "/sys/fs/fuse/connections",
                         "source": "fusectl",
                         "fsroot": "/",
                         "fstype": "fusectl",
                         "options": "rw,nosuid,nodev,noexec,relatime",
                         "propagation": "shared",
                         "size": "0",
                         "used": "0",
                         "avail": "0",
                         "use%": "-"
                      },{
                         "id": 30,
                         "target": "/sys/kernel/config",
                         "source": "configfs",
                         "fsroot": "/",
                         "fstype": "configfs",
                         "options": "rw,nosuid,nodev,noexec,relatime",
                         "propagation": "shared",
                         "size": null,
                         "used": null,
                         "avail": null,
                         "use%": null
                      },{
                         "id": 36,
                         "target": "/sys/kernel/security",
                         "source": "securityfs",
                         "fsroot": "/",
                         "fstype": "securityfs",
                         "options": "rw,nosuid,nodev,noexec,relatime",
                         "propagation": "shared",
                         "size": "0",
                         "used": "0",
                         "avail": "0",
                         "use%": "-"
                      },{
                         "id": 37,
                         "target": "/sys/fs/cgroup",
                         "source": "cgroup2",
                         "fsroot": "/",
                         "fstype": "cgroup2",
                         "options": "rw,nosuid,nodev,noexec,relatime,seclabel,nsdelegate,memory_recursiveprot",
                         "propagation": "shared",
                         "size": "0",
                         "used": "0",
                         "avail": "0",
                         "use%": "-"
                      },{
                         "id": 38,
                         "target": "/sys/fs/pstore",
                         "source": "pstore",
                         "fsroot": "/",
                         "fstype": "pstore",
                         "options": "rw,nosuid,nodev,noexec,relatime,seclabel",
                         "propagation": "shared",
                         "size": "0",
                         "used": "0",
                         "avail": "0",
                         "use%": "-"
                      },{
                         "id": 39,
                         "target": "/sys/firmware/efi/efivars",
                         "source": "efivarfs",
                         "fsroot": "/",
                         "fstype": "efivarfs",
                         "options": "rw,nosuid,nodev,noexec,relatime",
                         "propagation": "shared",
                         "size": "255.9K",
                         "used": "56.1K",
                         "avail": "194.8K",
                         "use%": "22%"
                      },{
                         "id": 40,
                         "target": "/sys/fs/bpf",
                         "source": "bpf",
                         "fsroot": "/",
                         "fstype": "bpf",
                         "options": "rw,nosuid,nodev,noexec,relatime,mode=700",
                         "propagation": "shared",
                         "size": null,
                         "used": null,
                         "avail": null,
                         "use%": null
                      }
                   ]
                },{
                   "id": 41,
                   "target": "/proc",
                   "source": "proc",
                   "fsroot": "/",
                   "fstype": "proc",
                   "options": "rw,nosuid,nodev,noexec,relatime",
                   "propagation": "shared",
                   "size": "0",
                   "used": "0",
                   "avail": "0",
                   "use%": "-",
                   "children": [
                      {
                         "id": 23,
                         "target": "/proc/sys/fs/binfmt_misc",
                         "source": "systemd-1",
                         "fsroot": "/",
                         "fstype": "autofs",
                         "options": "rw,relatime,fd=32,pgrp=1,timeout=0,minproto=5,maxproto=5,direct,pipe_ino=3897",
                         "propagation": "shared",
                         "size": null,
                         "used": null,
                         "avail": null,
                         "use%": null,
                         "children": [
                            {
                               "id": 62,
                               "target": "/proc/sys/fs/binfmt_misc",
                               "source": "binfmt_misc",
                               "fsroot": "/",
                               "fstype": "binfmt_misc",
                               "options": "rw,nosuid,nodev,noexec,relatime",
                               "propagation": "shared",
                               "size": null,
                               "used": null,
                               "avail": null,
                               "use%": null
                            }
                         ]
                      }
                   ]
                },{
                   "id": 42,
                   "target": "/run",
                   "source": "tmpfs",
                   "fsroot": "/",
                   "fstype": "tmpfs",
                   "options": "rw,nosuid,nodev,seclabel,size=2436512k,nr_inodes=819200,mode=755",
                   "propagation": "shared",
                   "size": "2.3G",
                   "used": "768K",
                   "avail": "2.3G",
                   "use%": "0%",
                   "children": [
                      {
                         "id": 53,
                         "target": "/run/user/1001",
                         "source": "tmpfs",
                         "fsroot": "/",
                         "fstype": "tmpfs",
                         "options": "rw,nosuid,nodev,relatime,seclabel,size=1218252k,nr_inodes=304563,mode=700,uid=1001,gid=1001",
                         "propagation": "shared",
                         "size": "1.2G",
                         "used": "4K",
                         "avail": "1.2G",
                         "use%": "0%"
                      }
                   ]
                },{
                   "id": 44,
                   "target": "/tmp",
                   "source": "tmpfs",
                   "fsroot": "/",
                   "fstype": "tmpfs",
                   "options": "rw,nosuid,nodev,seclabel,nr_inodes=1048576",
                   "propagation": "shared",
                   "size": "5.8G",
                   "used": "0",
                   "avail": "5.8G",
                   "use%": "0%"
                },{
                   "id": 47,
                   "target": "/boot/efi",
                   "source": "/dev/sda3",
                   "fsroot": "/",
                   "fstype": "vfat",
                   "options": "rw,relatime,fmask=0077,dmask=0077,codepage=437,iocharset=ascii,shortname=mixed,errors=remount-ro",
                   "propagation": "shared",
                   "size": "1022M",
                   "used": "4.6M",
                   "avail": "1017.4M",
                   "use%": "0%"
                },{
                   "id": 126,
                   "target": "/mnt/newroot",
                   "source": "/dev/sda2",
                   "fsroot": "/",
                   "fstype": "ext4",
                   "options": "rw,relatime,seclabel",
                   "propagation": "shared",
                   "size": "7.8G",
                   "used": "486.2M",
                   "avail": "6.9G",
                   "use%": "6%",
                   "children": [
                      {
                         "id": 339,
                         "target": "/mnt/newroot/boot/efi",
                         "source": "/dev/sda3",
                         "fsroot": "/",
                         "fstype": "vfat",
                         "options": "rw,relatime,fmask=0077,dmask=0077,codepage=437,iocharset=ascii,shortname=mixed,errors=remount-ro",
                         "propagation": "shared",
                         "size": "1022M",
                         "used": "4.6M",
                         "avail": "1017.4M",
                         "use%": "0%"
                      },{
                         "id": 347,
                         "target": "/mnt/newroot/home",
                         "source": "/dev/sda5",
                         "fsroot": "/",
                         "fstype": "ext4",
                         "options": "rw,relatime,seclabel",
                         "propagation": "shared",
                         "size": "973.4M",
                         "used": "304K",
                         "avail": "905.9M",
                         "use%": "0%"
                      }
                   ]
                },{
                   "id": 131,
                   "target": "/home",
                   "source": "/dev/sda5",
                   "fsroot": "/",
                   "fstype": "ext4",
                   "options": "rw,relatime,seclabel",
                   "propagation": "shared",
                   "size": "973.4M",
                   "used": "304K",
                   "avail": "905.9M",
                   "use%": "0%"
                },{
                   "id": 135,
                   "target": "/var/lib/trident",
                   "source": "/dev/sda6",
                   "fsroot": "/",
                   "fstype": "ext4",
                   "options": "rw,relatime,seclabel",
                   "propagation": "shared",
                   "size": "973.4M",
                   "used": "644K",
                   "avail": "905.6M",
                   "use%": "0%"
                }
             ]
          }
       ]
    }
    
    
[TRACE DAEMON::osutils::dependencies] Executing 'lsblk --json --path /dev/disk/by-partuuid/7f806611-4852-462f-b04a-8481b1868d9b --output-all --bytes'
[TRACE DAEMON::osutils::dependencies] Executed 'lsblk --json --path /dev/disk/by-partuuid/7f806611-4852-462f-b04a-8481b1868d9b --output-all --bytes': exited with status: 0. Report:
    stdout:
    {
       "blockdevices": [
          {
             "alignment": 0,
             "id-link": null,
             "id": null,
             "disc-aln": 0,
             "dax": false,
             "disc-gran": 512,
             "disk-seq": 25,
             "disc-max": 2147450880,
             "disc-zero": false,
             "fsavail": 949579776,
             "fsroots": [
                 "/"
             ],
             "fssize": 1020702720,
             "fstype": "ext4",
             "fsused": 659456,
             "fsuse%": "0%",
             "fsver": null,
             "group": "disk",
             "hctl": null,
             "hotplug": false,
             "kname": "/dev/sda6",
             "label": null,
             "log-sec": 512,
             "maj:min": "8:6",
             "maj": "8",
             "min": "6",
             "min-io": 512,
             "mode": "brw-rw----",
             "model": null,
             "mq": "  1",
             "name": "/dev/sda6",
             "opt-io": 0,
             "owner": "root",
             "partflags": null,
             "partlabel": "trident",
             "partn": 6,
             "parttype": "0fc63daf-8483-4772-8e79-3d69d8477de4",
             "parttypename": null,
             "partuuid": "7f806611-4852-462f-b04a-8481b1868d9b",
             "path": "/dev/sda6",
             "phy-sec": 512,
             "pkname": "/dev/sda",
             "pttype": null,
             "ptuuid": null,
             "ra": 128,
             "rand": true,
             "rev": null,
             "rm": false,
             "ro": false,
             "rota": true,
             "rq-size": 32,
             "sched": "none",
             "serial": null,
             "size": 1073741824,
             "start": 41945088,
             "state": null,
             "subsystems": "block:scsi:pci",
             "mountpoint": "/var/lib/trident",
             "mountpoints": [
                 "/var/lib/trident"
             ],
             "tran": null,
             "type": "part",
             "uuid": "f90d0562-30f9-4da7-8c9d-d33032cb09ab",
             "vendor": null,
             "wsame": 0,
             "wwn": null,
             "zoned": "none",
             "zone-sz": 0,
             "zone-wgran": 0,
             "zone-app": 0,
             "zone-nr": 0,
             "zone-omax": 0,
             "zone-amax": 0
          }
       ]
    }
    
    
[TRACE DAEMON::osutils::dependencies] Executing 'mount -o defaults -t auto /dev/disk/by-partuuid/7f806611-4852-462f-b04a-8481b1868d9b /mnt/newroot/var/lib/trident'
[TRACE DAEMON::osutils::dependencies] Executed 'mount -o defaults -t auto /dev/disk/by-partuuid/7f806611-4852-462f-b04a-8481b1868d9b /mnt/newroot/var/lib/trident': exited with status: 0. Report:
    
[DEBUG DAEMON::trident::engine::newroot] Mounting tmpfs to '/mnt/newroot/tmp'
[DEBUG DAEMON::trident::engine::newroot] Mounting tmpfs to '/mnt/newroot/run'
[TRACE DAEMON::trident::logging::tracestream] Closed span: "initialize_new_root", execution_time: 0.36 seconds
[INFO  DAEMON::trident::engine] Starting step 'Provision'
[DEBUG DAEMON::trident::engine] Starting step 'Provision' for subsystem 'mos-config'
[DEBUG DAEMON::trident::engine] Starting step 'Provision' for subsystem 'esp'
[TRACE DAEMON::trident::logging::tracestream] Entered span: "esp_provision"
[TRACE DAEMON::trident::subsystems::esp] Deploying ESP from OS image
[TRACE DAEMON::trident::osimage::cosi::metadata] Found ESP filesystem image at '/boot/efi': Image {
        file: ImageFile {
            path: "images/trident-testimage_1_1.raw.zst",
            compressed_size: 987943,
            uncompressed_size: 8388608,
            sha384: Sha384Hash(
                "b18ccb1e0fb124bc70a2d5da19f21dcdc48f04d7ec5ddb4973daf43f7f6bcf541f6775edc63c9ce9e11969239752d398",
            ),
        },
        mount_point: "/boot/efi",
        fs_type: Vfat,
        fs_uuid: Relaxed(
            "0FFA-8871",
        ),
        part_type: Esp,
        verity: None,
    }
[TRACE DAEMON::trident::io_utils::http::file] Seeking HTTP file 'http://10.91.162.60:4000/files/regular_v2.cosi' to position 0 after seek: Current(0)
[TRACE DAEMON::trident::io_utils::http::file] Reading HTTP file 'http://10.91.162.60:4000/files/regular_v2.cosi' from 0 to 511 (inclusive) [512 bytes]
[TRACE DAEMON::trident::io_utils::http::subfile] Requesting HTTP range 'bytes=0-511' for subfile at position 0: http://10.91.162.60:4000/files/regular_v2.cosi
[TRACE DAEMON::trident::io_utils::http::subfile] Received a response for subfile 'http://10.91.162.60:4000/files/regular_v2.cosi' at position 0 with 512 bytes
[TRACE DAEMON::trident::osimage::cosi] Reading COSI file entry
[TRACE DAEMON::trident::osimage::cosi] Successfully read COSI file entry: cosi-marker
[TRACE DAEMON::trident::osimage::cosi] Found COSI entry 'cosi-marker' at 512 [0 bytes]
[TRACE DAEMON::trident::io_utils::http::file] Seeking HTTP file 'http://10.91.162.60:4000/files/regular_v2.cosi' to position 512 after seek: Current(0)
[TRACE DAEMON::trident::io_utils::http::file] Reading HTTP file 'http://10.91.162.60:4000/files/regular_v2.cosi' from 512 to 1023 (inclusive) [512 bytes]
[TRACE DAEMON::trident::io_utils::http::subfile] Requesting HTTP range 'bytes=512-1023' for subfile at position 0: http://10.91.162.60:4000/files/regular_v2.cosi
[TRACE DAEMON::trident::io_utils::http::subfile] Received a response for subfile 'http://10.91.162.60:4000/files/regular_v2.cosi' at position 0 with 512 bytes
[TRACE DAEMON::trident::osimage::cosi] Reading COSI file entry
[TRACE DAEMON::trident::osimage::cosi] Successfully read COSI file entry: metadata.json
[TRACE DAEMON::trident::osimage::cosi] Found COSI entry 'metadata.json' at 1024 [33551 bytes]
[TRACE DAEMON::trident::io_utils::http::file] Reading HTTP file 'http://10.91.162.60:4000/files/regular_v2.cosi' from 1024 to 34574 (inclusive) [33551 bytes]
[TRACE DAEMON::trident::io_utils::http::file] Seeking HTTP file 'http://10.91.162.60:4000/files/regular_v2.cosi' to position 34816 after seek: Current(33792)
[TRACE DAEMON::trident::io_utils::http::file] Reading HTTP file 'http://10.91.162.60:4000/files/regular_v2.cosi' from 34816 to 35327 (inclusive) [512 bytes]
[TRACE DAEMON::trident::io_utils::http::subfile] Requesting HTTP range 'bytes=34816-35327' for subfile at position 0: http://10.91.162.60:4000/files/regular_v2.cosi
[TRACE DAEMON::trident::io_utils::http::subfile] Received a response for subfile 'http://10.91.162.60:4000/files/regular_v2.cosi' at position 0 with 512 bytes
[TRACE DAEMON::trident::osimage::cosi] Reading COSI file entry
[TRACE DAEMON::trident::osimage::cosi] Successfully read COSI file entry: images/trident-testimage_1_gpt.raw.zst
[TRACE DAEMON::trident::osimage::cosi] Found COSI entry 'images/trident-testimage_1_gpt.raw.zst' at 35328 [217 bytes]
[TRACE DAEMON::trident::io_utils::http::file] Reading HTTP file 'http://10.91.162.60:4000/files/regular_v2.cosi' from 35328 to 35544 (inclusive) [217 bytes]
[TRACE DAEMON::trident::io_utils::http::file] Seeking HTTP file 'http://10.91.162.60:4000/files/regular_v2.cosi' to position 35840 after seek: Current(512)
[TRACE DAEMON::trident::io_utils::http::file] Reading HTTP file 'http://10.91.162.60:4000/files/regular_v2.cosi' from 35840 to 36351 (inclusive) [512 bytes]
[TRACE DAEMON::trident::io_utils::http::subfile] Requesting HTTP range 'bytes=35840-36351' for subfile at position 0: http://10.91.162.60:4000/files/regular_v2.cosi
[TRACE DAEMON::trident::io_utils::http::subfile] Received a response for subfile 'http://10.91.162.60:4000/files/regular_v2.cosi' at position 0 with 512 bytes
[TRACE DAEMON::trident::osimage::cosi] Reading COSI file entry
[TRACE DAEMON::trident::osimage::cosi] Successfully read COSI file entry: images/trident-testimage_1_1.raw.zst
[TRACE DAEMON::trident::osimage::cosi] Found COSI entry 'images/trident-testimage_1_1.raw.zst' at 36352 [987943 bytes]
[TRACE DAEMON::trident::io_utils::http::file] Reading HTTP file 'http://10.91.162.60:4000/files/regular_v2.cosi' from 36352 to 1024294 (inclusive) [987943 bytes]
[TRACE DAEMON::trident::subsystems::esp] Creating temporary file for ESP image extraction at /mnt/newroot/var/tmp
[DEBUG DAEMON::trident::subsystems::esp] Extracting ESP image to /mnt/newroot/var/tmp/.tmpvEPe9Z
[TRACE DAEMON::trident::io_utils::http::subfile] Requesting HTTP range 'bytes=36352-1024294' for subfile at position 0: http://10.91.162.60:4000/files/regular_v2.cosi
[TRACE DAEMON::trident::io_utils::http::subfile] Received a response for subfile 'http://10.91.162.60:4000/files/regular_v2.cosi' at position 0 with 987943 bytes
[TRACE DAEMON::trident::io_utils::image_streamer] Copied 8388608 bytes.
[TRACE DAEMON::trident::io_utils::image_streamer] Syncing '/mnt/newroot/var/tmp/.tmpvEPe9Z' to finish writing image.
[DEBUG DAEMON::trident::io_utils::image_streamer] Copied 8.0M [8388608] to '/mnt/newroot/var/tmp/.tmpvEPe9Z' in 0.06 seconds: 132.85 MB/s
[TRACE DAEMON::osutils::dependencies] Executing 'mount -o umask=0077,loop -t vfat /mnt/newroot/var/tmp/.tmpvEPe9Z /tmp/.tmpWcrnCm'
[TRACE DAEMON::osutils::dependencies] Executed 'mount -o umask=0077,loop -t vfat /mnt/newroot/var/tmp/.tmpvEPe9Z /tmp/.tmpWcrnCm': exited with status: 0. Report:
    
[DEBUG DAEMON::trident::subsystems::esp] Writing boot files to directory /mnt/newroot/boot/efi/EFI/AZLB
[DEBUG DAEMON::trident::subsystems::esp] Using GRUB configuration file 'grub.cfg' from '/tmp/.tmpWcrnCm/boot/grub2/grub.cfg'
[DEBUG DAEMON::trident::subsystems::esp] Using GRUB EFI executable from '/tmp/.tmpWcrnCm/EFI/BOOT/grubx64-noprefix.efi'
[DEBUG DAEMON::trident::subsystems::esp] Using shim EFI executable from '/tmp/.tmpWcrnCm/EFI/BOOT/bootx64.efi'
[DEBUG DAEMON::trident::subsystems::esp] Creating directory /mnt/newroot/boot/efi/EFI/AZLB
[DEBUG DAEMON::trident::subsystems::esp] Copying file '/tmp/.tmpWcrnCm/boot/grub2/grub.cfg' to '/mnt/newroot/boot/efi/EFI/AZLB/grub.cfg'
[DEBUG DAEMON::trident::subsystems::esp] Copying file '/tmp/.tmpWcrnCm/EFI/BOOT/grubx64-noprefix.efi' to '/mnt/newroot/boot/efi/EFI/AZLB/grubx64-noprefix.efi'
[DEBUG DAEMON::trident::subsystems::esp] Copying file '/tmp/.tmpWcrnCm/EFI/BOOT/bootx64.efi' to '/mnt/newroot/boot/efi/EFI/AZLB/bootx64.efi'
[TRACE DAEMON::osutils::dependencies] Executing 'umount /tmp/.tmpWcrnCm'
[TRACE DAEMON::osutils::dependencies] Executed 'umount /tmp/.tmpWcrnCm': exited with status: 0. Report:
    
[TRACE DAEMON::trident::logging::tracestream] Closed span: "esp_provision", execution_time: 0.10 seconds
[DEBUG DAEMON::trident::engine] Starting step 'Provision' for subsystem 'storage'
[DEBUG DAEMON::trident::engine] Starting step 'Provision' for subsystem 'boot'
[DEBUG DAEMON::trident::engine] Starting step 'Provision' for subsystem 'network'
[DEBUG DAEMON::trident::engine] Starting step 'Provision' for subsystem 'os-config'
[TRACE DAEMON::trident::logging::tracestream] Entered span: "osconfig_provision"
[TRACE DAEMON::trident::logging::tracestream] Closed span: "osconfig_provision", execution_time: 0.00 seconds
[DEBUG DAEMON::trident::engine] Starting step 'Provision' for subsystem 'management'
[TRACE DAEMON::trident::logging::tracestream] Entered span: "management_provision"
[WARN  DAEMON::trident_api::config::host::internal_params] USING INTERNAL OVERRIDE PARAMETER 'selfUpgradeTrident':
    Bool(false)
[TRACE DAEMON::trident::logging::tracestream] Closed span: "management_provision", execution_time: 0.00 seconds
[DEBUG DAEMON::trident::engine] Starting step 'Provision' for subsystem 'extensions'
[TRACE DAEMON::trident::subsystems::extensions] Defining staging directory for extension images at '/mnt/newroot/var/lib/extensions/.staging'
[TRACE DAEMON::trident::subsystems::extensions] Creating staging directory at '/mnt/newroot/var/lib/extensions/.staging'
[DEBUG DAEMON::trident::engine] Starting step 'Provision' for subsystem 'hooks'
[TRACE DAEMON::trident::logging::tracestream] Entered span: "hooks_provision"
[TRACE DAEMON::trident::logging::tracestream] Closed span: "hooks_provision", execution_time: 0.00 seconds
[DEBUG DAEMON::trident::engine] Starting step 'Provision' for subsystem 'initrd'
[DEBUG DAEMON::trident::engine] Starting step 'Provision' for subsystem 'selinux'
[DEBUG DAEMON::trident::engine] Finished step 'Provision'
[DEBUG DAEMON::trident::engine::ab_update] Entering '/mnt/newroot' chroot
[DEBUG DAEMON::osutils::chroot] Mounting special directories
[DEBUG DAEMON::osutils::chroot] Entering chroot
[INFO  DAEMON::trident::engine] Starting step 'Configure'
[DEBUG DAEMON::trident::engine] Starting step 'Configure' for subsystem 'mos-config'
[DEBUG DAEMON::trident::engine] Starting step 'Configure' for subsystem 'esp'
[DEBUG DAEMON::trident::engine] Starting step 'Configure' for subsystem 'storage'
[TRACE DAEMON::trident::logging::tracestream] Entered span: "storage_configuration"
[TRACE DAEMON::trident::subsystems::storage::fstab] Wrote '/etc/fstab', contents: 'TabFile { entries: [TabFileEntry { device: BlockDevice("/dev/disk/by-partuuid/7f806611-4852-462f-b04a-8481b1868d9b"), mount_point: Path("/var/lib/trident"), fs_type: Kernel(Real(Ext4)), options: ["defaults"], disabled_reason: None }, TabFileEntry { device: BlockDevice("/dev/disk/by-partuuid/2921e1f9-b033-496c-b5c3-f143154555ec"), mount_point: Path("/home"), fs_type: Kernel(Real(Ext4)), options: ["defaults"], disabled_reason: None }, TabFileEntry { device: BlockDevice("/dev/disk/by-partuuid/0a3205d7-4837-4266-a26e-b170da637f3b"), mount_point: Path("/boot/efi"), fs_type: Kernel(Real(Vfat)), options: ["umask=0077"], disabled_reason: None }, TabFileEntry { device: BlockDevice("/dev/disk/by-partuuid/bdce528b-7250-4434-99d6-7f310ecc269e"), mount_point: Path("/"), fs_type: Kernel(Real(Ext4)), options: ["defaults"], disabled_reason: None }, TabFileEntry { device: BlockDevice("/dev/disk/by-partuuid/54d1faac-95b7-465d-b389-06044368b776"), mount_point: None, fs_type: Swap, options: [], disabled_reason: None }] }'
[TRACE DAEMON::trident::logging::tracestream] Entered span: "encryption_configuration"
[TRACE DAEMON::trident::logging::tracestream] Closed span: "encryption_configuration", execution_time: 0.00 seconds
[TRACE DAEMON::trident::logging::tracestream] Entered span: "raid_configuration"
[TRACE DAEMON::trident::logging::tracestream] Closed span: "raid_configuration", execution_time: 0.00 seconds
[TRACE DAEMON::trident::logging::tracestream] Closed span: "storage_configuration", execution_time: 0.00 seconds
[DEBUG DAEMON::trident::engine] Starting step 'Configure' for subsystem 'boot'
[TRACE DAEMON::trident::logging::tracestream] Entered span: "boot_configuration"
[TRACE DAEMON::osutils::dependencies] Executing 'blkid -o value -s UUID /dev/disk/by-partuuid/bdce528b-7250-4434-99d6-7f310ecc269e'
[TRACE DAEMON::osutils::dependencies] Executed 'blkid -o value -s UUID /dev/disk/by-partuuid/bdce528b-7250-4434-99d6-7f310ecc269e': exited with status: 0. Report:
    stdout:
    088fdf96-cf71-4f03-b8af-921bb22a143b
    
    
[INFO  DAEMON::trident::engine::boot::grub] Disabling default cloud-init network config
[DEBUG DAEMON::osutils::grub_mkconfig] Writing grub-mkconfig script to '/etc/default/grub.d/prefer-netplan.cfg'
[TRACE DAEMON::osutils::grub_mkconfig] Grub-mkconfig script content:
    GRUB_CMDLINE_LINUX="$GRUB_CMDLINE_LINUX network-config=disabled"
    
[DEBUG DAEMON::trident::engine::boot::grub] Updating GRUB config for Azure Linux 3.0 with OS modifier
[TRACE DAEMON::trident::engine::boot::grub] Contents of GRUB config at path '/boot/grub2/grub.cfg':
    #
    # DO NOT EDIT THIS FILE
    #
    # It is automatically generated by grub2-mkconfig using templates
    # from /etc/grub.d and settings from /etc/default/grub
    #
    
    ### BEGIN /etc/grub.d/00_header ###
    if [ -s $prefix/grubenv ]; then
      load_env
    fi
    if [ "${next_entry}" ] ; then
       set default="${next_entry}"
       set next_entry=
       save_env next_entry
       set boot_once=true
    else
       set default="0"
    fi
    
    if [ x"${feature_menuentry_id}" = xy ]; then
      menuentry_id_option="--id"
    else
      menuentry_id_option=""
    fi
    
    export menuentry_id_option
    
    if [ "${prev_saved_entry}" ]; then
      set saved_entry="${prev_saved_entry}"
      save_env saved_entry
      set prev_saved_entry=
      save_env prev_saved_entry
      set boot_once=true
    fi
    
    function savedefault {
      if [ -z "${boot_once}" ]; then
        saved_entry="${chosen}"
        save_env saved_entry
      fi
    }
    
    function load_video {
      if [ x$feature_all_video_module = xy ]; then
        insmod all_video
      else
        insmod efi_gop
        insmod efi_uga
        insmod ieee1275_fb
        insmod vbe
        insmod vga
        insmod video_bochs
        insmod video_cirrus
      fi
    }
    
    terminal_output console
    if [ x$feature_timeout_style = xy ] ; then
      set timeout_style=menu
      set timeout=0
    # Fallback normal timeout code in case the timeout_style feature is
    # unavailable.
    else
      set timeout=0
    fi
    ### END /etc/grub.d/00_header ###
    
    ### BEGIN /etc/grub.d/10_linux ###
    menuentry 'AzureLinux GNU/Linux, with Linux 6.6.143.1-1.azl3' --class azurelinux --class gnu-linux --class gnu --class os $menuentry_id_option 'gnulinux-6.6.143.1-1.azl3-advanced-088fdf96-cf71-4f03-b8af-921bb22a143b' {
    	load_video
    	set gfxpayload=keep
    	insmod gzio
    	insmod part_gpt
    	insmod ext2
    	search --no-floppy --fs-uuid --set=root 088fdf96-cf71-4f03-b8af-921bb22a143b
    	echo	'Loading Linux 6.6.143.1-1.azl3 ...'
    	linux	/boot/vmlinuz-6.6.143.1-1.azl3 root=UUID=088fdf96-cf71-4f03-b8af-921bb22a143b ro    security=selinux selinux=1  rd.auto=1 net.ifnames=0 lockdown=integrity  console=tty0 console=ttyS0 rd.info log_buf_len=1M $kernelopts
    	echo	'Loading initial ramdisk ...'
    	initrd	/boot/initramfs-6.6.143.1-1.azl3.img
    }
    menuentry 'AzureLinux GNU/Linux, with Linux 6.6.143.1-1.azl3 (recovery mode)' --class azurelinux --class gnu-linux --class gnu --class os $menuentry_id_option 'gnulinux-6.6.143.1-1.azl3-recovery-088fdf96-cf71-4f03-b8af-921bb22a143b' {
    	load_video
    	set gfxpayload=keep
    	insmod gzio
    	insmod part_gpt
    	insmod ext2
    	search --no-floppy --fs-uuid --set=root 088fdf96-cf71-4f03-b8af-921bb22a143b
    	echo	'Loading Linux 6.6.143.1-1.azl3 ...'
    	linux	/boot/vmlinuz-6.6.143.1-1.azl3 root=UUID=088fdf96-cf71-4f03-b8af-921bb22a143b ro single    security=selinux selinux=1  rd.auto=1 net.ifnames=0 lockdown=integrity 
    	echo	'Loading initial ramdisk ...'
    	initrd	/boot/initramfs-6.6.143.1-1.azl3.img
    }
    
    ### END /etc/grub.d/10_linux ###
    
    ### BEGIN /etc/grub.d/20_linux_xen ###
    
    ### END /etc/grub.d/20_linux_xen ###
    
    ### BEGIN /etc/grub.d/30_os-prober ###
    ### END /etc/grub.d/30_os-prober ###
    
    ### BEGIN /etc/grub.d/30_uefi-firmware ###
    ### END /etc/grub.d/30_uefi-firmware ###
    
    ### BEGIN /etc/grub.d/40_custom ###
    # This file provides an easy way to add custom menu entries.  Simply type the
    # menu entries you want to add after this comment.  Be careful not to change
    # the 'exec tail' line above.
    ### END /etc/grub.d/40_custom ###
    
    ### BEGIN /etc/grub.d/41_custom ###
    if [ -f  ${config_directory}/custom.cfg ]; then
      source ${config_directory}/custom.cfg
    elif [ -z "${config_directory}" -a -f  $prefix/custom.cfg ]; then
      source $prefix/custom.cfg
    fi
    ### END /etc/grub.d/41_custom ###
    
[INFO  DAEMON::osmodifier] Syncing grub.cfg values to /etc/default/grub
[TRACE DAEMON::osmodifier::grub_cfg] grub.cfg content:
    #
    # DO NOT EDIT THIS FILE
    #
    # It is automatically generated by grub2-mkconfig using templates
    # from /etc/grub.d and settings from /etc/default/grub
    #
    
    ### BEGIN /etc/grub.d/00_header ###
    if [ -s $prefix/grubenv ]; then
      load_env
    fi
    if [ "${next_entry}" ] ; then
       set default="${next_entry}"
       set next_entry=
       save_env next_entry
       set boot_once=true
    else
       set default="0"
    fi
    
    if [ x"${feature_menuentry_id}" = xy ]; then
      menuentry_id_option="--id"
    else
      menuentry_id_option=""
    fi
    
    export menuentry_id_option
    
    if [ "${prev_saved_entry}" ]; then
      set saved_entry="${prev_saved_entry}"
      save_env saved_entry
      set prev_saved_entry=
      save_env prev_saved_entry
      set boot_once=true
    fi
    
    function savedefault {
      if [ -z "${boot_once}" ]; then
        saved_entry="${chosen}"
        save_env saved_entry
      fi
    }
    
    function load_video {
      if [ x$feature_all_video_module = xy ]; then
        insmod all_video
      else
        insmod efi_gop
        insmod efi_uga
        insmod ieee1275_fb
        insmod vbe
        insmod vga
        insmod video_bochs
        insmod video_cirrus
      fi
    }
    
    terminal_output console
    if [ x$feature_timeout_style = xy ] ; then
      set timeout_style=menu
      set timeout=0
    # Fallback normal timeout code in case the timeout_style feature is
    # unavailable.
    else
      set timeout=0
    fi
    ### END /etc/grub.d/00_header ###
    
    ### BEGIN /etc/grub.d/10_linux ###
    menuentry 'AzureLinux GNU/Linux, with Linux 6.6.143.1-1.azl3' --class azurelinux --class gnu-linux --class gnu --class os $menuentry_id_option 'gnulinux-6.6.143.1-1.azl3-advanced-088fdf96-cf71-4f03-b8af-921bb22a143b' {
    	load_video
    	set gfxpayload=keep
    	insmod gzio
    	insmod part_gpt
    	insmod ext2
    	search --no-floppy --fs-uuid --set=root 088fdf96-cf71-4f03-b8af-921bb22a143b
    	echo	'Loading Linux 6.6.143.1-1.azl3 ...'
    	linux	/boot/vmlinuz-6.6.143.1-1.azl3 root=UUID=088fdf96-cf71-4f03-b8af-921bb22a143b ro    security=selinux selinux=1  rd.auto=1 net.ifnames=0 lockdown=integrity  console=tty0 console=ttyS0 rd.info log_buf_len=1M $kernelopts
    	echo	'Loading initial ramdisk ...'
    	initrd	/boot/initramfs-6.6.143.1-1.azl3.img
    }
    menuentry 'AzureLinux GNU/Linux, with Linux 6.6.143.1-1.azl3 (recovery mode)' --class azurelinux --class gnu-linux --class gnu --class os $menuentry_id_option 'gnulinux-6.6.143.1-1.azl3-recovery-088fdf96-cf71-4f03-b8af-921bb22a143b' {
    	load_video
    	set gfxpayload=keep
    	insmod gzio
    	insmod part_gpt
    	insmod ext2
    	search --no-floppy --fs-uuid --set=root 088fdf96-cf71-4f03-b8af-921bb22a143b
    	echo	'Loading Linux 6.6.143.1-1.azl3 ...'
    	linux	/boot/vmlinuz-6.6.143.1-1.azl3 root=UUID=088fdf96-cf71-4f03-b8af-921bb22a143b ro single    security=selinux selinux=1  rd.auto=1 net.ifnames=0 lockdown=integrity 
    	echo	'Loading initial ramdisk ...'
    	initrd	/boot/initramfs-6.6.143.1-1.azl3.img
    }
    
    ### END /etc/grub.d/10_linux ###
    
    ### BEGIN /etc/grub.d/20_linux_xen ###
    
    ### END /etc/grub.d/20_linux_xen ###
    
    ### BEGIN /etc/grub.d/30_os-prober ###
    ### END /etc/grub.d/30_os-prober ###
    
    ### BEGIN /etc/grub.d/30_uefi-firmware ###
    ### END /etc/grub.d/30_uefi-firmware ###
    
    ### BEGIN /etc/grub.d/40_custom ###
    # This file provides an easy way to add custom menu entries.  Simply type the
    # menu entries you want to add after this comment.  Be careful not to change
    # the 'exec tail' line above.
    ### END /etc/grub.d/40_custom ###
    
    ### BEGIN /etc/grub.d/41_custom ###
    if [ -f  ${config_directory}/custom.cfg ]; then
      source ${config_directory}/custom.cfg
    elif [ -z "${config_directory}" -a -f  $prefix/custom.cfg ]; then
      source $prefix/custom.cfg
    fi
    ### END /etc/grub.d/41_custom ###
    
[DEBUG DAEMON::osmodifier::grub_cfg] Found linux line: /boot/vmlinuz-6.6.143.1-1.azl3 root=UUID=088fdf96-cf71-4f03-b8af-921bb22a143b ro    security=selinux selinux=1  rd.auto=1 net.ifnames=0 lockdown=integrity  console=tty0 console=ttyS0 rd.info log_buf_len=1M $kernelopts
[DEBUG DAEMON::osmodifier::default_grub] Reading default grub from '/etc/default/grub'
[TRACE DAEMON::osmodifier::default_grub] Default grub content:
    GRUB_TIMEOUT=0
    GRUB_DISTRIBUTOR="AzureLinux"
    GRUB_DISABLE_SUBMENU=y
    GRUB_TERMINAL_OUTPUT="console"
    GRUB_CMDLINE_LINUX="   security=selinux selinux=1  rd.auto=1 net.ifnames=0 lockdown=integrity "
    GRUB_CMDLINE_LINUX_DEFAULT="console=tty0 console=ttyS0 rd.info log_buf_len=1M \$kernelopts"
    
    # =============================notice===============================
    # IMPORTANT: package and feature-specific behaviors are defined in
    #   /etc/default/grub.d/*.cfg. The cfg files are sourced last
    #   before grub2-mkconfig is called and hence have higher precedence
    #   than this file's GRUB_CMDLINE_LINUX. The order as it appears in the
    #   Linux commandline is:
    #     - first GRUB_CMDLINE_LINUX
    #     - then /etc/default/grub.d/*.cfg
    #     - and finally GRUB_CMDLINE_LINUX_DEFAULT
    # =============================notice===============================
    for x in /etc/default/grub.d/*.cfg ; do
        if [ -e "${x}" ]; then
            . "${x}" || grub_warn "Received non-zero exit code from ${x}."
        fi
    done
    
[DEBUG DAEMON::osmodifier::default_grub] Writing default grub to '/etc/default/grub'
[TRACE DAEMON::osmodifier::default_grub] Default grub content to write:
    GRUB_TIMEOUT=0
    GRUB_DISTRIBUTOR="AzureLinux"
    GRUB_DISABLE_SUBMENU=y
    GRUB_TERMINAL_OUTPUT="console"
    GRUB_CMDLINE_LINUX="rd.auto=1 net.ifnames=0 lockdown=integrity security=selinux selinux=1"
    GRUB_CMDLINE_LINUX_DEFAULT="console=tty0 console=ttyS0 rd.info log_buf_len=1M \$kernelopts"
    
    # =============================notice===============================
    # IMPORTANT: package and feature-specific behaviors are defined in
    #   /etc/default/grub.d/*.cfg. The cfg files are sourced last
    #   before grub2-mkconfig is called and hence have higher precedence
    #   than this file's GRUB_CMDLINE_LINUX. The order as it appears in the
    #   Linux commandline is:
    #     - first GRUB_CMDLINE_LINUX
    #     - then /etc/default/grub.d/*.cfg
    #     - and finally GRUB_CMDLINE_LINUX_DEFAULT
    # =============================notice===============================
    for x in /etc/default/grub.d/*.cfg ; do
        if [ -e "${x}" ]; then
            . "${x}" || grub_warn "Received non-zero exit code from ${x}."
        fi
    done
    GRUB_DEVICE="UUID=088fdf96-cf71-4f03-b8af-921bb22a143b"
    
[INFO  DAEMON::osmodifier::grub_cfg] Running grub2-mkconfig -o '/boot/grub2/grub.cfg'
[TRACE DAEMON::osutils::dependencies] Executing 'grub2-mkconfig -o /boot/grub2/grub.cfg'
[TRACE DAEMON::osutils::dependencies] Executed 'grub2-mkconfig -o /boot/grub2/grub.cfg': exited with status: 0. Report:
    stderr:
    Generating grub configuration file ...
    Found linux image: /boot/vmlinuz-6.6.143.1-1.azl3
    Found initrd image: /boot/initramfs-6.6.143.1-1.azl3.img
    Warning: os-prober will not be executed to detect other bootable partitions.
    Systems on them will not be added to the GRUB boot configuration.
    Check GRUB_DISABLE_OS_PROBER documentation entry.
    done
    
    
[DEBUG DAEMON::osmodifier::grub_cfg] grub2-mkconfig completed successfully
[INFO  DAEMON::osmodifier] Successfully updated default grub
[TRACE DAEMON::trident::engine::boot::grub] Contents of GRUB config at path '/boot/grub2/grub.cfg' updated with OS modifier:
    #
    # DO NOT EDIT THIS FILE
    #
    # It is automatically generated by grub2-mkconfig using templates
    # from /etc/grub.d and settings from /etc/default/grub
    #
    
    ### BEGIN /etc/grub.d/00_header ###
    if [ -s $prefix/grubenv ]; then
      load_env
    fi
    if [ "${next_entry}" ] ; then
       set default="${next_entry}"
       set next_entry=
       save_env next_entry
       set boot_once=true
    else
       set default="0"
    fi
    
    if [ x"${feature_menuentry_id}" = xy ]; then
      menuentry_id_option="--id"
    else
      menuentry_id_option=""
    fi
    
    export menuentry_id_option
    
    if [ "${prev_saved_entry}" ]; then
      set saved_entry="${prev_saved_entry}"
      save_env saved_entry
      set prev_saved_entry=
      save_env prev_saved_entry
      set boot_once=true
    fi
    
    function savedefault {
      if [ -z "${boot_once}" ]; then
        saved_entry="${chosen}"
        save_env saved_entry
      fi
    }
    
    function load_video {
      if [ x$feature_all_video_module = xy ]; then
        insmod all_video
      else
        insmod efi_gop
        insmod efi_uga
        insmod ieee1275_fb
        insmod vbe
        insmod vga
        insmod video_bochs
        insmod video_cirrus
      fi
    }
    
    terminal_output console
    if [ x$feature_timeout_style = xy ] ; then
      set timeout_style=menu
      set timeout=0
    # Fallback normal timeout code in case the timeout_style feature is
    # unavailable.
    else
      set timeout=0
    fi
    ### END /etc/grub.d/00_header ###
    
    ### BEGIN /etc/grub.d/10_linux ###
    menuentry 'AzureLinux GNU/Linux, with Linux 6.6.143.1-1.azl3' --class azurelinux --class gnu-linux --class gnu --class os $menuentry_id_option 'gnulinux-6.6.143.1-1.azl3-advanced-UUID=088fdf96-cf71-4f03-b8af-921bb22a143b' {
    	load_video
    	set gfxpayload=keep
    	insmod gzio
    	insmod part_gpt
    	insmod ext2
    	set root='hd0,gpt2'
    	if [ x$feature_platform_search_hint = xy ]; then
    	  search --no-floppy --fs-uuid --set=root --hint-bios=hd0,gpt2 --hint-efi=hd0,gpt2 --hint-baremetal=ahci0,gpt2  088fdf96-cf71-4f03-b8af-921bb22a143b
    	else
    	  search --no-floppy --fs-uuid --set=root 088fdf96-cf71-4f03-b8af-921bb22a143b
    	fi
    	echo	'Loading Linux 6.6.143.1-1.azl3 ...'
    	linux	/boot/vmlinuz-6.6.143.1-1.azl3 root=UUID=088fdf96-cf71-4f03-b8af-921bb22a143b ro rd.auto=1 net.ifnames=0 lockdown=integrity security=selinux selinux=1 network-config=disabled console=tty0 console=ttyS0 rd.info log_buf_len=1M $kernelopts
    	echo	'Loading initial ramdisk ...'
    	initrd	/boot/initramfs-6.6.143.1-1.azl3.img
    }
    menuentry 'AzureLinux GNU/Linux, with Linux 6.6.143.1-1.azl3 (recovery mode)' --class azurelinux --class gnu-linux --class gnu --class os $menuentry_id_option 'gnulinux-6.6.143.1-1.azl3-recovery-UUID=088fdf96-cf71-4f03-b8af-921bb22a143b' {
    	load_video
    	set gfxpayload=keep
    	insmod gzio
    	insmod part_gpt
    	insmod ext2
    	set root='hd0,gpt2'
    	if [ x$feature_platform_search_hint = xy ]; then
    	  search --no-floppy --fs-uuid --set=root --hint-bios=hd0,gpt2 --hint-efi=hd0,gpt2 --hint-baremetal=ahci0,gpt2  088fdf96-cf71-4f03-b8af-921bb22a143b
    	else
    	  search --no-floppy --fs-uuid --set=root 088fdf96-cf71-4f03-b8af-921bb22a143b
    	fi
    	echo	'Loading Linux 6.6.143.1-1.azl3 ...'
    	linux	/boot/vmlinuz-6.6.143.1-1.azl3 root=UUID=088fdf96-cf71-4f03-b8af-921bb22a143b ro single rd.auto=1 net.ifnames=0 lockdown=integrity security=selinux selinux=1 network-config=disabled
    	echo	'Loading initial ramdisk ...'
    	initrd	/boot/initramfs-6.6.143.1-1.azl3.img
    }
    
    ### END /etc/grub.d/10_linux ###
    
    ### BEGIN /etc/grub.d/20_linux_xen ###
    
    ### END /etc/grub.d/20_linux_xen ###
    
    ### BEGIN /etc/grub.d/30_os-prober ###
    ### END /etc/grub.d/30_os-prober ###
    
    ### BEGIN /etc/grub.d/30_uefi-firmware ###
    ### END /etc/grub.d/30_uefi-firmware ###
    
    ### BEGIN /etc/grub.d/40_custom ###
    # This file provides an easy way to add custom menu entries.  Simply type the
    # menu entries you want to add after this comment.  Be careful not to change
    # the 'exec tail' line above.
    ### END /etc/grub.d/40_custom ###
    
    ### BEGIN /etc/grub.d/41_custom ###
    if [ -f  ${config_directory}/custom.cfg ]; then
      source ${config_directory}/custom.cfg
    elif [ -z "${config_directory}" -a -f  $prefix/custom.cfg ]; then
      source $prefix/custom.cfg
    fi
    ### END /etc/grub.d/41_custom ###
    
[INFO  DAEMON::osmodifier] Applying boot configuration modifications
[DEBUG DAEMON::osmodifier::default_grub] Reading default grub from '/etc/default/grub'
[TRACE DAEMON::osmodifier::default_grub] Default grub content:
    GRUB_TIMEOUT=0
    GRUB_DISTRIBUTOR="AzureLinux"
    GRUB_DISABLE_SUBMENU=y
    GRUB_TERMINAL_OUTPUT="console"
    GRUB_CMDLINE_LINUX="rd.auto=1 net.ifnames=0 lockdown=integrity security=selinux selinux=1"
    GRUB_CMDLINE_LINUX_DEFAULT="console=tty0 console=ttyS0 rd.info log_buf_len=1M \$kernelopts"
    
    # =============================notice===============================
    # IMPORTANT: package and feature-specific behaviors are defined in
    #   /etc/default/grub.d/*.cfg. The cfg files are sourced last
    #   before grub2-mkconfig is called and hence have higher precedence
    #   than this file's GRUB_CMDLINE_LINUX. The order as it appears in the
    #   Linux commandline is:
    #     - first GRUB_CMDLINE_LINUX
    #     - then /etc/default/grub.d/*.cfg
    #     - and finally GRUB_CMDLINE_LINUX_DEFAULT
    # =============================notice===============================
    for x in /etc/default/grub.d/*.cfg ; do
        if [ -e "${x}" ]; then
            . "${x}" || grub_warn "Received non-zero exit code from ${x}."
        fi
    done
    GRUB_DEVICE="UUID=088fdf96-cf71-4f03-b8af-921bb22a143b"
    
[DEBUG DAEMON::osmodifier] Updating SELinux in boot config
[DEBUG DAEMON::osmodifier::selinux] Updating SELinux config at '/etc/selinux/config' to 'enforcing'
[DEBUG DAEMON::osmodifier] Setting root device to '/dev/disk/by-partuuid/bdce528b-7250-4434-99d6-7f310ecc269e'
[DEBUG DAEMON::osmodifier::default_grub] Writing default grub to '/etc/default/grub'
[TRACE DAEMON::osmodifier::default_grub] Default grub content to write:
    GRUB_TIMEOUT=0
    GRUB_DISTRIBUTOR="AzureLinux"
    GRUB_DISABLE_SUBMENU=y
    GRUB_TERMINAL_OUTPUT="console"
    GRUB_CMDLINE_LINUX="rd.auto=1 net.ifnames=0 lockdown=integrity security=selinux selinux=1"
    GRUB_CMDLINE_LINUX_DEFAULT="console=tty0 console=ttyS0 rd.info log_buf_len=1M \$kernelopts"
    
    # =============================notice===============================
    # IMPORTANT: package and feature-specific behaviors are defined in
    #   /etc/default/grub.d/*.cfg. The cfg files are sourced last
    #   before grub2-mkconfig is called and hence have higher precedence
    #   than this file's GRUB_CMDLINE_LINUX. The order as it appears in the
    #   Linux commandline is:
    #     - first GRUB_CMDLINE_LINUX
    #     - then /etc/default/grub.d/*.cfg
    #     - and finally GRUB_CMDLINE_LINUX_DEFAULT
    # =============================notice===============================
    for x in /etc/default/grub.d/*.cfg ; do
        if [ -e "${x}" ]; then
            . "${x}" || grub_warn "Received non-zero exit code from ${x}."
        fi
    done
    GRUB_DEVICE="/dev/disk/by-partuuid/bdce528b-7250-4434-99d6-7f310ecc269e"
    
[INFO  DAEMON::osmodifier::grub_cfg] Running grub2-mkconfig -o '/boot/grub2/grub.cfg'
[TRACE DAEMON::osutils::dependencies] Executing 'grub2-mkconfig -o /boot/grub2/grub.cfg'
[TRACE DAEMON::osutils::dependencies] Executed 'grub2-mkconfig -o /boot/grub2/grub.cfg': exited with status: 0. Report:
    stderr:
    Generating grub configuration file ...
    Found linux image: /boot/vmlinuz-6.6.143.1-1.azl3
    Found initrd image: /boot/initramfs-6.6.143.1-1.azl3.img
    Warning: os-prober will not be executed to detect other bootable partitions.
    Systems on them will not be added to the GRUB boot configuration.
    Check GRUB_DISABLE_OS_PROBER documentation entry.
    done
    
    
[DEBUG DAEMON::osmodifier::grub_cfg] grub2-mkconfig completed successfully
[DEBUG DAEMON::trident::engine::boot::grub] Finished updating GRUB config for Azure Linux 3.0 with OS modifier
[DEBUG DAEMON::trident::engine::boot::grub] Updating ESP GRUB config at path '/boot/efi/EFI/AZLB/grub.cfg' with UUID '088fdf96-cf71-4f03-b8af-921bb22a143b'
[TRACE DAEMON::trident::logging::tracestream] Closed span: "boot_configuration", execution_time: 6.53 seconds
[DEBUG DAEMON::trident::engine] Starting step 'Configure' for subsystem 'network'
[TRACE DAEMON::trident::logging::tracestream] Entered span: "network_configuration"
[DEBUG DAEMON::trident::subsystems::network] Configuring network
[DEBUG DAEMON::osutils::netplan] Writing netplan config to /etc/netplan/99-trident.yaml
[DEBUG DAEMON::osutils::netplan] Generating netplan config
[TRACE DAEMON::osutils::dependencies] Executing 'netplan generate'
[TRACE DAEMON::osutils::dependencies] Executed 'netplan generate': exited with status: 0. Report:
    stderr:
    Running in chroot, ignoring command 'daemon-reload'
    
    
[DEBUG DAEMON::trident::subsystems::network] Disabling cloud-init networking
[TRACE DAEMON::trident::logging::tracestream] Closed span: "network_configuration", execution_time: 1.55 seconds
[DEBUG DAEMON::trident::engine] Starting step 'Configure' for subsystem 'os-config'
[TRACE DAEMON::trident::logging::tracestream] Entered span: "osconfig_configuration"
[DEBUG DAEMON::trident::subsystems::osconfig] Setting up users
[DEBUG DAEMON::trident::subsystems::osconfig::users] Setting up sshd config
[DEBUG DAEMON::trident::subsystems::osconfig] Carrying over hostname
[DEBUG DAEMON::osmodifier] Applying OS modifications
[INFO  DAEMON::osmodifier] Configuring users
[TRACE DAEMON::osutils::dependencies] Executing 'id -u testing-user'
[TRACE DAEMON::osutils::dependencies] Executed 'id -u testing-user': exited with status: 1. Report:
    stderr:
    /usr/bin/id: ‘testing-user’: no such user
    
    
[INFO  DAEMON::osmodifier::users] Creating user 'testing-user'
[TRACE DAEMON::osutils::dependencies] Executing 'useradd -m testing-user'
[TRACE DAEMON::osutils::dependencies] Executed 'useradd -m testing-user': exited with status: 0. Report:
    stderr:
    useradd: warning: the home directory /home/testing-user already exists.
    useradd: Not copying any file from skel directory into it.
    
    
[DEBUG DAEMON::osmodifier::users] Writing 1 SSH key(s) for 'testing-user' to '/home/testing-user/.ssh/authorized_keys'
[TRACE DAEMON::osutils::dependencies] Executing 'chown testing-user: /home/testing-user/.ssh'
[TRACE DAEMON::osutils::dependencies] Executed 'chown testing-user: /home/testing-user/.ssh': exited with status: 0. Report:
    
[TRACE DAEMON::osutils::dependencies] Executing 'chown testing-user: /home/testing-user/.ssh/authorized_keys'
[TRACE DAEMON::osutils::dependencies] Executed 'chown testing-user: /home/testing-user/.ssh/authorized_keys': exited with status: 0. Report:
    
[INFO  DAEMON::osmodifier] Setting hostname to 'trident-testimg'
[DEBUG DAEMON::osmodifier::hostname] Writing hostname 'trident-testimg' to '/etc/hostname'
[TRACE DAEMON::trident::logging::tracestream] Closed span: "osconfig_configuration", execution_time: 0.11 seconds
[DEBUG DAEMON::trident::engine] Starting step 'Configure' for subsystem 'management'
[TRACE DAEMON::trident::logging::tracestream] Entered span: "management_configure"
[TRACE DAEMON::trident::logging::tracestream] Closed span: "management_configure", execution_time: 0.00 seconds
[DEBUG DAEMON::trident::engine] Starting step 'Configure' for subsystem 'extensions'
[DEBUG DAEMON::trident::subsystems::extensions] Skipping step 'configure' because servicing type is not RuntimeUpdate.
[DEBUG DAEMON::trident::engine] Starting step 'Configure' for subsystem 'hooks'
[TRACE DAEMON::trident::logging::tracestream] Entered span: "hooks_configuration"
[DEBUG DAEMON::trident::subsystems::hooks] Running post-configure scripts
[DEBUG DAEMON::trident::subsystems::hooks] Running script 'testing-privilege' with interpreter '/bin/sh'
[INFO  DAEMON::trident::subsystems::hooks] Script 'testing-privilege' executed successfully
[DEBUG DAEMON::trident::subsystems::hooks] Script 'testing-privilege' produced no output
[TRACE DAEMON::trident::logging::tracestream] Closed span: "hooks_configuration", execution_time: 0.00 seconds
[DEBUG DAEMON::trident::engine] Starting step 'Configure' for subsystem 'initrd'
[TRACE DAEMON::trident::logging::tracestream] Entered span: "initrd_regeneration"
[INFO  DAEMON::trident::subsystems::initrd] Regenerating initrd
[DEBUG DAEMON::osutils::mkinitrd] Triggering udev rescan before initrd regeneration
[TRACE DAEMON::osutils::dependencies] Executing 'udevadm trigger'
[TRACE DAEMON::osutils::dependencies] Executed 'udevadm trigger': exited with status: 0. Report:
    stderr:
    Running in chroot, ignoring request.
    
    
[TRACE DAEMON::osutils::dependencies] Executing 'udevadm settle'
[TRACE DAEMON::osutils::dependencies] Executed 'udevadm settle': exited with status: 0. Report:
    stderr:
    Running in chroot, ignoring request.
    
    
[TRACE DAEMON::osutils::dependencies] Executing 'dracut --force --regenerate-all --zstd --include /usr/lib/locale /usr/lib/locale --include /tmp/.tmpReM0MU /lib/dracut/hooks/cmdline/10-verity-workaround.sh'
[TRACE DAEMON::osutils::dependencies] Executed 'dracut --force --regenerate-all --zstd --include /usr/lib/locale /usr/lib/locale --include /tmp/.tmpReM0MU /lib/dracut/hooks/cmdline/10-verity-workaround.sh': exited with status: 0. Report:
    stderr:
    dracut[I]: Executing: /usr/bin/dracut --kver=6.6.143.1-1.azl3 --force --zstd --include /usr/lib/locale /usr/lib/locale --include /tmp/.tmpReM0MU /lib/dracut/hooks/cmdline/10-verity-workaround.sh
    dracut[I]: 62bluetooth: Could not find any command of '/usr/lib/bluetooth/bluetoothd /usr/libexec/bluetooth/bluetoothd'!
    dracut[I]: 95nfs: Could not find any command of 'rpcbind portmap'!
    dracut[I]: 62bluetooth: Could not find any command of '/usr/lib/bluetooth/bluetoothd /usr/libexec/bluetooth/bluetoothd'!
    dracut[I]: 95nfs: Could not find any command of 'rpcbind portmap'!
    dracut[I]: *** Including module: systemd ***
    dracut[I]: *** Including module: systemd-ask-password ***
    dracut[I]: *** Including module: systemd-initrd ***
    dracut[I]: *** Including module: systemd-journald ***
    dracut[I]: *** Including module: systemd-modules-load ***
    dracut[I]: *** Including module: systemd-sysctl ***
    dracut[I]: *** Including module: systemd-sysusers ***
    dracut[I]: *** Including module: systemd-tmpfiles ***
    dracut[I]: *** Including module: systemd-udevd ***
    dracut[I]: *** Including module: i18n ***
    dracut[E]: i18n_vars not set!  Please set up i18n_vars in  configuration file.
    dracut[I]: No KEYMAP configured.
    dracut[I]: *** Including module: kernel-modules ***
    dracut[I]: *** Including module: kernel-modules-extra ***
    dracut[I]: *** Including module: pcmcia ***
    dracut[I]: *** Including module: qemu ***
    dracut[I]: *** Including module: rootfs-block ***
    dracut[I]: *** Including module: terminfo ***
    dracut[I]: *** Including module: udev-rules ***
    dracut[I]: *** Including module: virtiofs ***
    dracut[I]: *** Including module: dracut-systemd ***
    dracut[I]: *** Including module: usrmount ***
    dracut[I]: *** Including module: base ***
    dracut[I]: *** Including module: fs-lib ***
    dracut[I]: *** Including module: shutdown ***
    dracut[I]: *** Including modules done ***
    dracut[I]: *** Installing kernel module dependencies ***
    dracut[I]: *** Installing kernel module dependencies done ***
    dracut[I]: *** Resolving executable dependencies ***
    dracut[I]: *** Resolving executable dependencies done ***
    dracut[I]: *** Hardlinking files ***
    dracut[I]: *** Hardlinking files done ***
    dracut[I]: *** Generating early-microcode cpio image ***
    dracut[I]: *** Store current command line parameters ***
    dracut[I]: Stored kernel commandline:
    dracut[I]:  root=UUID=088fdf96-cf71-4f03-b8af-921bb22a143b rootfstype=ext4 rootflags=rw,relatime,seclabel
    dracut[I]: *** Stripping files ***
    dracut[I]: *** Stripping files done ***
    dracut[I]: *** Creating image file '/boot/initramfs-6.6.143.1-1.azl3.img' ***
    dracut[I]: *** Creating initramfs image file '/boot/initramfs-6.6.143.1-1.azl3.img' done ***
    
    
[TRACE DAEMON::trident::logging::tracestream] Closed span: "initrd_regeneration", execution_time: 12.85 seconds
[DEBUG DAEMON::trident::engine] Starting step 'Configure' for subsystem 'selinux'
[TRACE DAEMON::trident::logging::tracestream] Entered span: "selinux_configuration"
[TRACE DAEMON::osutils::dependencies] Executing 'setfiles -m /etc/selinux/targeted/contexts/files/file_contexts /var/lib/trident /home /'
[TRACE DAEMON::osutils::dependencies] Executed 'setfiles -m /etc/selinux/targeted/contexts/files/file_contexts /var/lib/trident /home /': exited with status: 0. Report:
    
[TRACE DAEMON::trident::logging::tracestream] Closed span: "selinux_configuration", execution_time: 9.85 seconds
[DEBUG DAEMON::trident::engine] Finished step 'Configure'
[DEBUG DAEMON::osutils::chroot] Exited chroot. Unmounting special directories
[TRACE DAEMON::trident::logging::tracestream] Entered span: "newroot_unmount"
[DEBUG DAEMON::trident::engine::newroot] Unmounting newroot at '/mnt/newroot'
[DEBUG DAEMON::trident::engine::newroot] Unmounting '/mnt/newroot/run'
[TRACE DAEMON::osutils::dependencies] Executing 'umount /mnt/newroot/run'
[TRACE DAEMON::osutils::dependencies] Executed 'umount /mnt/newroot/run': exited with status: 0. Report:
    
[TRACE DAEMON::trident::engine::newroot] Unmounted '/mnt/newroot/run' successfully
[DEBUG DAEMON::trident::engine::newroot] Unmounting '/mnt/newroot/tmp'
[TRACE DAEMON::osutils::dependencies] Executing 'umount /mnt/newroot/tmp'
[TRACE DAEMON::osutils::dependencies] Executed 'umount /mnt/newroot/tmp': exited with status: 0. Report:
    
[TRACE DAEMON::trident::engine::newroot] Unmounted '/mnt/newroot/tmp' successfully
[DEBUG DAEMON::trident::engine::newroot] Unmounting '/mnt/newroot/var/lib/trident'
[TRACE DAEMON::osutils::dependencies] Executing 'umount /mnt/newroot/var/lib/trident'
[TRACE DAEMON::osutils::dependencies] Executed 'umount /mnt/newroot/var/lib/trident': exited with status: 0. Report:
    
[TRACE DAEMON::trident::engine::newroot] Unmounted '/mnt/newroot/var/lib/trident' successfully
[DEBUG DAEMON::trident::engine::newroot] Unmounting '/mnt/newroot/home'
[TRACE DAEMON::osutils::dependencies] Executing 'umount /mnt/newroot/home'
[TRACE DAEMON::osutils::dependencies] Executed 'umount /mnt/newroot/home': exited with status: 0. Report:
    
[TRACE DAEMON::trident::engine::newroot] Unmounted '/mnt/newroot/home' successfully
[DEBUG DAEMON::trident::engine::newroot] Unmounting '/mnt/newroot/boot/efi'
[TRACE DAEMON::osutils::dependencies] Executing 'umount /mnt/newroot/boot/efi'
[TRACE DAEMON::osutils::dependencies] Executed 'umount /mnt/newroot/boot/efi': exited with status: 0. Report:
    
[TRACE DAEMON::trident::engine::newroot] Unmounted '/mnt/newroot/boot/efi' successfully
[DEBUG DAEMON::trident::engine::newroot] Unmounting '/mnt/newroot/'
[TRACE DAEMON::osutils::dependencies] Executing 'umount /mnt/newroot/'
[TRACE DAEMON::osutils::dependencies] Executed 'umount /mnt/newroot/': exited with status: 0. Report:
    
[TRACE DAEMON::trident::engine::newroot] Unmounted '/mnt/newroot/' successfully
[TRACE DAEMON::trident::logging::tracestream] Closed span: "newroot_unmount", execution_time: 0.22 seconds
[INFO  DAEMON::trident::engine] Starting step 'Update Host Configuration'
[DEBUG DAEMON::trident::engine] Starting step 'Update Host Configuration' for subsystem 'mos-config'
[DEBUG DAEMON::trident::engine] Starting step 'Update Host Configuration' for subsystem 'esp'
[DEBUG DAEMON::trident::engine] Starting step 'Update Host Configuration' for subsystem 'storage'
[DEBUG DAEMON::trident::engine] Starting step 'Update Host Configuration' for subsystem 'boot'
[DEBUG DAEMON::trident::engine] Starting step 'Update Host Configuration' for subsystem 'network'
[DEBUG DAEMON::trident::engine] Starting step 'Update Host Configuration' for subsystem 'os-config'
[DEBUG DAEMON::trident::engine] Starting step 'Update Host Configuration' for subsystem 'management'
[DEBUG DAEMON::trident::engine] Starting step 'Update Host Configuration' for subsystem 'extensions'
[DEBUG DAEMON::trident::engine] Starting step 'Update Host Configuration' for subsystem 'hooks'
[DEBUG DAEMON::trident::engine] Starting step 'Update Host Configuration' for subsystem 'initrd'
[DEBUG DAEMON::trident::engine] Starting step 'Update Host Configuration' for subsystem 'selinux'
[DEBUG DAEMON::trident::engine] Finished step 'Update Host Configuration'
[INFO  DAEMON::trident::engine] Starting step 'Clean Up'
[DEBUG DAEMON::trident::engine] Starting step 'Clean Up' for subsystem 'mos-config'
[DEBUG DAEMON::trident::engine] Starting step 'Clean Up' for subsystem 'esp'
[DEBUG DAEMON::trident::engine] Starting step 'Clean Up' for subsystem 'storage'
[DEBUG DAEMON::trident::engine] Starting step 'Clean Up' for subsystem 'boot'
[DEBUG DAEMON::trident::engine] Starting step 'Clean Up' for subsystem 'network'
[DEBUG DAEMON::trident::engine] Starting step 'Clean Up' for subsystem 'os-config'
[DEBUG DAEMON::trident::engine] Starting step 'Clean Up' for subsystem 'management'
[DEBUG DAEMON::trident::engine] Starting step 'Clean Up' for subsystem 'extensions'
[DEBUG DAEMON::trident::subsystems::extensions] Skipping step 'clean up' because servicing type is not RuntimeUpdate.
[DEBUG DAEMON::trident::engine] Starting step 'Clean Up' for subsystem 'hooks'
[DEBUG DAEMON::trident::engine] Starting step 'Clean Up' for subsystem 'initrd'
[DEBUG DAEMON::trident::engine] Starting step 'Clean Up' for subsystem 'selinux'
[DEBUG DAEMON::trident::engine] Finished step 'Clean Up'
[DEBUG DAEMON::trident::engine::ab_update] Updating host's servicing state to 'AbUpdateStaged'
[INFO  DAEMON::trident::engine::ab_update] Staging of A/B update succeeded
[TRACE DAEMON::trident::logging::tracestream] Closed span: "stage_update", execution_time: 37.88 seconds
[TRACE DAEMON::trident::logging::tracestream] Entered span: "finalize_update"
[INFO  DAEMON::trident::engine::ab_update] Finalizing A/B update
[DEBUG DAEMON::trident::engine] Rebuilding storage graph for engine context
[TRACE DAEMON::trident::logging::tracestream] Entered span: "set_boot_order_configuration"
[TRACE DAEMON::osutils::dependencies] Executing 'efibootmgr'
[TRACE DAEMON::osutils::dependencies] Executed 'efibootmgr': exited with status: 0. Report:
    stdout:
    BootCurrent: 0003
    Timeout: 0 seconds
    BootOrder: 0003,0002,0000,0001
    Boot0000* BootManagerMenuApp	FvVol(7cb8bdc9-f8eb-4f34-aaea-3ee4af6516a1)/FvFile(eec25bdc-67f2-4d95-b1d5-f81b2039d11d)
    Boot0001* EFI Firmware Setup	FvVol(7cb8bdc9-f8eb-4f34-aaea-3ee4af6516a1)/FvFile(462caa21-7614-4503-836e-8ab6f4662331)
    Boot0002* UEFI QEMU HARDDISK QM00003 	PciRoot(0x0)/Pci(0x1f,0x2)/Sata(1,65535,0){auto_created_boot_option}
    Boot0003* AZLA	HD(3,GPT,0a3205d7-4837-4266-a26e-b170da637f3b,0x2000800,0x200000)/\EFI\AZLA\bootx64.efi
    Boot0099* netboot provision.iso	Uri(http://10.91.162.60:4000/provision.iso)
    
    
[TRACE DAEMON::osutils::dependencies] Executing 'lsblk --json --path /dev/disk/by-partuuid/0a3205d7-4837-4266-a26e-b170da637f3b --output-all --bytes'
[TRACE DAEMON::trident::monitor_metrics] Total cpu time for stage_ab_update: 4.99
[TRACE DAEMON::trident::monitor_metrics] Average memory usage for stage_ab_update: 13448.298941798941
[TRACE DAEMON::osutils::dependencies] Executed 'lsblk --json --path /dev/disk/by-partuuid/0a3205d7-4837-4266-a26e-b170da637f3b --output-all --bytes': exited with status: 0. Report:
    stdout:
    {
       "blockdevices": [
          {
             "alignment": 0,
             "id-link": null,
             "id": null,
             "disc-aln": 0,
             "dax": false,
             "disc-gran": 512,
             "disk-seq": 25,
             "disc-max": 2147450880,
             "disc-zero": false,
             "fsavail": 1064353792,
             "fsroots": [
                 "/"
             ],
             "fssize": 1071624192,
             "fstype": "vfat",
             "fsused": 7270400,
             "fsuse%": "1%",
             "fsver": null,
             "group": "disk",
             "hctl": null,
             "hotplug": false,
             "kname": "/dev/sda3",
             "label": null,
             "log-sec": 512,
             "maj:min": "8:3",
             "maj": "8",
             "min": "3",
             "min-io": 512,
             "mode": "brw-rw----",
             "model": null,
             "mq": "  1",
             "name": "/dev/sda3",
             "opt-io": 0,
             "owner": "root",
             "partflags": null,
             "partlabel": "esp",
             "partn": 3,
             "parttype": "c12a7328-f81f-11d2-ba4b-00a0c93ec93b",
             "parttypename": null,
             "partuuid": "0a3205d7-4837-4266-a26e-b170da637f3b",
             "path": "/dev/sda3",
             "phy-sec": 512,
             "pkname": "/dev/sda",
             "pttype": null,
             "ptuuid": null,
             "ra": 128,
             "rand": true,
             "rev": null,
             "rm": false,
             "ro": false,
             "rota": true,
             "rq-size": 32,
             "sched": "none",
             "serial": null,
             "size": 1073741824,
             "start": 33556480,
             "state": null,
             "subsystems": "block:scsi:pci",
             "mountpoint": "/boot/efi",
             "mountpoints": [
                 "/boot/efi"
             ],
             "tran": null,
             "type": "part",
             "uuid": "6007-C991",
             "vendor": null,
             "wsame": 0,
             "wwn": null,
             "zoned": "none",
             "zone-sz": 0,
             "zone-wgran": 0,
             "zone-app": 0,
             "zone-nr": 0,
             "zone-omax": 0,
             "zone-amax": 0
          }
       ]
    }
    
    
[TRACE DAEMON::trident::monitor_metrics] Peak memory usage for stage_ab_update: 41671
[DEBUG DAEMON::trident::engine::bootentries] Found disk for ESP partition 'esp' with device path '/dev/sda'
[DEBUG DAEMON::trident::engine::bootentries] The disk path of the first ESP partition is "/dev/sda", and the partition UUID path is "/dev/disk/by-partuuid/0a3205d7-4837-4266-a26e-b170da637f3b"
[TRACE DAEMON::trident::monitor_metrics] Total network usage for stage_ab_update: iface: eth0, rx_bytes: 180607090, tx_bytes: 173965
[TRACE DAEMON::osutils::dependencies] Executing 'sfdisk -J /dev/sda'
[TRACE DAEMON::trident::monitor_metrics] Total network usage for stage_ab_update: iface: lo, rx_bytes: 0, tx_bytes: 0
[TRACE DAEMON::osutils::dependencies] Executed 'sfdisk -J /dev/sda': exited with status: 0. Report:
    stdout:
    {
       "partitiontable": {
          "label": "gpt",
          "id": "03621ECE-72BA-453C-B0D1-5CDCCA70D3EA",
          "device": "/dev/sda",
          "unit": "sectors",
          "firstlba": 2048,
          "lastlba": 67108830,
          "sectorsize": 512,
          "partitions": [
             {
                "node": "/dev/sda1",
                "start": 2048,
                "size": 16777216,
                "type": "4F68BCE3-E8CD-4DB1-96E7-FBCAF984B709",
                "uuid": "D23517E6-F337-4477-86DE-D612039B6B1A",
                "name": "root-a",
                "attrs": "GUID:59"
             },{
                "node": "/dev/sda2",
                "start": 16779264,
                "size": 16777216,
                "type": "4F68BCE3-E8CD-4DB1-96E7-FBCAF984B709",
                "uuid": "BDCE528B-7250-4434-99D6-7F310ECC269E",
                "name": "root-b",
                "attrs": "GUID:59"
             },{
                "node": "/dev/sda3",
                "start": 33556480,
                "size": 2097152,
                "type": "C12A7328-F81F-11D2-BA4B-00A0C93EC93B",
                "uuid": "0A3205D7-4837-4266-A26E-B170DA637F3B",
                "name": "esp"
             },{
                "node": "/dev/sda4",
                "start": 35653632,
                "size": 4194304,
                "type": "0657FD6D-A4AB-43C4-84E5-0933C84B4F4F",
                "uuid": "54D1FAAC-95B7-465D-B389-06044368B776",
                "name": "swap"
             },{
                "node": "/dev/sda5",
                "start": 39847936,
                "size": 2097152,
                "type": "933AC7E1-2EB4-4F13-B844-0E14E2AEF915",
                "uuid": "2921E1F9-B033-496C-B5C3-F143154555EC",
                "name": "home",
                "attrs": "GUID:59"
             },{
                "node": "/dev/sda6",
                "start": 41945088,
                "size": 2097152,
                "type": "0FC63DAF-8483-4772-8E79-3D69D8477DE4",
                "uuid": "7F806611-4852-462F-B04A-8481B1868D9B",
                "name": "trident"
             }
          ]
       }
    }
    
    
[DEBUG DAEMON::trident::engine::bootentries] ESP partition number: 3
[TRACE DAEMON::osutils::dependencies] Executing 'efibootmgr'
[TRACE DAEMON::osutils::dependencies] Executed 'efibootmgr': exited with status: 0. Report:
    stdout:
    BootCurrent: 0003
    Timeout: 0 seconds
    BootOrder: 0003,0002,0000,0001
    Boot0000* BootManagerMenuApp	FvVol(7cb8bdc9-f8eb-4f34-aaea-3ee4af6516a1)/FvFile(eec25bdc-67f2-4d95-b1d5-f81b2039d11d)
    Boot0001* EFI Firmware Setup	FvVol(7cb8bdc9-f8eb-4f34-aaea-3ee4af6516a1)/FvFile(462caa21-7614-4503-836e-8ab6f4662331)
    Boot0002* UEFI QEMU HARDDISK QM00003 	PciRoot(0x0)/Pci(0x1f,0x2)/Sata(1,65535,0){auto_created_boot_option}
    Boot0003* AZLA	HD(3,GPT,0a3205d7-4837-4266-a26e-b170da637f3b,0x2000800,0x200000)/\EFI\AZLA\bootx64.efi
    Boot0099* netboot provision.iso	Uri(http://10.91.162.60:4000/provision.iso)
    
    
[TRACE DAEMON::osutils::dependencies] Executing 'efibootmgr --create-only --disk /dev/sda --label AZLB --loader /EFI/AZLB/bootx64.efi --part 3'
[TRACE DAEMON::osutils::dependencies] Executed 'efibootmgr --create-only --disk /dev/sda --label AZLB --loader /EFI/AZLB/bootx64.efi --part 3': exited with status: 0. Report:
    stdout:
    BootCurrent: 0003
    Timeout: 0 seconds
    BootOrder: 0003,0002,0000,0001
    Boot0000* BootManagerMenuApp	FvVol(7cb8bdc9-f8eb-4f34-aaea-3ee4af6516a1)/FvFile(eec25bdc-67f2-4d95-b1d5-f81b2039d11d)
    Boot0001* EFI Firmware Setup	FvVol(7cb8bdc9-f8eb-4f34-aaea-3ee4af6516a1)/FvFile(462caa21-7614-4503-836e-8ab6f4662331)
    Boot0002* UEFI QEMU HARDDISK QM00003 	PciRoot(0x0)/Pci(0x1f,0x2)/Sata(1,65535,0){auto_created_boot_option}
    Boot0003* AZLA	HD(3,GPT,0a3205d7-4837-4266-a26e-b170da637f3b,0x2000800,0x200000)/\EFI\AZLA\bootx64.efi
    Boot0099* netboot provision.iso	Uri(http://10.91.162.60:4000/provision.iso)
    Boot0004* AZLB	HD(3,GPT,0a3205d7-4837-4266-a26e-b170da637f3b,0x2000800,0x200000)/\EFI\AZLB\bootx64.efi
    
    
[TRACE DAEMON::osutils::dependencies] Executing 'efibootmgr'
[TRACE DAEMON::osutils::dependencies] Executed 'efibootmgr': exited with status: 0. Report:
    stdout:
    BootCurrent: 0003
    Timeout: 0 seconds
    BootOrder: 0003,0002,0000,0001
    Boot0000* BootManagerMenuApp	FvVol(7cb8bdc9-f8eb-4f34-aaea-3ee4af6516a1)/FvFile(eec25bdc-67f2-4d95-b1d5-f81b2039d11d)
    Boot0001* EFI Firmware Setup	FvVol(7cb8bdc9-f8eb-4f34-aaea-3ee4af6516a1)/FvFile(462caa21-7614-4503-836e-8ab6f4662331)
    Boot0002* UEFI QEMU HARDDISK QM00003 	PciRoot(0x0)/Pci(0x1f,0x2)/Sata(1,65535,0){auto_created_boot_option}
    Boot0003* AZLA	HD(3,GPT,0a3205d7-4837-4266-a26e-b170da637f3b,0x2000800,0x200000)/\EFI\AZLA\bootx64.efi
    Boot0004* AZLB	HD(3,GPT,0a3205d7-4837-4266-a26e-b170da637f3b,0x2000800,0x200000)/\EFI\AZLB\bootx64.efi
    Boot0099* netboot provision.iso	Uri(http://10.91.162.60:4000/provision.iso)
    
    
[DEBUG DAEMON::trident::engine::bootentries] Added boot entry '0004' with label 'AZLB'
[TRACE DAEMON::osutils::dependencies] Executing 'efibootmgr --bootnext 0004'
[TRACE DAEMON::osutils::dependencies] Executed 'efibootmgr --bootnext 0004': exited with status: 0. Report:
    stdout:
    BootNext: 0004
    BootCurrent: 0003
    Timeout: 0 seconds
    BootOrder: 0003,0002,0000,0001
    Boot0000* BootManagerMenuApp	FvVol(7cb8bdc9-f8eb-4f34-aaea-3ee4af6516a1)/FvFile(eec25bdc-67f2-4d95-b1d5-f81b2039d11d)
    Boot0001* EFI Firmware Setup	FvVol(7cb8bdc9-f8eb-4f34-aaea-3ee4af6516a1)/FvFile(462caa21-7614-4503-836e-8ab6f4662331)
    Boot0002* UEFI QEMU HARDDISK QM00003 	PciRoot(0x0)/Pci(0x1f,0x2)/Sata(1,65535,0){auto_created_boot_option}
    Boot0003* AZLA	HD(3,GPT,0a3205d7-4837-4266-a26e-b170da637f3b,0x2000800,0x200000)/\EFI\AZLA\bootx64.efi
    Boot0004* AZLB	HD(3,GPT,0a3205d7-4837-4266-a26e-b170da637f3b,0x2000800,0x200000)/\EFI\AZLB\bootx64.efi
    Boot0099* netboot provision.iso	Uri(http://10.91.162.60:4000/provision.iso)
    
    
[DEBUG DAEMON::trident::engine::bootentries] Set `BootNext` to newly added first entry '0004'
[TRACE DAEMON::trident::logging::tracestream] Entered span: "update_boot_order"
[DEBUG DAEMON::trident::engine::bootentries] Adding boot entry '0004' to the beginning of `BootOrder`
[TRACE DAEMON::trident::logging::tracestream] Entered span: "first_or_last_boot_order"
[TRACE DAEMON::osutils::dependencies] Executing 'efibootmgr'
[TRACE DAEMON::osutils::dependencies] Executed 'efibootmgr': exited with status: 0. Report:
    stdout:
    BootNext: 0004
    BootCurrent: 0003
    Timeout: 0 seconds
    BootOrder: 0003,0002,0000,0001
    Boot0000* BootManagerMenuApp	FvVol(7cb8bdc9-f8eb-4f34-aaea-3ee4af6516a1)/FvFile(eec25bdc-67f2-4d95-b1d5-f81b2039d11d)
    Boot0001* EFI Firmware Setup	FvVol(7cb8bdc9-f8eb-4f34-aaea-3ee4af6516a1)/FvFile(462caa21-7614-4503-836e-8ab6f4662331)
    Boot0002* UEFI QEMU HARDDISK QM00003 	PciRoot(0x0)/Pci(0x1f,0x2)/Sata(1,65535,0){auto_created_boot_option}
    Boot0003* AZLA	HD(3,GPT,0a3205d7-4837-4266-a26e-b170da637f3b,0x2000800,0x200000)/\EFI\AZLA\bootx64.efi
    Boot0004* AZLB	HD(3,GPT,0a3205d7-4837-4266-a26e-b170da637f3b,0x2000800,0x200000)/\EFI\AZLB\bootx64.efi
    Boot0099* netboot provision.iso	Uri(http://10.91.162.60:4000/provision.iso)
    
    
[TRACE DAEMON::trident::logging::tracestream] Entered span: "generate_new_boot_order"
[TRACE DAEMON::trident::logging::tracestream] Closed span: "generate_new_boot_order", execution_time: 0.00 seconds
[DEBUG DAEMON::trident::engine::bootentries] Modifying `BootOrder` to 0003,0002,0000,0001,0004
[TRACE DAEMON::osutils::dependencies] Executing 'efibootmgr --bootorder 0003,0002,0000,0001,0004'
[TRACE DAEMON::osutils::dependencies] Executed 'efibootmgr --bootorder 0003,0002,0000,0001,0004': exited with status: 0. Report:
    stdout:
    BootNext: 0004
    BootCurrent: 0003
    Timeout: 0 seconds
    BootOrder: 0003,0002,0000,0001,0004
    Boot0000* BootManagerMenuApp	FvVol(7cb8bdc9-f8eb-4f34-aaea-3ee4af6516a1)/FvFile(eec25bdc-67f2-4d95-b1d5-f81b2039d11d)
    Boot0001* EFI Firmware Setup	FvVol(7cb8bdc9-f8eb-4f34-aaea-3ee4af6516a1)/FvFile(462caa21-7614-4503-836e-8ab6f4662331)
    Boot0002* UEFI QEMU HARDDISK QM00003 	PciRoot(0x0)/Pci(0x1f,0x2)/Sata(1,65535,0){auto_created_boot_option}
    Boot0003* AZLA	HD(3,GPT,0a3205d7-4837-4266-a26e-b170da637f3b,0x2000800,0x200000)/\EFI\AZLA\bootx64.efi
    Boot0004* AZLB	HD(3,GPT,0a3205d7-4837-4266-a26e-b170da637f3b,0x2000800,0x200000)/\EFI\AZLB\bootx64.efi
    Boot0099* netboot provision.iso	Uri(http://10.91.162.60:4000/provision.iso)
    
    
[TRACE DAEMON::trident::logging::tracestream] Closed span: "first_or_last_boot_order", execution_time: 0.08 seconds
[TRACE DAEMON::trident::logging::tracestream] Closed span: "update_boot_order", execution_time: 0.08 seconds
[TRACE DAEMON::trident::logging::tracestream] Closed span: "set_boot_order_configuration", execution_time: 0.27 seconds
[TRACE DAEMON::trident::subsystems::esp] Finding UEFI fallback source dir name for servicing state AbUpdateStaged and UEFI fallback mode Conservative
[DEBUG DAEMON::trident::subsystems::esp] Configuring UEFI fallback for servicing state AbUpdateStaged using source ESP dir 'AZLA'
[DEBUG DAEMON::trident::subsystems::esp] Copying files during AbUpdate from '/boot/efi/EFI/AZLA' to '/boot/efi/EFI/BOOT'
[TRACE DAEMON::trident::subsystems::esp] Copying boot files from '/boot/efi/EFI/AZLA' to '/boot/efi/EFI/BOOT'
[TRACE DAEMON::trident::subsystems::esp] Copied file '/boot/efi/EFI/AZLA/grub.cfg' to '/boot/efi/EFI/BOOT/grub.cfg.new'
[TRACE DAEMON::trident::subsystems::esp] Copied file '/boot/efi/EFI/AZLA/bootx64.efi' to '/boot/efi/EFI/BOOT/bootx64.efi.new'
[TRACE DAEMON::trident::subsystems::esp] Copied file '/boot/efi/EFI/AZLA/grubx64.efi' to '/boot/efi/EFI/BOOT/grubx64.efi.new'
[TRACE DAEMON::trident::subsystems::esp] Renamed pre-existing file '/boot/efi/EFI/BOOT/bootx64.efi' to '/boot/efi/EFI/BOOT/bootx64.efi.old'
[TRACE DAEMON::trident::subsystems::esp] Renamed pre-existing file '/boot/efi/EFI/BOOT/grubx64.efi' to '/boot/efi/EFI/BOOT/grubx64.efi.old'
[TRACE DAEMON::trident::subsystems::esp] Renamed pre-existing file '/boot/efi/EFI/BOOT/grub.cfg' to '/boot/efi/EFI/BOOT/grub.cfg.old'
[TRACE DAEMON::trident::subsystems::esp] Renamed copied file '/boot/efi/EFI/BOOT/grub.cfg.new' to '/boot/efi/EFI/BOOT/grub.cfg'
[TRACE DAEMON::trident::subsystems::esp] Renamed copied file '/boot/efi/EFI/BOOT/bootx64.efi.new' to '/boot/efi/EFI/BOOT/bootx64.efi'
[TRACE DAEMON::trident::subsystems::esp] Renamed copied file '/boot/efi/EFI/BOOT/grubx64.efi.new' to '/boot/efi/EFI/BOOT/grubx64.efi'
[TRACE DAEMON::trident::subsystems::esp] Removed pre-existing file '/boot/efi/EFI/BOOT/grub.cfg.old'
[TRACE DAEMON::trident::subsystems::esp] Removed pre-existing file '/boot/efi/EFI/BOOT/bootx64.efi.old'
[TRACE DAEMON::trident::subsystems::esp] Removed pre-existing file '/boot/efi/EFI/BOOT/grubx64.efi.old'
[DEBUG DAEMON::trident::engine::ab_update] Updating host's servicing state to 'AbUpdateFinalized'
[DEBUG DAEMON::trident::engine] Persisting Trident background log from '/var/log/trident-full.log' to '/var/lib/trident/trident-AbUpdateFinalized-20260727T205802Z.log' 
[DEBUG DAEMON::trident::engine] Persisting Trident metrics from '/var/log/trident-metrics.jsonl' to '/var/lib/trident/trident-metrics-AbUpdateFinalized-20260727T205802Z.jsonl' 
[DEBUG DAEMON::trident::engine] Successfully persisted Trident background log from '/var/log/trident-full.log' to '/var/lib/trident/trident-AbUpdateFinalized-20260727T205802Z.log'
[DEBUG DAEMON::trident::engine] Successfully persisted Trident metrics from '/var/log/trident-metrics.jsonl' to '/var/lib/trident/trident-metrics-AbUpdateFinalized-20260727T205802Z.jsonl' 
[TRACE DAEMON::trident::logging::tracestream] Closed span: "finalize_update", execution_time: 0.35 seconds
[TRACE DAEMON::trident::logging::tracestream] Closed span: "update", execution_time: 38.25 seconds
[INFO  trident::grpc_client::tridentclient] Servicing completed successfully
[INFO  trident::grpc_client::tridentclient] A reboot has been started by Trident
[DEBUG trident::grpc_client::tridentclient] Requesting reboot
[DEBUG trident::logging::background_uploader] Waiting for background uploader to shut down
[DEBUG trident::logging::background_uploader] Background uploader loop has exited 
INFO[0143] Host rebooted successfully                   
INFO[0143] Waiting for SSH client to disconnect after Trident A/B update... 
WARN[0144] Failed to create SSH session, assuming connection is still alive (1/3): EOF 
WARN[0145] Failed to create SSH session, assuming connection is still alive (2/3): EOF 
INFO[0146] SSH client appears to be disconnected after 3 errors: EOF 
INFO[0146] SSH client disconnected, host is rebooting. Will attempt to reconnect... 
INFO[0146] Creating SSH client to test host at 192.168.242.2:22 
WARN[0151] Failed to create SSH client to '192.168.242.2:22' on attempt 1: failed to dial SSH server '192.168.242.2:22': dial tcp 192.168.242.2:22: i/o timeout 
WARN[0157] Failed to create SSH client to '192.168.242.2:22' on attempt 2: failed to dial SSH server '192.168.242.2:22': dial tcp 192.168.242.2:22: i/o timeout 
WARN[0160] Failed to create SSH client to '192.168.242.2:22' on attempt 3: failed to dial SSH server '192.168.242.2:22': dial tcp 192.168.242.2:22: connect: connection refused 
INFO[0161] Trident connected from 192.168.242.2:60902   
INFO[0161] Trident started (connection attempt 0)        host_status= state=started
DEBU[0161] [REMOTE trident::orchestrate] Reporting status to orchestrator at http://10.91.162.60:4000/phonehome, attempt connection for 60 seconds  file=crates/trident/src/orchestrate.rs line=37 module="trident::orchestrate"
DEBU[0161] [REMOTE trident::orchestrate] Connected to orchestrator  file=crates/trident/src/orchestrate.rs line=61 module="trident::orchestrate"
INFO[0161] [REMOTE trident] Running Trident version: 0.26.0-2026071402.v44567e0  file=crates/trident/src/lib.rs line=206 module=trident
DEBU[0161] [REMOTE trident] Trident is running in SELinux domain 'system_u:system_r:trident_t:s0 '  file=crates/trident/src/lib.rs line=217 module=trident
DEBU[0161] [REMOTE trident::datastore] Loading datastore from /var/lib/trident/datastore.sqlite  file=crates/trident/src/datastore.rs line=39 module="trident::datastore"
DEBU[0161] [REMOTE trident] Execute and record error with servicing state: AbUpdateFinalized and last error: None  file=crates/trident/src/lib.rs line=300 module=trident
INFO[0161] [REMOTE trident::engine::rollback] Validating whether host correctly booted from target OS image  file=crates/trident/src/engine/rollback.rs line=46 module="trident::engine::rollback"
DEBU[0161] [REMOTE trident::engine] Rebuilding storage graph for engine context  file=crates/trident/src/engine/mod.rs line=463 module="trident::engine"
DEBU[0161] [REMOTE osutils::block_devices] Not running inside a container. Using default root mount path '/'  file=crates/osutils/src/block_devices.rs line=179 module="osutils::block_devices"
INFO[0161] [REMOTE trident::engine::rollback] Current root device path: '/dev/sda2' ('/dev/disk/by-partuuid/bdce528b-7250-4434-99d6-7f310ecc269e')  file=crates/trident/src/engine/rollback.rs line=431 module="trident::engine::rollback"
INFO[0161] [REMOTE trident::engine::rollback] Expected root device path: '/dev/sda2' ('/dev/disk/by-partuuid/bdce528b-7250-4434-99d6-7f310ecc269e')  file=crates/trident/src/engine/rollback.rs line=505 module="trident::engine::rollback"
INFO[0161] [REMOTE trident::engine::rollback] Host booted from expected root device '/dev/sda2'  file=crates/trident/src/engine/rollback.rs line=564 module="trident::engine::rollback"
INFO[0161] [REMOTE trident::engine::rollback] Host successfully booted from target OS image  file=crates/trident/src/engine/rollback.rs line=113 module="trident::engine::rollback"
DEBU[0161] [REMOTE trident::engine::bootentries] Found boot entries with label 'AZLB': ["0004"]  file=crates/trident/src/engine/bootentries.rs line=204 module="trident::engine::bootentries"
DEBU[0161] [REMOTE trident::engine::bootentries] Adding boot entry '0004' to the beginning of `BootOrder`  file=crates/trident/src/engine/bootentries.rs line=623 module="trident::engine::bootentries"
DEBU[0161] [REMOTE trident::engine::bootentries] Modifying `BootOrder` to 0004,0003,0002,0000,0001  file=crates/trident/src/engine/bootentries.rs line=605 module="trident::engine::bootentries"
DEBU[0161] [REMOTE trident::subsystems::esp] Configuring UEFI fallback for servicing state AbUpdateFinalized using source ESP dir 'AZLA'  file=crates/trident/src/subsystems/esp.rs line=81 module="trident::subsystems::esp"
DEBU[0161] [REMOTE trident::subsystems::esp] Copying files during AbUpdate from '/boot/efi/EFI/AZLA' to '/boot/efi/EFI/BOOT'  file=crates/trident/src/subsystems/esp.rs line=458 module="trident::subsystems::esp"
INFO[0161] [REMOTE trident::engine::rollback] A/B update succeeded  file=crates/trident/src/engine/rollback.rs line=298 module="trident::engine::rollback"
DEBU[0161] [REMOTE trident::engine::rollback] Updating host's servicing state to 'Provisioned'  file=crates/trident/src/engine/rollback.rs line=315 module="trident::engine::rollback"
DEBU[0161] [REMOTE trident::orchestrate] Reporting provisioning succeeded  file=crates/trident/src/orchestrate.rs line=90 module="trident::orchestrate"
INFO[0161] Reported host Status:
spec:
  trident:
    disable: false
    phonehome: http://10.91.162.60:4000/phonehome
    logstream: http://10.91.162.60:4000/logstream
  storage:
    disks:
    - id: os
      device: /dev/disk/by-path/pci-0000:00:1f.2-ata-2
      partitionTableType: gpt
      partitions:
      - id: root-a
        type: root
        size: 8G
        uuid: null
        label: null
      - id: root-b
        type: root
        size: 8G
        uuid: null
        label: null
      - id: esp
        type: esp
        size: 1G
        uuid: null
        label: null
      - id: swap
        type: swap
        size: 2G
        uuid: null
        label: null
      - id: home
        type: home
        size: 1G
        uuid: null
        label: null
      - id: trident
        type: linux-generic
        size: 1G
        uuid: null
        label: null
    - id: disk2
      device: /dev/disk/by-path/pci-0000:00:1f.2-ata-3
      partitionTableType: gpt
      partitions: []
    abUpdate:
      volumePairs:
      - id: root
        volumeAId: root-a
        volumeBId: root-b
    filesystems:
    - deviceId: trident
      source: new
      type: ext4
      mountPoint:
        path: /var/lib/trident
        options: defaults
    - deviceId: home
      source: new
      type: ext4
      mountPoint:
        path: /home
        options: defaults
    - deviceId: esp
      mountPoint:
        path: /boot/efi
        options: umask=0077
    - deviceId: root
      mountPoint:
        path: /
        options: defaults
    swap:
    - deviceId: swap
  scripts:
    postConfigure:
    - name: testing-privilege
      runOn:
      - clean-install
      - ab-update
      content: echo 'testing-user ALL=(ALL:ALL) NOPASSWD:ALL' > /etc/sudoers.d/testing-user
  os:
    netplan:
      version: 2
      ethernets:
        vmeths:
          match:
            name: enp*
          dhcp4: true
    selinux:
      mode: enforcing
    users:
    - name: testing-user
      sshPublicKeys:
      - |
        ssh-rsa AAAAB3NzaC1yc2EAAAADAQABAAABAQC1FqpKgHFSbuv9FiZ/xpdPL5eD+xJLn6bvrIhG6ZpeOdS3/IP6BzZowYQpcXGPrP8qsUHh+sWGTpSyrY886asZjpGeY8jMp4x/Wfq28CY6V03fBpAsA8MvyRyrtKJUmpBHVZmx0m7S7L4uqzeI3DoggJ+/xfBYEtaXOmP+OeFpO4Pj529ZzP44zozjiO1/4X2T9hpyJccSvj/r7Pkyjykxj+AsgTsAXhyB3IpxoPc+RiZMZexneN0s1uAZyWQKcl1kEnWMjf4/NvApFhFU34QHC4ro8nNzjuEpk3dK+nHnDuSdUWv9LU2CUGfQpwGzykoh5fofb1DsCrok/beJPI73
      sshMode: key-only
    uefiFallback: conservative
  internalParams:
    selfUpgradeTrident: false
  image:
    url: http://10.91.162.60:4000/files/regular_v2.cosi
    sha384: 8a85abea244bfe376119f785f720a4a0da4167216722274e7458d51a79942deef31e1c9a8c865dcf2f371fea9bc2488e
servicingState: provisioned
partitionPaths:
  esp: /dev/disk/by-partuuid/0a3205d7-4837-4266-a26e-b170da637f3b
  home: /dev/disk/by-partuuid/2921e1f9-b033-496c-b5c3-f143154555ec
  root-a: /dev/disk/by-partuuid/d23517e6-f337-4477-86de-d612039b6b1a
  root-b: /dev/disk/by-partuuid/bdce528b-7250-4434-99d6-7f310ecc269e
  swap: /dev/disk/by-partuuid/54d1faac-95b7-465d-b389-06044368b776
  trident: /dev/disk/by-partuuid/7f806611-4852-462f-b04a-8481b1868d9b
abActiveVolume: volume-b
diskUuids:
  os: 03621ece-72ba-453c-b0d1-5cdcca70d3ea
  disk2: c9e10290-3c46-484b-b908-23b30fa053c0
installIndex: 0
tridentVersion: 0.26.0-2026071402.v44567e0 
INFO[0161] Trident successfully deployed target OS      
INFO[0161] Successfully created SSH client to '192.168.242.2:22' on attempt 4 
INFO[0161] Reacquired SSH connection to host after reboot. 
INFO[0161] Checking Trident service status (attempt 1)  
INFO[0162] Login prompt found in VM serial log          
INFO[0162] VM serial log monitor ended successfully     
DEBU[0162] Running command: sudo systemctl status trident.service --no-pager 
DEBU[0162] Trident service status:
○ trident.service - Trident Agent
     Loaded: loaded (/usr/lib/systemd/system/trident.service; enabled; preset: disabled)
    Drop-In: /usr/lib/systemd/system/service.d
             └─10-timeout-abort.conf
             /etc/systemd/system/trident.service.d
             └─override.conf
     Active: inactive (dead) since Mon 2026-07-27 20:58:19 UTC; 1s ago
    Process: 697 ExecStart=trident grpc-client commit (code=exited, status=0/SUCCESS)
   Main PID: 697 (code=exited, status=0/SUCCESS)
        CPU: 135ms

Jul 27 20:58:19 trident-testimg trident[697]: Closed span: "validate_boot", execution_time: 0.17 seconds
Jul 27 20:58:19 trident-testimg trident[697]: Reporting provisioning succeeded
Jul 27 20:58:19 trident-testimg trident[697]: starting new connection: http://10.91.162.60:4000/
Jul 27 20:58:19 trident-testimg trident[697]: starting new connection: http://10.91.162.60:4000/
Jul 27 20:58:19 trident-testimg trident[697]: Servicing completed successfully
Jul 27 20:58:19 trident-testimg trident[697]: No reboot is required to complete the operation
Jul 27 20:58:19 trident-testimg trident[697]: Waiting for background uploader to shut down
Jul 27 20:58:19 trident-testimg trident[697]: Background uploader loop has exited
Jul 27 20:58:19 trident-testimg systemd[1]: trident.service: Deactivated successfully.
Jul 27 20:58:19 trident-testimg systemd[1]: Finished trident.service - Trident Agent. 
INFO[0162] Trident service ran and exited successfully  ]]></system-out>
		</testcase>
		<testcase name="validate-ab-update-1" classname="" time="0.950914" status="PASS">
			<system-out><![CDATA[DEBU[0162] SSH client already exists, checking validity 
DEBU[0162] SSH client is still valid                    
DEBU[0162] Running command: sudo /usr/bin/trident get   
DEBU[0162] Executing command                             command="sudo blkid"
DEBU[0163] Executing command                             command="lsblk -J -b"
DEBU[0163] Executing command                             command=mount
DEBU[0163] Executing command                             command="cat /etc/passwd"
DEBU[0163] Executing command                             command="cat /etc/group"
DEBU[0163] Executing command                             command="sudo efibootmgr"]]></system-out>
		</testcase>
		<testcase name="ab-update-split-sync-hc" classname="" status="SKIP">
			<skipped message="Skipping split AB update test on ring &#39;pr-e2e&#39;" type="Skipped"></skipped>
		</testcase>
		<testcase name="ab-update-split-update-hc" classname="" status="SKIP">
			<skipped message="Skipping split AB update test on ring &#39;pr-e2e&#39;" type="Skipped"></skipped>
		</testcase>
		<testcase name="ab-update-split-upload-new-hc" classname="" status="SKIP">
			<skipped message="Skipping split AB update test on ring &#39;pr-e2e&#39;" type="Skipped"></skipped>
		</testcase>
		<testcase name="ab-update-split-ab-update" classname="" status="SKIP">
			<skipped message="Skipping split AB update test on ring &#39;pr-e2e&#39;" type="Skipped"></skipped>
		</testcase>
		<testcase name="validate-ab-update-split" classname="" time="0.965699" status="PASS">
			<system-out><![CDATA[DEBU[0163] SSH client already exists, checking validity 
DEBU[0163] SSH client is still valid                    
DEBU[0163] Running command: sudo /usr/bin/trident get   
DEBU[0163] Executing command                             command="sudo blkid"
DEBU[0164] Executing command                             command="lsblk -J -b"
DEBU[0164] Executing command                             command=mount
DEBU[0164] Executing command                             command="cat /etc/passwd"
DEBU[0164] Executing command                             command="cat /etc/group"
DEBU[0164] Executing command                             command="sudo efibootmgr"]]></system-out>
		</testcase>
	</testsuite>
</testsuites>
